******************************************************************************
                  TI ARM Linker PC v20.2.7                     
******************************************************************************
>> Linked Mon Mar 31 14:29:20 2025

OUTPUT FILE NAME:   <288.out>
ENTRY POINT SYMBOL: "_c_int00_noargs"  address: 00004899


MEMORY CONFIGURATION

         name            origin    length      used     unused   attr    fill
----------------------  --------  ---------  --------  --------  ----  --------
  FLASH                 00000000   00040000  00004c4c  0003b3b4  R  X
  SRAM                  20000000   00008000  00002337  00005cc9  RW X


SEGMENT ALLOCATION MAP

run origin  load origin   length   init length attrs members
----------  ----------- ---------- ----------- ----- -------
00000000    00000000    00004c50   00004c50    r-x
  00000000    00000000    0000026c   0000026c    r-- .intvecs
  0000026c    0000026c    00004870   00004870    r-x .text
  00004adc    00004adc    00000118   00000118    r-- .const
  00004bf8    00004bf8    00000058   00000058    r-- .cinit
20000000    20000000    0000233e   00000000    rw-
  20000000    20000000    0000026c   00000000    rw- .vtable
  20000270    20000270    00001000   00000000    rw- .stack
  20001270    20001270    00001000   00000000    rw- .sysmem
  20002270    20002270    00000089   00000000    rw- .bss
  200022fc    200022fc    00000042   00000000    rw- .data


SECTION ALLOCATION MAP

 output                                  attributes/
section   page    origin      length       input sections
--------  ----  ----------  ----------   ----------------
.intvecs   0    00000000    0000026c     
                  00000000    0000026c     tm4c123gh6pm_startup_ccs.obj (.intvecs)

.text      0    0000026c    00004870     
                  0000026c    00000c20     open_interface.obj (.text)
                  00000e8c    00000a4e     rtsv7M4_T_le_v4SPD16_eabi.lib : _printfi.c.obj (.text:__TI_printfi)
                  000018da    00000002                                   : _lock.c.obj (.text:_nop)
                  000018dc    000003c4                                   : e_log.c.obj (.text:log)
                  00001ca0    000003bc     servo.obj (.text)
                  0000205c    00000328     lcd.obj (.text)
                  00002384    00000270     rtsv7M4_T_le_v4SPD16_eabi.lib : _printfi.c.obj (.text:_pconv_a)
                  000025f4    00000260     libcybotScan.lib : cyBot_Scan.obj (.text)
                  00002854    0000024c     uart-interrupt.obj (.text)
                  00002aa0    00000248     Timer.obj (.text)
                  00002ce8    000001ec     libcybotScan.lib : ping.obj (.text)
                  00002ed4    000001d0     rtsv7M4_T_le_v4SPD16_eabi.lib : _printfi.c.obj (.text:_pconv_g)
                  000030a4    000001b6                                   : fd_add_t2.asm.obj (.text)
                  0000325a    00000002                                   : div0.asm.obj (.text)
                  0000325c    00000158     libcybotScan.lib : servo.obj (.text)
                  000033b4    0000013c     rtsv7M4_T_le_v4SPD16_eabi.lib : _printfi.c.obj (.text:_pconv_e)
                  000034f0    00000136                                   : fd_div_t2.asm.obj (.text)
                  00003626    00000002     --HOLE-- [fill = 0]
                  00003628    00000124                                   : _printfi.c.obj (.text:fcvt)
                  0000374c    00000118     adc.obj (.text)
                  00003864    00000118     libcybotScan.lib : ir.obj (.text)
                  0000397c    00000110     rtsv7M4_T_le_v4SPD16_eabi.lib : s_scalbn.c.obj (.text:scalbn)
                  00003a8c    00000100                                   : memory.c.obj (.text:aligned_alloc)
                  00003b8c    000000fc                                   : fd_mul_t2.asm.obj (.text)
                  00003c88    000000f4     main.obj (.text)
                  00003d7c    000000e4     rtsv7M4_T_le_v4SPD16_eabi.lib : memory.c.obj (.text:free)
                  00003e60    000000b1                                   : _printfi.c.obj (.text:_ltostr)
                  00003f11    00000001     --HOLE-- [fill = 0]
                  00003f12    0000009c                                   : memcpy_t2.asm.obj (.text)
                  00003fae    00000096                                   : ull_div_t2.asm.obj (.text)
                  00004044    00000090     button.obj (.text)
                  000040d4    00000086     rtsv7M4_T_le_v4SPD16_eabi.lib : fd_cmp_t2.asm.obj (.text:__aeabi_cdcmple)
                  0000415a    00000086                                   : fd_cmp_t2.asm.obj (.text:__aeabi_cdrcmple)
                  000041e0    00000084     ir.obj (.text)
                  00004264    0000007a     rtsv7M4_T_le_v4SPD16_eabi.lib : memset_t2.asm.obj (.text)
                  000042de    00000002     --HOLE-- [fill = 0]
                  000042e0    00000070                                   : memory.c.obj (.text:split)
                  00004350    0000006e                                   : _printfi.c.obj (.text:_mcpy)
                  000043be    0000006e                                   : fd_tos_t2.asm.obj (.text)
                  0000442c    00000068                                   : copy_decompress_lzss.c.obj (.text:decompress:lzss:__TI_decompress_lzss)
                  00004494    00000068     log.obj (.text)
                  000044fc    00000064     rtsv7M4_T_le_v4SPD16_eabi.lib : s_frexp.c.obj (.text:frexp)
                  00004560    00000056                                   : _printfi.c.obj (.text:_pconv_f)
                  000045b6    00000054                                   : _ltoa.c.obj (.text:__TI_ltoa)
                  0000460a    00000052                                   : _printfi.c.obj (.text:_ecpy)
                  0000465c    0000004c                                   : atoi.c.obj (.text:atoi)
                  000046a8    00000048                                   : fd_toi_t2.asm.obj (.text)
                  000046f0    00000044                                   : autoinit.c.obj (.text:__TI_auto_init_nobinit_nopinit:__TI_auto_init_nobinit_nopinit)
                  00004734    00000040                                   : sprintf.c.obj (.text:sprintf)
                  00004774    00000040                                   : vsnprintf.c.obj (.text:vsnprintf)
                  000047b4    0000003e                                   : _printfi.c.obj (.text:_fcpy)
                  000047f2    00000002     --HOLE-- [fill = 0]
                  000047f4    00000038                                   : memory.c.obj (.text:calloc)
                  0000482c    00000038                                   : fs_tod_t2.asm.obj (.text)
                  00004864    00000034     driverlib.lib : interrupt.obj (.text:IntRegister)
                  00004898    00000034     rtsv7M4_T_le_v4SPD16_eabi.lib : boot_cortex_m.c.obj (.text:_c_int00_noargs:_c_int00_noargs)
                  000048cc    00000030                                   : vsnprintf.c.obj (.text:_outs)
                  000048fc    0000002e                                   : i_tofd_t2.asm.obj (.text)
                  0000492a    00000002     --HOLE-- [fill = 0]
                  0000492c    00000028                                   : memory.c.obj (.text:free_list_insert)
                  00004954    0000001c                                   : copy_zero_init.c.obj (.text:decompress:ZI:__TI_zero_init_nomemset:__TI_zero_init_nomemset)
                  00004970    0000001c                                   : memory.c.obj (.text:free_list_remove)
                  0000498c    0000001c                                   : memccpy.c.obj (.text:memccpy)
                  000049a8    0000001a                                   : s_copysign.c.obj (.text:copysign)
                  000049c2    00000018                                   : vsnprintf.c.obj (.text:_outc)
                  000049da    00000018                                   : sprintf.c.obj (.text:_outs)
                  000049f2    00000018     open_interface.obj (.text:oi_parseInt)
                  00004a0a    00000018     rtsv7M4_T_le_v4SPD16_eabi.lib : strcmp.c.obj (.text:strcmp)
                  00004a22    00000016                                   : strchr.c.obj (.text:strchr)
                  00004a38    00000014                                   : strcpy.c.obj (.text:strcpy)
                  00004a4c    00000014                                   : strlen.c.obj (.text:strlen)
                  00004a60    00000012                                   : wcslen.c.obj (.text:wcslen)
                  00004a72    00000010     driverlib.lib : interrupt.obj (.text:IntMasterEnable)
                  00004a82    00000010     lcd.obj (.text:lcd_clear)
                  00004a92    0000000e     rtsv7M4_T_le_v4SPD16_eabi.lib : copy_decompress_none.c.obj (.text:decompress:none:__TI_decompress_none)
                  00004aa0    0000000c     driverlib.lib : cpu.obj (.text:CPUcpsie)
                  00004aac    0000000c     tm4c123gh6pm_startup_ccs.obj (.text)
                  00004ab8    0000000a     rtsv7M4_T_le_v4SPD16_eabi.lib : sprintf.c.obj (.text:_outc)
                  00004ac2    00000002     --HOLE-- [fill = 0]
                  00004ac4    00000008                                   : errno.c.obj (.text:__aeabi_errno_addr)
                  00004acc    00000008                                   : memory.c.obj (.text:malloc)
                  00004ad4    00000004                                   : pre_init.c.obj (.text:_system_pre_init)
                  00004ad8    00000004                                   : exit.c.obj (.text:abort:abort)

.const     0    00004adc    00000118     
                  00004adc    00000101     rtsv7M4_T_le_v4SPD16_eabi.lib : ctype.c.obj (.const:.string:_ctypes_)
                  00004bdd    0000000f     open_interface.obj (.const:.string:$P$T0$3)
                  00004bec    00000004     lcd.obj (.const:.string:lineAddress$1)
                  00004bf0    00000004     lcd.obj (.const:.string:lineAddresses$2)

.cinit     0    00004bf8    00000058     
                  00004bf8    0000001f     (.cinit..data.load) [load image, compression = lzss]
                  00004c17    00000001     --HOLE-- [fill = 0]
                  00004c18    0000000c     (__TI_handler_table)
                  00004c24    00000004     --HOLE-- [fill = 0]
                  00004c28    00000008     (.cinit..bss.load) [load image, compression = zero_init]
                  00004c30    00000008     (.cinit..vtable.load) [load image, compression = zero_init]
                  00004c38    00000018     (__TI_cinit_table)

.init_array 
*          0    00000000    00000000     UNINITIALIZED

.vtable    0    20000000    0000026c     UNINITIALIZED
                  20000000    0000026c     driverlib.lib : interrupt.obj (.vtable)

.stack     0    20000270    00001000     UNINITIALIZED
                  20000270    00000004     rtsv7M4_T_le_v4SPD16_eabi.lib : boot_cortex_m.c.obj (.stack)
                  20000274    00000ffc     --HOLE--

.sysmem    0    20001270    00001000     UNINITIALIZED
                  20001270    00000010     rtsv7M4_T_le_v4SPD16_eabi.lib : memory.c.obj (.sysmem)
                  20001280    00000ff0     --HOLE--

.bss       0    20002270    00000089     UNINITIALIZED
                  20002270    00000054     lcd.obj (.bss:lastbuffer$3)
                  200022c4    00000018     open_interface.obj (.bss:firmware$2)
                  200022dc    00000004     (.common:_timeout_ticks)
                  200022e0    00000004     (.common:fallingEdge)
                  200022e4    00000004     (.common:isr_int_value)
                  200022e8    00000004     (.common:left_calibration_value)
                  200022ec    00000004     (.common:pulseLength)
                  200022f0    00000004     (.common:right_calibration_value)
                  200022f4    00000004     (.common:risingEdge)
                  200022f8    00000001     (.common:isRisingEdge)

.data      0    200022fc    00000042     UNINITIALIZED
                  200022fc    00000020     open_interface.obj (.data)
                  2000231c    00000008     rtsv7M4_T_le_v4SPD16_eabi.lib : _lock.c.obj (.data:$O1$$)
                  20002324    00000008                                   : memory.c.obj (.data:$O1$$)
                  2000232c    00000008     uart-interrupt.obj (.data)
                  20002334    00000004     libcybotScan.lib : cyBot_Scan.obj (.data)
                  20002338    00000004     rtsv7M4_T_le_v4SPD16_eabi.lib : errno.c.obj (.data)
                  2000233c    00000001     Timer.obj (.data)
                  2000233d    00000001     button.obj (.data)

__llvm_prf_cnts 
*          0    20000000    00000000     UNINITIALIZED

MODULE SUMMARY

       Module                         code    ro data   rw data
       ------                         ----    -------   -------
    .\
       tm4c123gh6pm_startup_ccs.obj   12      620       0      
       main.obj                       244     0         8      
    +--+------------------------------+-------+---------+---------+
       Total:                         256     620       8      
                                                               
    .\lab\
       adc.obj                        280     0         0      
    +--+------------------------------+-------+---------+---------+
       Total:                         280     0         0      
                                                               
    .\lab\UART-interrupt\
       uart-interrupt.obj             588     0         8      
    +--+------------------------------+-------+---------+---------+
       Total:                         588     0         8      
                                                               
    .\lab\buttons\
       button.obj                     144     0         1      
    +--+------------------------------+-------+---------+---------+
       Total:                         144     0         1      
                                                               
    .\lab\lcd\
       lcd.obj                        824     8         84     
    +--+------------------------------+-------+---------+---------+
       Total:                         824     8         84     
                                                               
    .\lab\log\
       log.obj                        104     0         0      
    +--+------------------------------+-------+---------+---------+
       Total:                         104     0         0      
                                                               
    .\lab\oi\
       open_interface.obj             3128    15        56     
    +--+------------------------------+-------+---------+---------+
       Total:                         3128    15        56     
                                                               
    .\lab\servo\
       servo.obj                      956     0         0      
    +--+------------------------------+-------+---------+---------+
       Total:                         956     0         0      
                                                               
    .\lab\servo\ir\
       ir.obj                         132     0         0      
    +--+------------------------------+-------+---------+---------+
       Total:                         132     0         0      
                                                               
    .\lab\timer\
       Timer.obj                      584     0         5      
    +--+------------------------------+-------+---------+---------+
       Total:                         584     0         5      
                                                               
    ../libcybotScan.lib
       cyBot_Scan.obj                 608     0         4      
       ping.obj                       492     0         13     
       servo.obj                      344     0         0      
       ir.obj                         280     0         4      
    +--+------------------------------+-------+---------+---------+
       Total:                         1724    0         21     
                                                               
    C:/ti/TivaWare_C_Series-2.2.0.295/driverlib/ccs/Debug/driverlib.lib
       interrupt.obj                  68      0         620    
       cpu.obj                        12      0         0      
    +--+------------------------------+-------+---------+---------+
       Total:                         80      0         620    
                                                               
    C:\ti\ccs1271\ccs\tools\compiler\ti-cgt-arm_20.2.7.LTS\lib\rtsv7M4_T_le_v4SPD16_eabi.lib
       _printfi.c.obj                 4851    0         0      
       e_log.c.obj                    964     0         0      
       memory.c.obj                   728     0         8      
       fd_add_t2.asm.obj              438     0         0      
       fd_div_t2.asm.obj              310     0         0      
       s_scalbn.c.obj                 272     0         0      
       fd_cmp_t2.asm.obj              268     0         0      
       ctype.c.obj                    0       257       0      
       fd_mul_t2.asm.obj              252     0         0      
       memcpy_t2.asm.obj              156     0         0      
       ull_div_t2.asm.obj             150     0         0      
       vsnprintf.c.obj                136     0         0      
       memset_t2.asm.obj              122     0         0      
       fd_tos_t2.asm.obj              110     0         0      
       copy_decompress_lzss.c.obj     104     0         0      
       s_frexp.c.obj                  100     0         0      
       sprintf.c.obj                  98      0         0      
       _ltoa.c.obj                    84      0         0      
       atoi.c.obj                     76      0         0      
       fd_toi_t2.asm.obj              72      0         0      
       autoinit.c.obj                 68      0         0      
       fs_tod_t2.asm.obj              56      0         0      
       boot_cortex_m.c.obj            52      0         0      
       i_tofd_t2.asm.obj              46      0         0      
       copy_zero_init.c.obj           28      0         0      
       memccpy.c.obj                  28      0         0      
       s_copysign.c.obj               26      0         0      
       strcmp.c.obj                   24      0         0      
       strchr.c.obj                   22      0         0      
       strcpy.c.obj                   20      0         0      
       strlen.c.obj                   20      0         0      
       wcslen.c.obj                   18      0         0      
       copy_decompress_none.c.obj     14      0         0      
       errno.c.obj                    8       0         4      
       _lock.c.obj                    2       0         8      
       exit.c.obj                     4       0         0      
       pre_init.c.obj                 4       0         0      
       div0.asm.obj                   2       0         0      
    +--+------------------------------+-------+---------+---------+
       Total:                         9733    257       20     
                                                               
       Heap:                          0       0         4096   
       Stack:                         0       0         4096   
       Linker Generated:              0       83        0      
    +--+------------------------------+-------+---------+---------+
       Grand Total:                   18533   983       9015   


LINKER GENERATED COPY TABLES

__TI_cinit_table @ 00004c38 records: 3, size/record: 8, table size: 24
	.data: load addr=00004bf8, load size=0000001f bytes, run addr=200022fc, run size=00000042 bytes, compression=lzss
	.bss: load addr=00004c28, load size=00000008 bytes, run addr=20002270, run size=00000089 bytes, compression=zero_init
	.vtable: load addr=00004c30, load size=00000008 bytes, run addr=20000000, run size=0000026c bytes, compression=zero_init


LINKER GENERATED HANDLER TABLE

__TI_handler_table @ 00004c18 records: 3, size/record: 4, table size: 12
	index: 0, handler: __TI_zero_init
	index: 1, handler: __TI_decompress_lzss
	index: 2, handler: __TI_decompress_none


GLOBAL SYMBOLS: SORTED ALPHABETICALLY BY Name 

address   name                          
-------   ----                          
000038fd  ADC0SS0_Handler               
00004ad9  C$$EXIT                       
00004aa1  CPUcpsie                      
00000bc3  GPIOF_Handler                 
00004a73  IntMasterEnable               
00004865  IntRegister                   
00004aad  ResetISR                      
00002dd9  TIMER3B_Handler               
000029e9  UART1_Handler                 
20001270  __STACK_END                   
00001000  __STACK_SIZE                  
20000470  __STACK_TOP                   
00001000  __SYSMEM_SIZE                 
00004c38  __TI_CINIT_Base               
00004c50  __TI_CINIT_Limit              
00004c18  __TI_Handler_Table_Base       
00004c24  __TI_Handler_Table_Limit      
000046f1  __TI_auto_init_nobinit_nopinit
0000442d  __TI_decompress_lzss          
00004a93  __TI_decompress_none          
000045b7  __TI_ltoa                     
ffffffff  __TI_pprof_out_hndl           
00000e8d  __TI_printfi                  
ffffffff  __TI_prof_data_size           
ffffffff  __TI_prof_data_start          
00000000  __TI_static_base__            
00004955  __TI_zero_init_nomemset       
000040d5  __aeabi_cdcmpeq               
000040d5  __aeabi_cdcmple               
0000415b  __aeabi_cdrcmple              
000043bf  __aeabi_d2f                   
000046a9  __aeabi_d2iz                  
000030af  __aeabi_dadd                  
000034f1  __aeabi_ddiv                  
00003b8d  __aeabi_dmul                  
000030a5  __aeabi_dsub                  
00004ac5  __aeabi_errno_addr            
0000482d  __aeabi_f2d                   
000048fd  __aeabi_i2d                   
0000325b  __aeabi_idiv0                 
0000325b  __aeabi_ldiv0                 
00004265  __aeabi_memclr                
00004265  __aeabi_memclr4               
00004265  __aeabi_memclr8               
00003f13  __aeabi_memcpy                
00003f13  __aeabi_memcpy4               
00003f13  __aeabi_memcpy8               
00004267  __aeabi_memset                
00004267  __aeabi_memset4               
00004267  __aeabi_memset8               
00003faf  __aeabi_uldivmod              
ffffffff  __binit__                     
ffffffff  __c_args__                    
UNDEFED   __mpu_init                    
20000270  __stack                       
20000000  __start___llvm_prf_cnts       
20000000  __stop___llvm_prf_cnts        
00004899  _c_int00_noargs               
00004adc  _ctypes_                      
2000231c  _lock                         
000018db  _nop                          
2000233c  _running                      
20001270  _sys_memory                   
UNDEFED   _system_post_cinit            
00004ad5  _system_pre_init              
200022dc  _timeout_ticks                
20002320  _unlock                       
00004ad9  abort                         
0000374d  adc_init                      
000037f1  adc_read                      
00003a8d  aligned_alloc                 
0000465d  atoi                          
ffffffff  binit                         
00004079  button_getButton              
00004045  button_init                   
00001f95  calculateAngularWidth         
00004213  calculateDistance             
000047f5  calloc                        
2000232c  command_byte                  
20002330  command_flag                  
000049a9  copysign                      
000049a9  copysignl                     
000026cd  cyBOT_SERVO_cal               
0000265b  cyBOT_Scan                    
00002603  cyBOT_init_Scan               
20002334  cyBOT_scan_features           
000025f5  cyBOT_scan_version            
20002338  errno                         
200022e0  fallingEdge                   
00003d7d  free                          
000044fd  frexp                         
000044fd  frexpl                        
20000000  g_pfnRAMVectors               
00000000  g_pfnVectors                  
0000097f  go_charge                     
00003913  ir_enableInterrupt            
000038f5  ir_getDistance                
000038cd  ir_getValue                   
00003865  ir_init                       
200022f8  isRisingEdge                  
200022e4  isr_int_value                 
00004a83  lcd_clear                     
00002231  lcd_gotoLine                  
00002099  lcd_init                      
00002297  lcd_printf                    
00002159  lcd_putc                      
00002191  lcd_puts                      
0000205d  lcd_reverseNibble             
000021af  lcd_sendCommand               
000021ed  lcd_sendNibble                
00002259  lcd_setCursorPos              
0000397d  ldexp                         
0000397d  ldexpl                        
200022e8  left_calibration_value        
000018dd  log                           
000044d5  log_lcd                       
00004495  log_message                   
000044c7  log_putty                     
000044e3  loga                          
000018dd  logl                          
00003c89  main                          
00004acd  malloc                        
00003a8d  memalign                      
0000498d  memccpy                       
00003f13  memcpy                        
0000426d  memset                        
200022fc  motor_cal_factor_L            
20002300  motor_cal_factor_R            
000041e1  normalizeData                 
0000026d  oi_alloc                      
00000aa9  oi_checkFirmware              
000002c7  oi_close                      
00000279  oi_free                       
00000ded  oi_getMotorCalibrationLeft    
00000e01  oi_getMotorCalibrationRight   
000002b1  oi_init                       
00000289  oi_init_noupdate              
00000915  oi_loadSong                   
000049f3  oi_parseInt                   
0000032b  oi_parsePacket                
0000096b  oi_play_song                  
0000084b  oi_setLeds                    
00000db1  oi_setMotorCalibration        
0000088f  oi_setWheels                  
00000b51  oi_shutoff_init               
0000098d  oi_uartInit                   
00000a31  oi_uartReceive                
00000a77  oi_uartSendBuff               
00000a15  oi_uartSendChar               
00000a59  oi_uartSendStr                
000002d9  oi_update                     
00002e2b  ping_getDistance              
00002ce9  ping_init                     
00002d6f  ping_trigger                  
200022ec  pulseLength                   
200022f0  right_calibration_value       
200022f4  risingEdge                    
0000397d  scalbn                        
0000397d  scalbnl                       
00001ca1  scanBetween                   
0000325d  servo_init                    
000032ed  servo_move                    
0000334d  servo_setPWM                  
000032e1  servo_stop                    
00004735  sprintf                       
00004a23  strchr                        
00004a0b  strcmp                        
00004a39  strcpy                        
00004a4d  strlen                        
00002bbf  timer_getMicros               
00002b67  timer_getMillis               
00002aa1  timer_init                    
00002b43  timer_pause                   
00002b55  timer_resume                  
00002b19  timer_stop                    
00002c19  timer_waitMicros              
00002c4b  timer_waitMillis              
00002855  uart_interrupt_init           
00002973  uart_receive                  
00002999  uart_receive_nonblocking      
00002957  uart_sendChar                 
000029c3  uart_sendStr                  
00004775  vsnprintf                     
00004a61  wcslen                        


GLOBAL SYMBOLS: SORTED BY Symbol Address 

address   name                          
-------   ----                          
00000000  __TI_static_base__            
00000000  g_pfnVectors                  
0000026d  oi_alloc                      
00000279  oi_free                       
00000289  oi_init_noupdate              
000002b1  oi_init                       
000002c7  oi_close                      
000002d9  oi_update                     
0000032b  oi_parsePacket                
0000084b  oi_setLeds                    
0000088f  oi_setWheels                  
00000915  oi_loadSong                   
0000096b  oi_play_song                  
0000097f  go_charge                     
0000098d  oi_uartInit                   
00000a15  oi_uartSendChar               
00000a31  oi_uartReceive                
00000a59  oi_uartSendStr                
00000a77  oi_uartSendBuff               
00000aa9  oi_checkFirmware              
00000b51  oi_shutoff_init               
00000bc3  GPIOF_Handler                 
00000db1  oi_setMotorCalibration        
00000ded  oi_getMotorCalibrationLeft    
00000e01  oi_getMotorCalibrationRight   
00000e8d  __TI_printfi                  
00001000  __STACK_SIZE                  
00001000  __SYSMEM_SIZE                 
000018db  _nop                          
000018dd  log                           
000018dd  logl                          
00001ca1  scanBetween                   
00001f95  calculateAngularWidth         
0000205d  lcd_reverseNibble             
00002099  lcd_init                      
00002159  lcd_putc                      
00002191  lcd_puts                      
000021af  lcd_sendCommand               
000021ed  lcd_sendNibble                
00002231  lcd_gotoLine                  
00002259  lcd_setCursorPos              
00002297  lcd_printf                    
000025f5  cyBOT_scan_version            
00002603  cyBOT_init_Scan               
0000265b  cyBOT_Scan                    
000026cd  cyBOT_SERVO_cal               
00002855  uart_interrupt_init           
00002957  uart_sendChar                 
00002973  uart_receive                  
00002999  uart_receive_nonblocking      
000029c3  uart_sendStr                  
000029e9  UART1_Handler                 
00002aa1  timer_init                    
00002b19  timer_stop                    
00002b43  timer_pause                   
00002b55  timer_resume                  
00002b67  timer_getMillis               
00002bbf  timer_getMicros               
00002c19  timer_waitMicros              
00002c4b  timer_waitMillis              
00002ce9  ping_init                     
00002d6f  ping_trigger                  
00002dd9  TIMER3B_Handler               
00002e2b  ping_getDistance              
000030a5  __aeabi_dsub                  
000030af  __aeabi_dadd                  
0000325b  __aeabi_idiv0                 
0000325b  __aeabi_ldiv0                 
0000325d  servo_init                    
000032e1  servo_stop                    
000032ed  servo_move                    
0000334d  servo_setPWM                  
000034f1  __aeabi_ddiv                  
0000374d  adc_init                      
000037f1  adc_read                      
00003865  ir_init                       
000038cd  ir_getValue                   
000038f5  ir_getDistance                
000038fd  ADC0SS0_Handler               
00003913  ir_enableInterrupt            
0000397d  ldexp                         
0000397d  ldexpl                        
0000397d  scalbn                        
0000397d  scalbnl                       
00003a8d  aligned_alloc                 
00003a8d  memalign                      
00003b8d  __aeabi_dmul                  
00003c89  main                          
00003d7d  free                          
00003f13  __aeabi_memcpy                
00003f13  __aeabi_memcpy4               
00003f13  __aeabi_memcpy8               
00003f13  memcpy                        
00003faf  __aeabi_uldivmod              
00004045  button_init                   
00004079  button_getButton              
000040d5  __aeabi_cdcmpeq               
000040d5  __aeabi_cdcmple               
0000415b  __aeabi_cdrcmple              
000041e1  normalizeData                 
00004213  calculateDistance             
00004265  __aeabi_memclr                
00004265  __aeabi_memclr4               
00004265  __aeabi_memclr8               
00004267  __aeabi_memset                
00004267  __aeabi_memset4               
00004267  __aeabi_memset8               
0000426d  memset                        
000043bf  __aeabi_d2f                   
0000442d  __TI_decompress_lzss          
00004495  log_message                   
000044c7  log_putty                     
000044d5  log_lcd                       
000044e3  loga                          
000044fd  frexp                         
000044fd  frexpl                        
000045b7  __TI_ltoa                     
0000465d  atoi                          
000046a9  __aeabi_d2iz                  
000046f1  __TI_auto_init_nobinit_nopinit
00004735  sprintf                       
00004775  vsnprintf                     
000047f5  calloc                        
0000482d  __aeabi_f2d                   
00004865  IntRegister                   
00004899  _c_int00_noargs               
000048fd  __aeabi_i2d                   
00004955  __TI_zero_init_nomemset       
0000498d  memccpy                       
000049a9  copysign                      
000049a9  copysignl                     
000049f3  oi_parseInt                   
00004a0b  strcmp                        
00004a23  strchr                        
00004a39  strcpy                        
00004a4d  strlen                        
00004a61  wcslen                        
00004a73  IntMasterEnable               
00004a83  lcd_clear                     
00004a93  __TI_decompress_none          
00004aa1  CPUcpsie                      
00004aad  ResetISR                      
00004ac5  __aeabi_errno_addr            
00004acd  malloc                        
00004ad5  _system_pre_init              
00004ad9  C$$EXIT                       
00004ad9  abort                         
00004adc  _ctypes_                      
00004c18  __TI_Handler_Table_Base       
00004c24  __TI_Handler_Table_Limit      
00004c38  __TI_CINIT_Base               
00004c50  __TI_CINIT_Limit              
20000000  __start___llvm_prf_cnts       
20000000  __stop___llvm_prf_cnts        
20000000  g_pfnRAMVectors               
20000270  __stack                       
20000470  __STACK_TOP                   
20001270  __STACK_END                   
20001270  _sys_memory                   
200022dc  _timeout_ticks                
200022e0  fallingEdge                   
200022e4  isr_int_value                 
200022e8  left_calibration_value        
200022ec  pulseLength                   
200022f0  right_calibration_value       
200022f4  risingEdge                    
200022f8  isRisingEdge                  
200022fc  motor_cal_factor_L            
20002300  motor_cal_factor_R            
2000231c  _lock                         
20002320  _unlock                       
2000232c  command_byte                  
20002330  command_flag                  
20002334  cyBOT_scan_features           
20002338  errno                         
2000233c  _running                      
ffffffff  __TI_pprof_out_hndl           
ffffffff  __TI_prof_data_size           
ffffffff  __TI_prof_data_start          
ffffffff  __binit__                     
ffffffff  __c_args__                    
ffffffff  binit                         
UNDEFED   __mpu_init                    
UNDEFED   _system_post_cinit            

[184 symbols]
