******************************************************************************
                  TI ARM Linker PC v20.2.7                     
******************************************************************************
>> Linked Tue Apr 15 15:41:23 2025

OUTPUT FILE NAME:   <288_0.out>
ENTRY POINT SYMBOL: "_c_int00_noargs"  address: 00002c59


MEMORY CONFIGURATION

         name            origin    length      used     unused   attr    fill
----------------------  --------  ---------  --------  --------  ----  --------
  FLASH                 00000000   00040000  00002f6d  0003d093  R  X
  SRAM                  20000000   00008000  000022e4  00005d1c  RW X


SEGMENT ALLOCATION MAP

run origin  load origin   length   init length attrs members
----------  ----------- ---------- ----------- ----- -------
00000000    00000000    00002f70   00002f70    r-x
  00000000    00000000    0000026c   0000026c    r-- .intvecs
  0000026c    0000026c    00002ba8   00002ba8    r-x .text
  00002e14    00002e14    00000109   00000109    r-- .const
  00002f20    00002f20    00000050   00000050    r-- .cinit
20000000    20000000    000022e8   00000000    rw-
  20000000    20000000    0000026c   00000000    rw- .vtable
  20000270    20000270    00001000   00000000    rw- .stack
  20001270    20001270    00001000   00000000    rw- .sysmem
  20002270    20002270    00000058   00000000    rw- .bss
  200022c8    200022c8    00000020   00000000    rw- .data


SECTION ALLOCATION MAP

 output                                  attributes/
section   page    origin      length       input sections
--------  ----  ----------  ----------   ----------------
.intvecs   0    00000000    0000026c     
                  00000000    0000026c     tm4c123gh6pm_startup_ccs.obj (.intvecs)

.text      0    0000026c    00002ba8     
                  0000026c    00000a4e     rtsv7M4_T_le_v4SPD16_eabi.lib : _printfi.c.obj (.text:__TI_printfi)
                  00000cba    00000002                                   : div0.asm.obj (.text)
                  00000cbc    00000328     lcd.obj (.text)
                  00000fe4    000002f0     uart-interrupt.obj (.text)
                  000012d4    00000270     rtsv7M4_T_le_v4SPD16_eabi.lib : _printfi.c.obj (.text:_pconv_a)
                  00001544    00000248     Timer.obj (.text)
                  0000178c    000001d0     rtsv7M4_T_le_v4SPD16_eabi.lib : _printfi.c.obj (.text:_pconv_g)
                  0000195c    000001b6                                   : fd_add_t2.asm.obj (.text)
                  00001b12    00000002     --HOLE-- [fill = 0]
                  00001b14    000001ac     ping.obj (.text)
                  00001cc0    0000013c     rtsv7M4_T_le_v4SPD16_eabi.lib : _printfi.c.obj (.text:_pconv_e)
                  00001dfc    00000136                                   : fd_div_t2.asm.obj (.text)
                  00001f32    00000002     --HOLE-- [fill = 0]
                  00001f34    00000124                                   : _printfi.c.obj (.text:fcvt)
                  00002058    00000118     adc.obj (.text)
                  00002170    00000110     rtsv7M4_T_le_v4SPD16_eabi.lib : s_scalbn.c.obj (.text:scalbn)
                  00002280    000000fc                                   : fd_mul_t2.asm.obj (.text)
                  0000237c    000000b1                                   : _printfi.c.obj (.text:_ltostr)
                  0000242d    00000003     --HOLE-- [fill = 0]
                  00002430    000000ac     button.obj (.text)
                  000024dc    0000009c     rtsv7M4_T_le_v4SPD16_eabi.lib : memcpy_t2.asm.obj (.text)
                  00002578    00000098     main.obj (.text)
                  00002610    00000096     rtsv7M4_T_le_v4SPD16_eabi.lib : ull_div_t2.asm.obj (.text)
                  000026a6    00000086                                   : fd_cmp_t2.asm.obj (.text:__aeabi_cdcmple)
                  0000272c    00000086                                   : fd_cmp_t2.asm.obj (.text:__aeabi_cdrcmple)
                  000027b2    0000007a                                   : memset_t2.asm.obj (.text)
                  0000282c    0000006e                                   : _printfi.c.obj (.text:_mcpy)
                  0000289a    00000068                                   : copy_decompress_lzss.c.obj (.text:decompress:lzss:__TI_decompress_lzss)
                  00002902    00000002     --HOLE-- [fill = 0]
                  00002904    00000068     log.obj (.text)
                  0000296c    00000064     rtsv7M4_T_le_v4SPD16_eabi.lib : s_frexp.c.obj (.text:frexp)
                  000029d0    00000056                                   : _printfi.c.obj (.text:_pconv_f)
                  00002a26    00000054                                   : _ltoa.c.obj (.text:__TI_ltoa)
                  00002a7a    00000052                                   : _printfi.c.obj (.text:_ecpy)
                  00002acc    0000004c                                   : atoi.c.obj (.text:atoi)
                  00002b18    00000048                                   : fd_toi_t2.asm.obj (.text)
                  00002b60    00000044                                   : autoinit.c.obj (.text:__TI_auto_init_nobinit_nopinit:__TI_auto_init_nobinit_nopinit)
                  00002ba4    00000040                                   : vsnprintf.c.obj (.text:vsnprintf)
                  00002be4    0000003e                                   : _printfi.c.obj (.text:_fcpy)
                  00002c22    00000002     --HOLE-- [fill = 0]
                  00002c24    00000034     driverlib.lib : interrupt.obj (.text:IntRegister)
                  00002c58    00000034     rtsv7M4_T_le_v4SPD16_eabi.lib : boot_cortex_m.c.obj (.text:_c_int00_noargs:_c_int00_noargs)
                  00002c8c    00000030                                   : vsnprintf.c.obj (.text:_outs)
                  00002cbc    0000002e                                   : i_tofd_t2.asm.obj (.text)
                  00002cea    0000001c                                   : copy_zero_init.c.obj (.text:decompress:ZI:__TI_zero_init_nomemset:__TI_zero_init_nomemset)
                  00002d06    0000001c                                   : memccpy.c.obj (.text:memccpy)
                  00002d22    0000001a                                   : s_copysign.c.obj (.text:copysign)
                  00002d3c    00000018                                   : vsnprintf.c.obj (.text:_outc)
                  00002d54    00000018                                   : strcmp.c.obj (.text:strcmp)
                  00002d6c    00000016                                   : strchr.c.obj (.text:strchr)
                  00002d82    00000014                                   : strcpy.c.obj (.text:strcpy)
                  00002d96    00000014                                   : strlen.c.obj (.text:strlen)
                  00002daa    00000012                                   : wcslen.c.obj (.text:wcslen)
                  00002dbc    00000010     driverlib.lib : interrupt.obj (.text:IntMasterEnable)
                  00002dcc    00000010     lcd.obj (.text:lcd_clear)
                  00002ddc    0000000e     rtsv7M4_T_le_v4SPD16_eabi.lib : copy_decompress_none.c.obj (.text:decompress:none:__TI_decompress_none)
                  00002dea    0000000c     driverlib.lib : cpu.obj (.text:CPUcpsie)
                  00002df6    0000000c     tm4c123gh6pm_startup_ccs.obj (.text)
                  00002e02    00000002     --HOLE-- [fill = 0]
                  00002e04    00000008     rtsv7M4_T_le_v4SPD16_eabi.lib : errno.c.obj (.text:__aeabi_errno_addr)
                  00002e0c    00000004                                   : pre_init.c.obj (.text:_system_pre_init)
                  00002e10    00000004                                   : exit.c.obj (.text:abort:abort)

.const     0    00002e14    00000109     
                  00002e14    00000101     rtsv7M4_T_le_v4SPD16_eabi.lib : ctype.c.obj (.const:.string:_ctypes_)
                  00002f15    00000004     lcd.obj (.const:.string:lineAddress$1)
                  00002f19    00000004     lcd.obj (.const:.string:lineAddresses$2)

.cinit     0    00002f20    00000050     
                  00002f20    00000015     (.cinit..data.load) [load image, compression = lzss]
                  00002f35    00000003     --HOLE-- [fill = 0]
                  00002f38    0000000c     (__TI_handler_table)
                  00002f44    00000004     --HOLE-- [fill = 0]
                  00002f48    00000008     (.cinit..bss.load) [load image, compression = zero_init]
                  00002f50    00000008     (.cinit..vtable.load) [load image, compression = zero_init]
                  00002f58    00000018     (__TI_cinit_table)

.init_array 
*          0    00000000    00000000     UNINITIALIZED

.vtable    0    20000000    0000026c     UNINITIALIZED
                  20000000    0000026c     driverlib.lib : interrupt.obj (.vtable)

.stack     0    20000270    00001000     UNINITIALIZED
                  20000270    00000004     rtsv7M4_T_le_v4SPD16_eabi.lib : boot_cortex_m.c.obj (.stack)
                  20000274    00000ffc     --HOLE--

.sysmem    0    20001270    00001000     UNINITIALIZED
                  20001270    00000010     rtsv7M4_T_le_v4SPD16_eabi.lib : memory.c.obj (.sysmem)
                  20001280    00000ff0     --HOLE--

.bss       0    20002270    00000058     UNINITIALIZED
                  20002270    00000054     lcd.obj (.bss:lastbuffer$3)
                  200022c4    00000004     (.common:_timeout_ticks)

.data      0    200022c8    00000020     UNINITIALIZED
                  200022c8    00000010     uart-interrupt.obj (.data)
                  200022d8    00000009     ping.obj (.data)
                  200022e1    00000001     Timer.obj (.data)
                  200022e2    00000001     button.obj (.data)
                  200022e3    00000001     --HOLE--
                  200022e4    00000004     rtsv7M4_T_le_v4SPD16_eabi.lib : errno.c.obj (.data)

__llvm_prf_cnts 
*          0    20000000    00000000     UNINITIALIZED

MODULE SUMMARY

       Module                         code    ro data   rw data
       ------                         ----    -------   -------
    .\
       tm4c123gh6pm_startup_ccs.obj   12      620       0      
       ping.obj                       428     0         9      
       main.obj                       152     0         0      
    +--+------------------------------+-------+---------+---------+
       Total:                         592     620       9      
                                                               
    .\lab\
       adc.obj                        280     0         0      
    +--+------------------------------+-------+---------+---------+
       Total:                         280     0         0      
                                                               
    .\lab\UART-interrupt\
       uart-interrupt.obj             752     0         16     
    +--+------------------------------+-------+---------+---------+
       Total:                         752     0         16     
                                                               
    .\lab\buttons\
       button.obj                     172     0         1      
    +--+------------------------------+-------+---------+---------+
       Total:                         172     0         1      
                                                               
    .\lab\lcd\
       lcd.obj                        824     8         84     
    +--+------------------------------+-------+---------+---------+
       Total:                         824     8         84     
                                                               
    .\lab\log\
       log.obj                        104     0         0      
    +--+------------------------------+-------+---------+---------+
       Total:                         104     0         0      
                                                               
    .\lab\timer\
       Timer.obj                      584     0         5      
    +--+------------------------------+-------+---------+---------+
       Total:                         584     0         5      
                                                               
    C:/ti/TivaWare_C_Series-2.2.0.295/driverlib/ccs/Debug/driverlib.lib
       interrupt.obj                  68      0         620    
       cpu.obj                        12      0         0      
    +--+------------------------------+-------+---------+---------+
       Total:                         80      0         620    
                                                               
    C:\ti\ccs1271\ccs\tools\compiler\ti-cgt-arm_20.2.7.LTS\lib\rtsv7M4_T_le_v4SPD16_eabi.lib
       _printfi.c.obj                 4851    0         0      
       fd_add_t2.asm.obj              438     0         0      
       fd_div_t2.asm.obj              310     0         0      
       s_scalbn.c.obj                 272     0         0      
       fd_cmp_t2.asm.obj              268     0         0      
       ctype.c.obj                    0       257       0      
       fd_mul_t2.asm.obj              252     0         0      
       memcpy_t2.asm.obj              156     0         0      
       ull_div_t2.asm.obj             150     0         0      
       vsnprintf.c.obj                136     0         0      
       memset_t2.asm.obj              122     0         0      
       copy_decompress_lzss.c.obj     104     0         0      
       s_frexp.c.obj                  100     0         0      
       _ltoa.c.obj                    84      0         0      
       atoi.c.obj                     76      0         0      
       fd_toi_t2.asm.obj              72      0         0      
       autoinit.c.obj                 68      0         0      
       boot_cortex_m.c.obj            52      0         0      
       i_tofd_t2.asm.obj              46      0         0      
       copy_zero_init.c.obj           28      0         0      
       memccpy.c.obj                  28      0         0      
       s_copysign.c.obj               26      0         0      
       strcmp.c.obj                   24      0         0      
       strchr.c.obj                   22      0         0      
       strcpy.c.obj                   20      0         0      
       strlen.c.obj                   20      0         0      
       wcslen.c.obj                   18      0         0      
       copy_decompress_none.c.obj     14      0         0      
       errno.c.obj                    8       0         4      
       exit.c.obj                     4       0         0      
       pre_init.c.obj                 4       0         0      
       div0.asm.obj                   2       0         0      
    +--+------------------------------+-------+---------+---------+
       Total:                         7775    257       4      
                                                               
       Heap:                          0       0         4096   
       Stack:                         0       0         4096   
       Linker Generated:              0       73        0      
    +--+------------------------------+-------+---------+---------+
       Grand Total:                   11163   958       8931   


LINKER GENERATED COPY TABLES

__TI_cinit_table @ 00002f58 records: 3, size/record: 8, table size: 24
	.data: load addr=00002f20, load size=00000015 bytes, run addr=200022c8, run size=00000020 bytes, compression=lzss
	.bss: load addr=00002f48, load size=00000008 bytes, run addr=20002270, run size=00000058 bytes, compression=zero_init
	.vtable: load addr=00002f50, load size=00000008 bytes, run addr=20000000, run size=0000026c bytes, compression=zero_init


LINKER GENERATED HANDLER TABLE

__TI_handler_table @ 00002f38 records: 3, size/record: 4, table size: 12
	index: 0, handler: __TI_zero_init
	index: 1, handler: __TI_decompress_lzss
	index: 2, handler: __TI_decompress_none


GLOBAL SYMBOLS: SORTED ALPHABETICALLY BY Name 

address   name                          
-------   ----                          
00002e11  C$$EXIT                       
00002deb  CPUcpsie                      
00002dbd  IntMasterEnable               
00002c25  IntRegister                   
00002df7  ResetISR                      
00001c4b  TIMER3B_Handler               
00001179  UART1_Handler                 
20001270  __STACK_END                   
00001000  __STACK_SIZE                  
20000470  __STACK_TOP                   
00001000  __SYSMEM_SIZE                 
00002f58  __TI_CINIT_Base               
00002f70  __TI_CINIT_Limit              
00002f38  __TI_Handler_Table_Base       
00002f44  __TI_Handler_Table_Limit      
00002b61  __TI_auto_init_nobinit_nopinit
0000289b  __TI_decompress_lzss          
00002ddd  __TI_decompress_none          
00002a27  __TI_ltoa                     
ffffffff  __TI_pprof_out_hndl           
0000026d  __TI_printfi                  
ffffffff  __TI_prof_data_size           
ffffffff  __TI_prof_data_start          
00000000  __TI_static_base__            
00002ceb  __TI_zero_init_nomemset       
000026a7  __aeabi_cdcmpeq               
000026a7  __aeabi_cdcmple               
0000272d  __aeabi_cdrcmple              
00002b19  __aeabi_d2iz                  
00001967  __aeabi_dadd                  
00001dfd  __aeabi_ddiv                  
00002281  __aeabi_dmul                  
0000195d  __aeabi_dsub                  
00002e05  __aeabi_errno_addr            
00002cbd  __aeabi_i2d                   
00000cbb  __aeabi_idiv0                 
00000cbb  __aeabi_ldiv0                 
000027b3  __aeabi_memclr                
000027b3  __aeabi_memclr4               
000027b3  __aeabi_memclr8               
000024dd  __aeabi_memcpy                
000024dd  __aeabi_memcpy4               
000024dd  __aeabi_memcpy8               
000027b5  __aeabi_memset                
000027b5  __aeabi_memset4               
000027b5  __aeabi_memset8               
00002611  __aeabi_uldivmod              
ffffffff  __binit__                     
ffffffff  __c_args__                    
UNDEFED   __mpu_init                    
20000270  __stack                       
20000000  __start___llvm_prf_cnts       
20000000  __stop___llvm_prf_cnts        
00002c59  _c_int00_noargs               
00002e14  _ctypes_                      
200022e1  _running                      
20001270  _sys_memory                   
UNDEFED   _system_post_cinit            
00002e0d  _system_pre_init              
200022c4  _timeout_ticks                
00002e11  abort                         
00002059  adc_init                      
000020fd  adc_read                      
00002acd  atoi                          
200022cb  backward_command_byte         
ffffffff  binit                         
00002465  button_getButton              
00002431  button_init                   
200022c8  command_byte                  
200022d0  command_flag                  
00002d23  copysign                      
00002d23  copysignl                     
200022e4  errno                         
200022c9  forward_command_byte          
0000296d  frexp                         
0000296d  frexpl                        
200022dc  g_end_time                    
20000000  g_pfnRAMVectors               
00000000  g_pfnVectors                  
200022d8  g_start_time                  
200022e0  g_state                       
00002dcd  lcd_clear                     
00000e91  lcd_gotoLine                  
00000cf9  lcd_init                      
00000ef7  lcd_printf                    
00000db9  lcd_putc                      
00000df1  lcd_puts                      
00000cbd  lcd_reverseNibble             
00000e0f  lcd_sendCommand               
00000e4d  lcd_sendNibble                
00000eb9  lcd_setCursorPos              
00002171  ldexp                         
00002171  ldexpl                        
00002945  log_lcd                       
00002905  log_message                   
00002937  log_putty                     
00002953  loga                          
00002579  main                          
200022d4  manual_mode                   
200022ce  manual_mode_commmand_byte     
00002d07  memccpy                       
000024dd  memcpy                        
000027bb  memset                        
00001c57  ping_getDistance              
00001b15  ping_init                     
00001bd5  ping_trigger                  
200022ca  rotate_left_command_byte      
200022cc  rotate_right_command_byte     
00002171  scalbn                        
00002171  scalbnl                       
200022cf  scan_command_byte             
200022cd  stop_moving_command_byte      
00002d6d  strchr                        
00002d55  strcmp                        
00002d83  strcpy                        
00002d97  strlen                        
00001663  timer_getMicros               
0000160b  timer_getMillis               
00001545  timer_init                    
000015e7  timer_pause                   
000015f9  timer_resume                  
000015bd  timer_stop                    
000016bd  timer_waitMicros              
000016ef  timer_waitMillis              
00000fe5  uart_interrupt_init           
00001103  uart_receive                  
00001129  uart_receive_nonblocking      
000010e7  uart_sendChar                 
00001153  uart_sendStr                  
00002ba5  vsnprintf                     
000024a9  waitForButton                 
00002dab  wcslen                        


GLOBAL SYMBOLS: SORTED BY Symbol Address 

address   name                          
-------   ----                          
00000000  __TI_static_base__            
00000000  g_pfnVectors                  
0000026d  __TI_printfi                  
00000cbb  __aeabi_idiv0                 
00000cbb  __aeabi_ldiv0                 
00000cbd  lcd_reverseNibble             
00000cf9  lcd_init                      
00000db9  lcd_putc                      
00000df1  lcd_puts                      
00000e0f  lcd_sendCommand               
00000e4d  lcd_sendNibble                
00000e91  lcd_gotoLine                  
00000eb9  lcd_setCursorPos              
00000ef7  lcd_printf                    
00000fe5  uart_interrupt_init           
00001000  __STACK_SIZE                  
00001000  __SYSMEM_SIZE                 
000010e7  uart_sendChar                 
00001103  uart_receive                  
00001129  uart_receive_nonblocking      
00001153  uart_sendStr                  
00001179  UART1_Handler                 
00001545  timer_init                    
000015bd  timer_stop                    
000015e7  timer_pause                   
000015f9  timer_resume                  
0000160b  timer_getMillis               
00001663  timer_getMicros               
000016bd  timer_waitMicros              
000016ef  timer_waitMillis              
0000195d  __aeabi_dsub                  
00001967  __aeabi_dadd                  
00001b15  ping_init                     
00001bd5  ping_trigger                  
00001c4b  TIMER3B_Handler               
00001c57  ping_getDistance              
00001dfd  __aeabi_ddiv                  
00002059  adc_init                      
000020fd  adc_read                      
00002171  ldexp                         
00002171  ldexpl                        
00002171  scalbn                        
00002171  scalbnl                       
00002281  __aeabi_dmul                  
00002431  button_init                   
00002465  button_getButton              
000024a9  waitForButton                 
000024dd  __aeabi_memcpy                
000024dd  __aeabi_memcpy4               
000024dd  __aeabi_memcpy8               
000024dd  memcpy                        
00002579  main                          
00002611  __aeabi_uldivmod              
000026a7  __aeabi_cdcmpeq               
000026a7  __aeabi_cdcmple               
0000272d  __aeabi_cdrcmple              
000027b3  __aeabi_memclr                
000027b3  __aeabi_memclr4               
000027b3  __aeabi_memclr8               
000027b5  __aeabi_memset                
000027b5  __aeabi_memset4               
000027b5  __aeabi_memset8               
000027bb  memset                        
0000289b  __TI_decompress_lzss          
00002905  log_message                   
00002937  log_putty                     
00002945  log_lcd                       
00002953  loga                          
0000296d  frexp                         
0000296d  frexpl                        
00002a27  __TI_ltoa                     
00002acd  atoi                          
00002b19  __aeabi_d2iz                  
00002b61  __TI_auto_init_nobinit_nopinit
00002ba5  vsnprintf                     
00002c25  IntRegister                   
00002c59  _c_int00_noargs               
00002cbd  __aeabi_i2d                   
00002ceb  __TI_zero_init_nomemset       
00002d07  memccpy                       
00002d23  copysign                      
00002d23  copysignl                     
00002d55  strcmp                        
00002d6d  strchr                        
00002d83  strcpy                        
00002d97  strlen                        
00002dab  wcslen                        
00002dbd  IntMasterEnable               
00002dcd  lcd_clear                     
00002ddd  __TI_decompress_none          
00002deb  CPUcpsie                      
00002df7  ResetISR                      
00002e05  __aeabi_errno_addr            
00002e0d  _system_pre_init              
00002e11  C$$EXIT                       
00002e11  abort                         
00002e14  _ctypes_                      
00002f38  __TI_Handler_Table_Base       
00002f44  __TI_Handler_Table_Limit      
00002f58  __TI_CINIT_Base               
00002f70  __TI_CINIT_Limit              
20000000  __start___llvm_prf_cnts       
20000000  __stop___llvm_prf_cnts        
20000000  g_pfnRAMVectors               
20000270  __stack                       
20000470  __STACK_TOP                   
20001270  __STACK_END                   
20001270  _sys_memory                   
200022c4  _timeout_ticks                
200022c8  command_byte                  
200022c9  forward_command_byte          
200022ca  rotate_left_command_byte      
200022cb  backward_command_byte         
200022cc  rotate_right_command_byte     
200022cd  stop_moving_command_byte      
200022ce  manual_mode_commmand_byte     
200022cf  scan_command_byte             
200022d0  command_flag                  
200022d4  manual_mode                   
200022d8  g_start_time                  
200022dc  g_end_time                    
200022e0  g_state                       
200022e1  _running                      
200022e4  errno                         
ffffffff  __TI_pprof_out_hndl           
ffffffff  __TI_prof_data_size           
ffffffff  __TI_prof_data_start          
ffffffff  __binit__                     
ffffffff  __c_args__                    
ffffffff  binit                         
UNDEFED   __mpu_init                    
UNDEFED   _system_post_cinit            

[132 symbols]
