******************************************************************************
                  TI ARM Linker PC v20.2.7                     
******************************************************************************
>> Linked Thu Apr 17 14:10:15 2025

OUTPUT FILE NAME:   <288_0.out>
ENTRY POINT SYMBOL: "_c_int00_noargs"  address: 00002f51


MEMORY CONFIGURATION

         name            origin    length      used     unused   attr    fill
----------------------  --------  ---------  --------  --------  ----  --------
  FLASH                 00000000   00040000  00003285  0003cd7b  R  X
  SRAM                  20000000   00008000  000022e5  00005d1b  RW X


SEGMENT ALLOCATION MAP

run origin  load origin   length   init length attrs members
----------  ----------- ---------- ----------- ----- -------
00000000    00000000    00003288   00003288    r-x
  00000000    00000000    0000026c   0000026c    r-- .intvecs
  0000026c    0000026c    00002ec0   00002ec0    r-x .text
  0000312c    0000312c    00000109   00000109    r-- .const
  00003238    00003238    00000050   00000050    r-- .cinit
20000000    20000000    000022e9   00000000    rw-
  20000000    20000000    0000026c   00000000    rw- .vtable
  20000270    20000270    00001000   00000000    rw- .stack
  20001270    20001270    00001000   00000000    rw- .sysmem
  20002270    20002270    00000058   00000000    rw- .bss
  200022c8    200022c8    00000021   00000000    rw- .data


SECTION ALLOCATION MAP

 output                                  attributes/
section   page    origin      length       input sections
--------  ----  ----------  ----------   ----------------
.intvecs   0    00000000    0000026c     
                  00000000    0000026c     tm4c123gh6pm_startup_ccs.obj (.intvecs)

.text      0    0000026c    00002ec0     
                  0000026c    00000a4e     rtsv7M4_T_le_v4SPD16_eabi.lib : _printfi.c.obj (.text:__TI_printfi)
                  00000cba    00000002                                   : div0.asm.obj (.text)
                  00000cbc    00000328     lcd.obj (.text)
                  00000fe4    000002f0     uart-interrupt.obj (.text)
                  000012d4    00000270     rtsv7M4_T_le_v4SPD16_eabi.lib : _printfi.c.obj (.text:_pconv_a)
                  00001544    00000264     ping.obj (.text)
                  000017a8    00000248     Timer.obj (.text)
                  000019f0    000001d0     rtsv7M4_T_le_v4SPD16_eabi.lib : _printfi.c.obj (.text:_pconv_g)
                  00001bc0    000001c0     servo.obj (.text)
                  00001d80    000001b6     rtsv7M4_T_le_v4SPD16_eabi.lib : fd_add_t2.asm.obj (.text)
                  00001f36    00000002     --HOLE-- [fill = 0]
                  00001f38    0000013c                                   : _printfi.c.obj (.text:_pconv_e)
                  00002074    00000136                                   : fd_div_t2.asm.obj (.text)
                  000021aa    00000002     --HOLE-- [fill = 0]
                  000021ac    00000124                                   : _printfi.c.obj (.text:fcvt)
                  000022d0    00000118     adc.obj (.text)
                  000023e8    00000110     rtsv7M4_T_le_v4SPD16_eabi.lib : s_scalbn.c.obj (.text:scalbn)
                  000024f8    000000fc                                   : fd_mul_t2.asm.obj (.text)
                  000025f4    000000b1                                   : _printfi.c.obj (.text:_ltostr)
                  000026a5    00000003     --HOLE-- [fill = 0]
                  000026a8    000000ac     button.obj (.text)
                  00002754    000000ac     main.obj (.text)
                  00002800    0000009c     rtsv7M4_T_le_v4SPD16_eabi.lib : memcpy_t2.asm.obj (.text)
                  0000289c    00000096                                   : ull_div_t2.asm.obj (.text)
                  00002932    00000086                                   : fd_cmp_t2.asm.obj (.text:__aeabi_cdcmple)
                  000029b8    00000086                                   : fd_cmp_t2.asm.obj (.text:__aeabi_cdrcmple)
                  00002a3e    0000007a                                   : memset_t2.asm.obj (.text)
                  00002ab8    0000006e                                   : _printfi.c.obj (.text:_mcpy)
                  00002b26    0000006e                                   : fd_tos_t2.asm.obj (.text)
                  00002b94    00000068                                   : copy_decompress_lzss.c.obj (.text:decompress:lzss:__TI_decompress_lzss)
                  00002bfc    00000068     log.obj (.text)
                  00002c64    00000064     rtsv7M4_T_le_v4SPD16_eabi.lib : s_frexp.c.obj (.text:frexp)
                  00002cc8    00000056                                   : _printfi.c.obj (.text:_pconv_f)
                  00002d1e    00000054                                   : _ltoa.c.obj (.text:__TI_ltoa)
                  00002d72    00000052                                   : _printfi.c.obj (.text:_ecpy)
                  00002dc4    0000004c                                   : atoi.c.obj (.text:atoi)
                  00002e10    00000048                                   : fd_toi_t2.asm.obj (.text)
                  00002e58    00000044                                   : autoinit.c.obj (.text:__TI_auto_init_nobinit_nopinit:__TI_auto_init_nobinit_nopinit)
                  00002e9c    00000040                                   : vsnprintf.c.obj (.text:vsnprintf)
                  00002edc    0000003e                                   : _printfi.c.obj (.text:_fcpy)
                  00002f1a    00000002     --HOLE-- [fill = 0]
                  00002f1c    00000034     driverlib.lib : interrupt.obj (.text:IntRegister)
                  00002f50    00000034     rtsv7M4_T_le_v4SPD16_eabi.lib : boot_cortex_m.c.obj (.text:_c_int00_noargs:_c_int00_noargs)
                  00002f84    00000030                                   : vsnprintf.c.obj (.text:_outs)
                  00002fb4    0000002e                                   : i_tofd_t2.asm.obj (.text)
                  00002fe2    00000020                                   : u_tofd_t2.asm.obj (.text)
                  00003002    0000001c                                   : copy_zero_init.c.obj (.text:decompress:ZI:__TI_zero_init_nomemset:__TI_zero_init_nomemset)
                  0000301e    0000001c                                   : memccpy.c.obj (.text:memccpy)
                  0000303a    0000001a                                   : s_copysign.c.obj (.text:copysign)
                  00003054    00000018                                   : vsnprintf.c.obj (.text:_outc)
                  0000306c    00000018                                   : strcmp.c.obj (.text:strcmp)
                  00003084    00000016                                   : strchr.c.obj (.text:strchr)
                  0000309a    00000014                                   : strcpy.c.obj (.text:strcpy)
                  000030ae    00000014                                   : strlen.c.obj (.text:strlen)
                  000030c2    00000012                                   : wcslen.c.obj (.text:wcslen)
                  000030d4    00000010     driverlib.lib : interrupt.obj (.text:IntMasterEnable)
                  000030e4    00000010     lcd.obj (.text:lcd_clear)
                  000030f4    0000000e     rtsv7M4_T_le_v4SPD16_eabi.lib : copy_decompress_none.c.obj (.text:decompress:none:__TI_decompress_none)
                  00003102    0000000c     driverlib.lib : cpu.obj (.text:CPUcpsie)
                  0000310e    0000000c     tm4c123gh6pm_startup_ccs.obj (.text)
                  0000311a    00000002     --HOLE-- [fill = 0]
                  0000311c    00000008     rtsv7M4_T_le_v4SPD16_eabi.lib : errno.c.obj (.text:__aeabi_errno_addr)
                  00003124    00000004                                   : pre_init.c.obj (.text:_system_pre_init)
                  00003128    00000004                                   : exit.c.obj (.text:abort:abort)

.const     0    0000312c    00000109     
                  0000312c    00000101     rtsv7M4_T_le_v4SPD16_eabi.lib : ctype.c.obj (.const:.string:_ctypes_)
                  0000322d    00000004     lcd.obj (.const:.string:lineAddress$1)
                  00003231    00000004     lcd.obj (.const:.string:lineAddresses$2)

.cinit     0    00003238    00000050     
                  00003238    00000018     (.cinit..data.load) [load image, compression = lzss]
                  00003250    0000000c     (__TI_handler_table)
                  0000325c    00000004     --HOLE-- [fill = 0]
                  00003260    00000008     (.cinit..bss.load) [load image, compression = zero_init]
                  00003268    00000008     (.cinit..vtable.load) [load image, compression = zero_init]
                  00003270    00000018     (__TI_cinit_table)

.init_array 
*          0    00000000    00000000     UNINITIALIZED

.vtable    0    20000000    0000026c     UNINITIALIZED
                  20000000    0000026c     driverlib.lib : interrupt.obj (.vtable)

.stack     0    20000270    00001000     UNINITIALIZED
                  20000270    00000004     rtsv7M4_T_le_v4SPD16_eabi.lib : boot_cortex_m.c.obj (.stack)
                  20000274    00000ffc     --HOLE--

.sysmem    0    20001270    00001000     UNINITIALIZED
                  20001270    00000010     rtsv7M4_T_le_v4SPD16_eabi.lib : memory.c.obj (.sysmem)
                  20001280    00000ff0     --HOLE--

.bss       0    20002270    00000058     UNINITIALIZED
                  20002270    00000054     lcd.obj (.bss:lastbuffer$3)
                  200022c4    00000004     (.common:_timeout_ticks)

.data      0    200022c8    00000021     UNINITIALIZED
                  200022c8    00000010     uart-interrupt.obj (.data)
                  200022d8    00000009     ping.obj (.data)
                  200022e1    00000001     Timer.obj (.data)
                  200022e2    00000002     servo.obj (.data)
                  200022e4    00000004     rtsv7M4_T_le_v4SPD16_eabi.lib : errno.c.obj (.data)
                  200022e8    00000001     button.obj (.data)

__llvm_prf_cnts 
*          0    20000000    00000000     UNINITIALIZED

MODULE SUMMARY

       Module                         code    ro data   rw data
       ------                         ----    -------   -------
    .\
       tm4c123gh6pm_startup_ccs.obj   12      620       0      
       main.obj                       172     0         0      
    +--+------------------------------+-------+---------+---------+
       Total:                         184     620       0      
                                                               
    .\lab\
       adc.obj                        280     0         0      
    +--+------------------------------+-------+---------+---------+
       Total:                         280     0         0      
                                                               
    .\lab\UART-interrupt\
       uart-interrupt.obj             752     0         16     
    +--+------------------------------+-------+---------+---------+
       Total:                         752     0         16     
                                                               
    .\lab\buttons\
       button.obj                     172     0         1      
    +--+------------------------------+-------+---------+---------+
       Total:                         172     0         1      
                                                               
    .\lab\lcd\
       lcd.obj                        824     8         84     
    +--+------------------------------+-------+---------+---------+
       Total:                         824     8         84     
                                                               
    .\lab\log\
       log.obj                        104     0         0      
    +--+------------------------------+-------+---------+---------+
       Total:                         104     0         0      
                                                               
    .\lab\servo\
       servo.obj                      448     0         2      
    +--+------------------------------+-------+---------+---------+
       Total:                         448     0         2      
                                                               
    .\lab\servo\ping\
       ping.obj                       612     0         9      
    +--+------------------------------+-------+---------+---------+
       Total:                         612     0         9      
                                                               
    .\lab\timer\
       Timer.obj                      584     0         5      
    +--+------------------------------+-------+---------+---------+
       Total:                         584     0         5      
                                                               
    C:/ti/TivaWare_C_Series-2.2.0.295/driverlib/ccs/Debug/driverlib.lib
       interrupt.obj                  68      0         620    
       cpu.obj                        12      0         0      
    +--+------------------------------+-------+---------+---------+
       Total:                         80      0         620    
                                                               
    C:\ti\ccs1271\ccs\tools\compiler\ti-cgt-arm_20.2.7.LTS\lib\rtsv7M4_T_le_v4SPD16_eabi.lib
       _printfi.c.obj                 4851    0         0      
       fd_add_t2.asm.obj              438     0         0      
       fd_div_t2.asm.obj              310     0         0      
       s_scalbn.c.obj                 272     0         0      
       fd_cmp_t2.asm.obj              268     0         0      
       ctype.c.obj                    0       257       0      
       fd_mul_t2.asm.obj              252     0         0      
       memcpy_t2.asm.obj              156     0         0      
       ull_div_t2.asm.obj             150     0         0      
       vsnprintf.c.obj                136     0         0      
       memset_t2.asm.obj              122     0         0      
       fd_tos_t2.asm.obj              110     0         0      
       copy_decompress_lzss.c.obj     104     0         0      
       s_frexp.c.obj                  100     0         0      
       _ltoa.c.obj                    84      0         0      
       atoi.c.obj                     76      0         0      
       fd_toi_t2.asm.obj              72      0         0      
       autoinit.c.obj                 68      0         0      
       boot_cortex_m.c.obj            52      0         0      
       i_tofd_t2.asm.obj              46      0         0      
       u_tofd_t2.asm.obj              32      0         0      
       copy_zero_init.c.obj           28      0         0      
       memccpy.c.obj                  28      0         0      
       s_copysign.c.obj               26      0         0      
       strcmp.c.obj                   24      0         0      
       strchr.c.obj                   22      0         0      
       strcpy.c.obj                   20      0         0      
       strlen.c.obj                   20      0         0      
       wcslen.c.obj                   18      0         0      
       copy_decompress_none.c.obj     14      0         0      
       errno.c.obj                    8       0         4      
       exit.c.obj                     4       0         0      
       pre_init.c.obj                 4       0         0      
       div0.asm.obj                   2       0         0      
    +--+------------------------------+-------+---------+---------+
       Total:                         7917    257       4      
                                                               
       Heap:                          0       0         4096   
       Stack:                         0       0         4096   
       Linker Generated:              0       76        0      
    +--+------------------------------+-------+---------+---------+
       Grand Total:                   11957   961       8933   


LINKER GENERATED COPY TABLES

__TI_cinit_table @ 00003270 records: 3, size/record: 8, table size: 24
	.data: load addr=00003238, load size=00000018 bytes, run addr=200022c8, run size=00000021 bytes, compression=lzss
	.bss: load addr=00003260, load size=00000008 bytes, run addr=20002270, run size=00000058 bytes, compression=zero_init
	.vtable: load addr=00003268, load size=00000008 bytes, run addr=20000000, run size=0000026c bytes, compression=zero_init


LINKER GENERATED HANDLER TABLE

__TI_handler_table @ 00003250 records: 3, size/record: 4, table size: 12
	index: 0, handler: __TI_zero_init
	index: 1, handler: __TI_decompress_lzss
	index: 2, handler: __TI_decompress_none


GLOBAL SYMBOLS: SORTED ALPHABETICALLY BY Name 

address   name                          
-------   ----                          
00003129  C$$EXIT                       
00003103  CPUcpsie                      
000030d5  IntMasterEnable               
00002f1d  IntRegister                   
0000310f  ResetISR                      
00001663  TIMER3B_Handler               
00001179  UART1_Handler                 
20001270  __STACK_END                   
00001000  __STACK_SIZE                  
20000470  __STACK_TOP                   
00001000  __SYSMEM_SIZE                 
00003270  __TI_CINIT_Base               
00003288  __TI_CINIT_Limit              
00003250  __TI_Handler_Table_Base       
0000325c  __TI_Handler_Table_Limit      
00002e59  __TI_auto_init_nobinit_nopinit
00002b95  __TI_decompress_lzss          
000030f5  __TI_decompress_none          
00002d1f  __TI_ltoa                     
ffffffff  __TI_pprof_out_hndl           
0000026d  __TI_printfi                  
ffffffff  __TI_prof_data_size           
ffffffff  __TI_prof_data_start          
00000000  __TI_static_base__            
00003003  __TI_zero_init_nomemset       
00002933  __aeabi_cdcmpeq               
00002933  __aeabi_cdcmple               
000029b9  __aeabi_cdrcmple              
00002b27  __aeabi_d2f                   
00002e11  __aeabi_d2iz                  
00001d8b  __aeabi_dadd                  
00002075  __aeabi_ddiv                  
000024f9  __aeabi_dmul                  
00001d81  __aeabi_dsub                  
0000311d  __aeabi_errno_addr            
00002fb5  __aeabi_i2d                   
00000cbb  __aeabi_idiv0                 
00000cbb  __aeabi_ldiv0                 
00002a3f  __aeabi_memclr                
00002a3f  __aeabi_memclr4               
00002a3f  __aeabi_memclr8               
00002801  __aeabi_memcpy                
00002801  __aeabi_memcpy4               
00002801  __aeabi_memcpy8               
00002a41  __aeabi_memset                
00002a41  __aeabi_memset4               
00002a41  __aeabi_memset8               
00002fe3  __aeabi_ui2d                  
0000289d  __aeabi_uldivmod              
ffffffff  __binit__                     
ffffffff  __c_args__                    
UNDEFED   __mpu_init                    
20000270  __stack                       
20000000  __start___llvm_prf_cnts       
20000000  __stop___llvm_prf_cnts        
00002f51  _c_int00_noargs               
0000312c  _ctypes_                      
200022e1  _running                      
20001270  _sys_memory                   
UNDEFED   _system_post_cinit            
00003125  _system_pre_init              
200022c4  _timeout_ticks                
00003129  abort                         
000022d1  adc_init                      
00002375  adc_read                      
00002dc5  atoi                          
200022cb  backward_command_byte         
ffffffff  binit                         
000026dd  button_getButton              
000026a9  button_init                   
200022c8  command_byte                  
200022d0  command_flag                  
0000303b  copysign                      
0000303b  copysignl                     
200022e2  currentAngle                  
200022e4  errno                         
200022c9  forward_command_byte          
00002c65  frexp                         
00002c65  frexpl                        
200022dc  g_end_time                    
20000000  g_pfnRAMVectors               
00000000  g_pfnVectors                  
200022d8  g_start_time                  
200022e0  g_state                       
000030e5  lcd_clear                     
00000e91  lcd_gotoLine                  
00000cf9  lcd_init                      
00000ef7  lcd_printf                    
00000db9  lcd_putc                      
00000df1  lcd_puts                      
00000cbd  lcd_reverseNibble             
00000e0f  lcd_sendCommand               
00000e4d  lcd_sendNibble                
00000eb9  lcd_setCursorPos              
000023e9  ldexp                         
000023e9  ldexpl                        
00002c3d  log_lcd                       
00002bfd  log_message                   
00002c2f  log_putty                     
00002c4b  loga                          
00002755  main                          
200022d4  manual_mode                   
200022ce  manual_mode_commmand_byte     
0000301f  memccpy                       
00002801  memcpy                        
00002a47  memset                        
000016b9  ping_getDistance              
00001545  ping_init                     
000015dd  ping_trigger                  
200022ca  rotate_left_command_byte      
200022cc  rotate_right_command_byte     
000023e9  scalbn                        
000023e9  scalbnl                       
200022cf  scan_command_byte             
00001bc1  servo_init                    
00001c67  servo_move                    
200022cd  stop_moving_command_byte      
00003085  strchr                        
0000306d  strcmp                        
0000309b  strcpy                        
000030af  strlen                        
000018c7  timer_getMicros               
0000186f  timer_getMillis               
000017a9  timer_init                    
0000184b  timer_pause                   
0000185d  timer_resume                  
00001821  timer_stop                    
00001921  timer_waitMicros              
00001953  timer_waitMillis              
00000fe5  uart_interrupt_init           
00001103  uart_receive                  
00001129  uart_receive_nonblocking      
000010e7  uart_sendChar                 
00001153  uart_sendStr                  
00002e9d  vsnprintf                     
00002721  waitForButton                 
000030c3  wcslen                        


GLOBAL SYMBOLS: SORTED BY Symbol Address 

address   name                          
-------   ----                          
00000000  __TI_static_base__            
00000000  g_pfnVectors                  
0000026d  __TI_printfi                  
00000cbb  __aeabi_idiv0                 
00000cbb  __aeabi_ldiv0                 
00000cbd  lcd_reverseNibble             
00000cf9  lcd_init                      
00000db9  lcd_putc                      
00000df1  lcd_puts                      
00000e0f  lcd_sendCommand               
00000e4d  lcd_sendNibble                
00000e91  lcd_gotoLine                  
00000eb9  lcd_setCursorPos              
00000ef7  lcd_printf                    
00000fe5  uart_interrupt_init           
00001000  __STACK_SIZE                  
00001000  __SYSMEM_SIZE                 
000010e7  uart_sendChar                 
00001103  uart_receive                  
00001129  uart_receive_nonblocking      
00001153  uart_sendStr                  
00001179  UART1_Handler                 
00001545  ping_init                     
000015dd  ping_trigger                  
00001663  TIMER3B_Handler               
000016b9  ping_getDistance              
000017a9  timer_init                    
00001821  timer_stop                    
0000184b  timer_pause                   
0000185d  timer_resume                  
0000186f  timer_getMillis               
000018c7  timer_getMicros               
00001921  timer_waitMicros              
00001953  timer_waitMillis              
00001bc1  servo_init                    
00001c67  servo_move                    
00001d81  __aeabi_dsub                  
00001d8b  __aeabi_dadd                  
00002075  __aeabi_ddiv                  
000022d1  adc_init                      
00002375  adc_read                      
000023e9  ldexp                         
000023e9  ldexpl                        
000023e9  scalbn                        
000023e9  scalbnl                       
000024f9  __aeabi_dmul                  
000026a9  button_init                   
000026dd  button_getButton              
00002721  waitForButton                 
00002755  main                          
00002801  __aeabi_memcpy                
00002801  __aeabi_memcpy4               
00002801  __aeabi_memcpy8               
00002801  memcpy                        
0000289d  __aeabi_uldivmod              
00002933  __aeabi_cdcmpeq               
00002933  __aeabi_cdcmple               
000029b9  __aeabi_cdrcmple              
00002a3f  __aeabi_memclr                
00002a3f  __aeabi_memclr4               
00002a3f  __aeabi_memclr8               
00002a41  __aeabi_memset                
00002a41  __aeabi_memset4               
00002a41  __aeabi_memset8               
00002a47  memset                        
00002b27  __aeabi_d2f                   
00002b95  __TI_decompress_lzss          
00002bfd  log_message                   
00002c2f  log_putty                     
00002c3d  log_lcd                       
00002c4b  loga                          
00002c65  frexp                         
00002c65  frexpl                        
00002d1f  __TI_ltoa                     
00002dc5  atoi                          
00002e11  __aeabi_d2iz                  
00002e59  __TI_auto_init_nobinit_nopinit
00002e9d  vsnprintf                     
00002f1d  IntRegister                   
00002f51  _c_int00_noargs               
00002fb5  __aeabi_i2d                   
00002fe3  __aeabi_ui2d                  
00003003  __TI_zero_init_nomemset       
0000301f  memccpy                       
0000303b  copysign                      
0000303b  copysignl                     
0000306d  strcmp                        
00003085  strchr                        
0000309b  strcpy                        
000030af  strlen                        
000030c3  wcslen                        
000030d5  IntMasterEnable               
000030e5  lcd_clear                     
000030f5  __TI_decompress_none          
00003103  CPUcpsie                      
0000310f  ResetISR                      
0000311d  __aeabi_errno_addr            
00003125  _system_pre_init              
00003129  C$$EXIT                       
00003129  abort                         
0000312c  _ctypes_                      
00003250  __TI_Handler_Table_Base       
0000325c  __TI_Handler_Table_Limit      
00003270  __TI_CINIT_Base               
00003288  __TI_CINIT_Limit              
20000000  __start___llvm_prf_cnts       
20000000  __stop___llvm_prf_cnts        
20000000  g_pfnRAMVectors               
20000270  __stack                       
20000470  __STACK_TOP                   
20001270  __STACK_END                   
20001270  _sys_memory                   
200022c4  _timeout_ticks                
200022c8  command_byte                  
200022c9  forward_command_byte          
200022ca  rotate_left_command_byte      
200022cb  backward_command_byte         
200022cc  rotate_right_command_byte     
200022cd  stop_moving_command_byte      
200022ce  manual_mode_commmand_byte     
200022cf  scan_command_byte             
200022d0  command_flag                  
200022d4  manual_mode                   
200022d8  g_start_time                  
200022dc  g_end_time                    
200022e0  g_state                       
200022e1  _running                      
200022e2  currentAngle                  
200022e4  errno                         
ffffffff  __TI_pprof_out_hndl           
ffffffff  __TI_prof_data_size           
ffffffff  __TI_prof_data_start          
ffffffff  __binit__                     
ffffffff  __c_args__                    
ffffffff  binit                         
UNDEFED   __mpu_init                    
UNDEFED   _system_post_cinit            

[137 symbols]
