******************************************************************************
                  TI ARM Linker PC v20.2.7                     
******************************************************************************
>> Linked Tue Mar 11 20:09:56 2025

OUTPUT FILE NAME:   <288.out>
ENTRY POINT SYMBOL: "_c_int00_noargs"  address: 00003a45


MEMORY CONFIGURATION

         name            origin    length      used     unused   attr    fill
----------------------  --------  ---------  --------  --------  ----  --------
  FLASH                 00000000   00040000  00003dcc  0003c234  R  X
  SRAM                  20000000   00008000  00002311  00005cef  RW X


SEGMENT ALLOCATION MAP

run origin  load origin   length   init length attrs members
----------  ----------- ---------- ----------- ----- -------
00000000    00000000    00003dd0   00003dd0    r-x
  00000000    00000000    0000026c   0000026c    r-- .intvecs
  0000026c    0000026c    000039f8   000039f8    r-x .text
  00003c64    00003c64    00000118   00000118    r-- .const
  00003d80    00003d80    00000050   00000050    r-- .cinit
20000000    20000000    00002315   00000000    rw-
  20000000    20000000    0000026c   00000000    rw- .vtable
  20000270    20000270    00001000   00000000    rw- .stack
  20001270    20001270    00001000   00000000    rw- .sysmem
  20002270    20002270    00000070   00000000    rw- .bss
  200022e0    200022e0    00000035   00000000    rw- .data


SECTION ALLOCATION MAP

 output                                  attributes/
section   page    origin      length       input sections
--------  ----  ----------  ----------   ----------------
.intvecs   0    00000000    0000026c     
                  00000000    0000026c     tm4c123gh6pm_startup_ccs.obj (.intvecs)

.text      0    0000026c    000039f8     
                  0000026c    00000c20     open_interface.obj (.text)
                  00000e8c    00000a4e     rtsv7M4_T_le_v4SPD16_eabi.lib : _printfi.c.obj (.text:__TI_printfi)
                  000018da    00000002                                   : _lock.c.obj (.text:_nop)
                  000018dc    0000046c     movement.obj (.text)
                  00001d48    00000328     lcd.obj (.text)
                  00002070    00000270     rtsv7M4_T_le_v4SPD16_eabi.lib : _printfi.c.obj (.text:_pconv_a)
                  000022e0    00000248     Timer.obj (.text)
                  00002528    000001d0     rtsv7M4_T_le_v4SPD16_eabi.lib : _printfi.c.obj (.text:_pconv_g)
                  000026f8    000001b6                                   : fd_add_t2.asm.obj (.text)
                  000028ae    00000002                                   : div0.asm.obj (.text)
                  000028b0    0000013c                                   : _printfi.c.obj (.text:_pconv_e)
                  000029ec    00000136                                   : fd_div_t2.asm.obj (.text)
                  00002b22    00000002     --HOLE-- [fill = 0]
                  00002b24    00000124                                   : _printfi.c.obj (.text:fcvt)
                  00002c48    00000110                                   : s_scalbn.c.obj (.text:scalbn)
                  00002d58    00000100                                   : memory.c.obj (.text:aligned_alloc)
                  00002e58    000000fc                                   : fd_mul_t2.asm.obj (.text)
                  00002f54    000000e4                                   : memory.c.obj (.text:free)
                  00003038    000000e0     bump_handlers.obj (.text)
                  00003118    000000b1     rtsv7M4_T_le_v4SPD16_eabi.lib : _printfi.c.obj (.text:_ltostr)
                  000031c9    00000001     --HOLE-- [fill = 0]
                  000031ca    0000009c                                   : memcpy_t2.asm.obj (.text)
                  00003266    00000096                                   : ull_div_t2.asm.obj (.text)
                  000032fc    00000086                                   : fd_cmp_t2.asm.obj (.text:__aeabi_cdcmple)
                  00003382    00000086                                   : fd_cmp_t2.asm.obj (.text:__aeabi_cdrcmple)
                  00003408    0000007a                                   : memset_t2.asm.obj (.text)
                  00003482    00000002     --HOLE-- [fill = 0]
                  00003484    00000070                                   : memory.c.obj (.text:split)
                  000034f4    0000006e                                   : _printfi.c.obj (.text:_mcpy)
                  00003562    0000006e                                   : fd_tos_t2.asm.obj (.text)
                  000035d0    00000068                                   : copy_decompress_lzss.c.obj (.text:decompress:lzss:__TI_decompress_lzss)
                  00003638    00000064                                   : s_frexp.c.obj (.text:frexp)
                  0000369c    0000005c     main.obj (.text)
                  000036f8    00000056     rtsv7M4_T_le_v4SPD16_eabi.lib : _printfi.c.obj (.text:_pconv_f)
                  0000374e    00000054                                   : _ltoa.c.obj (.text:__TI_ltoa)
                  000037a2    00000052                                   : _printfi.c.obj (.text:_ecpy)
                  000037f4    00000052     log.obj (.text)
                  00003846    00000002     --HOLE-- [fill = 0]
                  00003848    0000004c     rtsv7M4_T_le_v4SPD16_eabi.lib : atoi.c.obj (.text:atoi)
                  00003894    00000048                                   : fd_toi_t2.asm.obj (.text)
                  000038dc    00000044                                   : autoinit.c.obj (.text:__TI_auto_init_nobinit_nopinit:__TI_auto_init_nobinit_nopinit)
                  00003920    00000040                                   : vsnprintf.c.obj (.text:vsnprintf)
                  00003960    0000003e                                   : _printfi.c.obj (.text:_fcpy)
                  0000399e    00000002     --HOLE-- [fill = 0]
                  000039a0    00000038                                   : memory.c.obj (.text:calloc)
                  000039d8    00000038                                   : fs_tod_t2.asm.obj (.text)
                  00003a10    00000034     driverlib.lib : interrupt.obj (.text:IntRegister)
                  00003a44    00000034     rtsv7M4_T_le_v4SPD16_eabi.lib : boot_cortex_m.c.obj (.text:_c_int00_noargs:_c_int00_noargs)
                  00003a78    00000030                                   : vsnprintf.c.obj (.text:_outs)
                  00003aa8    0000002e                                   : i_tofd_t2.asm.obj (.text)
                  00003ad6    00000002     --HOLE-- [fill = 0]
                  00003ad8    00000028                                   : memory.c.obj (.text:free_list_insert)
                  00003b00    0000001c                                   : copy_zero_init.c.obj (.text:decompress:ZI:__TI_zero_init_nomemset:__TI_zero_init_nomemset)
                  00003b1c    0000001c                                   : memory.c.obj (.text:free_list_remove)
                  00003b38    0000001c                                   : memccpy.c.obj (.text:memccpy)
                  00003b54    0000001a                                   : s_copysign.c.obj (.text:copysign)
                  00003b6e    00000018                                   : vsnprintf.c.obj (.text:_outc)
                  00003b86    00000018     open_interface.obj (.text:oi_parseInt)
                  00003b9e    00000018     rtsv7M4_T_le_v4SPD16_eabi.lib : strcmp.c.obj (.text:strcmp)
                  00003bb6    00000016                                   : strchr.c.obj (.text:strchr)
                  00003bcc    00000014                                   : strcpy.c.obj (.text:strcpy)
                  00003be0    00000014                                   : strlen.c.obj (.text:strlen)
                  00003bf4    00000012                                   : wcslen.c.obj (.text:wcslen)
                  00003c06    00000010     driverlib.lib : interrupt.obj (.text:IntMasterEnable)
                  00003c16    00000010     lcd.obj (.text:lcd_clear)
                  00003c26    0000000e     rtsv7M4_T_le_v4SPD16_eabi.lib : copy_decompress_none.c.obj (.text:decompress:none:__TI_decompress_none)
                  00003c34    0000000c     driverlib.lib : cpu.obj (.text:CPUcpsie)
                  00003c40    0000000c     tm4c123gh6pm_startup_ccs.obj (.text)
                  00003c4c    00000008     rtsv7M4_T_le_v4SPD16_eabi.lib : errno.c.obj (.text:__aeabi_errno_addr)
                  00003c54    00000008                                   : memory.c.obj (.text:malloc)
                  00003c5c    00000004                                   : pre_init.c.obj (.text:_system_pre_init)
                  00003c60    00000004                                   : exit.c.obj (.text:abort:abort)

.const     0    00003c64    00000118     
                  00003c64    00000101     rtsv7M4_T_le_v4SPD16_eabi.lib : ctype.c.obj (.const:.string:_ctypes_)
                  00003d65    0000000f     open_interface.obj (.const:.string:$P$T0$3)
                  00003d74    00000004     lcd.obj (.const:.string:lineAddress$1)
                  00003d78    00000004     lcd.obj (.const:.string:lineAddresses$2)

.cinit     0    00003d80    00000050     
                  00003d80    00000018     (.cinit..data.load) [load image, compression = lzss]
                  00003d98    0000000c     (__TI_handler_table)
                  00003da4    00000004     --HOLE-- [fill = 0]
                  00003da8    00000008     (.cinit..bss.load) [load image, compression = zero_init]
                  00003db0    00000008     (.cinit..vtable.load) [load image, compression = zero_init]
                  00003db8    00000018     (__TI_cinit_table)

.init_array 
*          0    00000000    00000000     UNINITIALIZED

.vtable    0    20000000    0000026c     UNINITIALIZED
                  20000000    0000026c     driverlib.lib : interrupt.obj (.vtable)

.stack     0    20000270    00001000     UNINITIALIZED
                  20000270    00000004     rtsv7M4_T_le_v4SPD16_eabi.lib : boot_cortex_m.c.obj (.stack)
                  20000274    00000ffc     --HOLE--

.sysmem    0    20001270    00001000     UNINITIALIZED
                  20001270    00000010     rtsv7M4_T_le_v4SPD16_eabi.lib : memory.c.obj (.sysmem)
                  20001280    00000ff0     --HOLE--

.bss       0    20002270    00000070     UNINITIALIZED
                  20002270    00000054     lcd.obj (.bss:lastbuffer$3)
                  200022c4    00000018     open_interface.obj (.bss:firmware$2)
                  200022dc    00000004     (.common:_timeout_ticks)

.data      0    200022e0    00000035     UNINITIALIZED
                  200022e0    00000020     open_interface.obj (.data)
                  20002300    00000008     rtsv7M4_T_le_v4SPD16_eabi.lib : _lock.c.obj (.data:$O1$$)
                  20002308    00000008                                   : memory.c.obj (.data:$O1$$)
                  20002310    00000004                                   : errno.c.obj (.data)
                  20002314    00000001     Timer.obj (.data)

__llvm_prf_cnts 
*          0    20000000    00000000     UNINITIALIZED

MODULE SUMMARY

       Module                         code    ro data   rw data
       ------                         ----    -------   -------
    .\
       tm4c123gh6pm_startup_ccs.obj   12      620       0      
       main.obj                       92      0         0      
    +--+------------------------------+-------+---------+---------+
       Total:                         104     620       0      
                                                               
    .\lab\lcd\
       lcd.obj                        824     8         84     
    +--+------------------------------+-------+---------+---------+
       Total:                         824     8         84     
                                                               
    .\lab\log\
       log.obj                        82      0         0      
    +--+------------------------------+-------+---------+---------+
       Total:                         82      0         0      
                                                               
    .\lab\movement\
       movement.obj                   1132    0         0      
    +--+------------------------------+-------+---------+---------+
       Total:                         1132    0         0      
                                                               
    .\lab\movement\bump\
       bump_handlers.obj              224     0         0      
    +--+------------------------------+-------+---------+---------+
       Total:                         224     0         0      
                                                               
    .\lab\oi\
       open_interface.obj             3128    15        56     
    +--+------------------------------+-------+---------+---------+
       Total:                         3128    15        56     
                                                               
    .\lab\timer\
       Timer.obj                      584     0         5      
    +--+------------------------------+-------+---------+---------+
       Total:                         584     0         5      
                                                               
    C:/ti/TivaWare_C_Series-2.2.0.295/driverlib/ccs/Debug/driverlib.lib
       interrupt.obj                  68      0         620    
       cpu.obj                        12      0         0      
    +--+------------------------------+-------+---------+---------+
       Total:                         80      0         620    
                                                               
    C:\ti\ccs1271\ccs\tools\compiler\ti-cgt-arm_20.2.7.LTS\lib\rtsv7M4_T_le_v4SPD16_eabi.lib
       _printfi.c.obj                 4851    0         0      
       memory.c.obj                   728     0         8      
       fd_add_t2.asm.obj              438     0         0      
       fd_div_t2.asm.obj              310     0         0      
       s_scalbn.c.obj                 272     0         0      
       fd_cmp_t2.asm.obj              268     0         0      
       ctype.c.obj                    0       257       0      
       fd_mul_t2.asm.obj              252     0         0      
       memcpy_t2.asm.obj              156     0         0      
       ull_div_t2.asm.obj             150     0         0      
       vsnprintf.c.obj                136     0         0      
       memset_t2.asm.obj              122     0         0      
       fd_tos_t2.asm.obj              110     0         0      
       copy_decompress_lzss.c.obj     104     0         0      
       s_frexp.c.obj                  100     0         0      
       _ltoa.c.obj                    84      0         0      
       atoi.c.obj                     76      0         0      
       fd_toi_t2.asm.obj              72      0         0      
       autoinit.c.obj                 68      0         0      
       fs_tod_t2.asm.obj              56      0         0      
       boot_cortex_m.c.obj            52      0         0      
       i_tofd_t2.asm.obj              46      0         0      
       copy_zero_init.c.obj           28      0         0      
       memccpy.c.obj                  28      0         0      
       s_copysign.c.obj               26      0         0      
       strcmp.c.obj                   24      0         0      
       strchr.c.obj                   22      0         0      
       strcpy.c.obj                   20      0         0      
       strlen.c.obj                   20      0         0      
       wcslen.c.obj                   18      0         0      
       copy_decompress_none.c.obj     14      0         0      
       errno.c.obj                    8       0         4      
       _lock.c.obj                    2       0         8      
       exit.c.obj                     4       0         0      
       pre_init.c.obj                 4       0         0      
       div0.asm.obj                   2       0         0      
    +--+------------------------------+-------+---------+---------+
       Total:                         8671    257       20     
                                                               
       Heap:                          0       0         4096   
       Stack:                         0       0         4096   
       Linker Generated:              0       76        0      
    +--+------------------------------+-------+---------+---------+
       Grand Total:                   14829   976       8977   


LINKER GENERATED COPY TABLES

__TI_cinit_table @ 00003db8 records: 3, size/record: 8, table size: 24
	.data: load addr=00003d80, load size=00000018 bytes, run addr=200022e0, run size=00000035 bytes, compression=lzss
	.bss: load addr=00003da8, load size=00000008 bytes, run addr=20002270, run size=00000070 bytes, compression=zero_init
	.vtable: load addr=00003db0, load size=00000008 bytes, run addr=20000000, run size=0000026c bytes, compression=zero_init


LINKER GENERATED HANDLER TABLE

__TI_handler_table @ 00003d98 records: 3, size/record: 4, table size: 12
	index: 0, handler: __TI_zero_init
	index: 1, handler: __TI_decompress_lzss
	index: 2, handler: __TI_decompress_none


GLOBAL SYMBOLS: SORTED ALPHABETICALLY BY Name 

address   name                          
-------   ----                          
00003c61  C$$EXIT                       
00003c35  CPUcpsie                      
00000bc3  GPIOF_Handler                 
00003c07  IntMasterEnable               
00003a11  IntRegister                   
00003c41  ResetISR                      
20001270  __STACK_END                   
00001000  __STACK_SIZE                  
20000470  __STACK_TOP                   
00001000  __SYSMEM_SIZE                 
00003db8  __TI_CINIT_Base               
00003dd0  __TI_CINIT_Limit              
00003d98  __TI_Handler_Table_Base       
00003da4  __TI_Handler_Table_Limit      
000038dd  __TI_auto_init_nobinit_nopinit
000035d1  __TI_decompress_lzss          
00003c27  __TI_decompress_none          
0000374f  __TI_ltoa                     
ffffffff  __TI_pprof_out_hndl           
00000e8d  __TI_printfi                  
ffffffff  __TI_prof_data_size           
ffffffff  __TI_prof_data_start          
00000000  __TI_static_base__            
00003b01  __TI_zero_init_nomemset       
000032fd  __aeabi_cdcmpeq               
000032fd  __aeabi_cdcmple               
00003383  __aeabi_cdrcmple              
00003563  __aeabi_d2f                   
00003895  __aeabi_d2iz                  
00002703  __aeabi_dadd                  
000029ed  __aeabi_ddiv                  
00002e59  __aeabi_dmul                  
000026f9  __aeabi_dsub                  
00003c4d  __aeabi_errno_addr            
000039d9  __aeabi_f2d                   
00003aa9  __aeabi_i2d                   
000028af  __aeabi_idiv0                 
000028af  __aeabi_ldiv0                 
00003409  __aeabi_memclr                
00003409  __aeabi_memclr4               
00003409  __aeabi_memclr8               
000031cb  __aeabi_memcpy                
000031cb  __aeabi_memcpy4               
000031cb  __aeabi_memcpy8               
0000340b  __aeabi_memset                
0000340b  __aeabi_memset4               
0000340b  __aeabi_memset8               
00003267  __aeabi_uldivmod              
ffffffff  __binit__                     
ffffffff  __c_args__                    
UNDEFED   __mpu_init                    
20000270  __stack                       
20000000  __start___llvm_prf_cnts       
20000000  __stop___llvm_prf_cnts        
00003a45  _c_int00_noargs               
00003c64  _ctypes_                      
20002300  _lock                         
000018db  _nop                          
20002314  _running                      
20001270  _sys_memory                   
UNDEFED   _system_post_cinit            
00003c5d  _system_pre_init              
200022dc  _timeout_ticks                
20002304  _unlock                       
00003c61  abort                         
00002d59  aligned_alloc                 
00003849  atoi                          
ffffffff  binit                         
00001c6d  bumpData                      
000039a1  calloc                        
00003b55  copysign                      
00003b55  copysignl                     
00003039  doNothing                     
0000194d  doubleIsBetween               
00001915  doubleMax                     
000018dd  doubleMin                     
20002310  errno                         
00002f55  free                          
00003639  frexp                         
00003639  frexpl                        
20000000  g_pfnRAMVectors               
00000000  g_pfnVectors                  
00001c25  getRealDegreeTarget           
0000097f  go_charge                     
00003047  handleBump                    
00001ca5  just_move                     
00001cd3  just_rotate                   
00003c17  lcd_clear                     
00001f1d  lcd_gotoLine                  
00001d85  lcd_init                      
00001f83  lcd_printf                    
00001e45  lcd_putc                      
00001e7d  lcd_puts                      
00001d49  lcd_reverseNibble             
00001e9b  lcd_sendCommand               
00001ed9  lcd_sendNibble                
00001f45  lcd_setCursorPos              
00002c49  ldexp                         
00002c49  ldexpl                        
00003827  log_lcd                       
000037f5  log_message                   
00003819  log_putty                     
00003835  loga                          
0000369d  main                          
00003c55  malloc                        
00002d59  memalign                      
00003b39  memccpy                       
000031cb  memcpy                        
00003411  memset                        
200022e0  motor_cal_factor_L            
200022e4  motor_cal_factor_R            
00001997  move                          
0000026d  oi_alloc                      
00000aa9  oi_checkFirmware              
000002c7  oi_close                      
00000279  oi_free                       
00000ded  oi_getMotorCalibrationLeft    
00000e01  oi_getMotorCalibrationRight   
000002b1  oi_init                       
00000289  oi_init_noupdate              
00000915  oi_loadSong                   
00003b87  oi_parseInt                   
0000032b  oi_parsePacket                
0000096b  oi_play_song                  
0000084b  oi_setLeds                    
00000db1  oi_setMotorCalibration        
0000088f  oi_setWheels                  
00000b51  oi_shutoff_init               
0000098d  oi_uartInit                   
00000a31  oi_uartReceive                
00000a77  oi_uartSendBuff               
00000a15  oi_uartSendChar               
00000a59  oi_uartSendStr                
000002d9  oi_update                     
00001ae3  rotate                        
00002c49  scalbn                        
00002c49  scalbnl                       
00003bb7  strchr                        
00003b9f  strcmp                        
00003bcd  strcpy                        
00003be1  strlen                        
000023ff  timer_getMicros               
000023a7  timer_getMillis               
000022e1  timer_init                    
00002383  timer_pause                   
00002395  timer_resume                  
00002359  timer_stop                    
00002459  timer_waitMicros              
0000248b  timer_waitMillis              
00003921  vsnprintf                     
00003bf5  wcslen                        


GLOBAL SYMBOLS: SORTED BY Symbol Address 

address   name                          
-------   ----                          
00000000  __TI_static_base__            
00000000  g_pfnVectors                  
0000026d  oi_alloc                      
00000279  oi_free                       
00000289  oi_init_noupdate              
000002b1  oi_init                       
000002c7  oi_close                      
000002d9  oi_update                     
0000032b  oi_parsePacket                
0000084b  oi_setLeds                    
0000088f  oi_setWheels                  
00000915  oi_loadSong                   
0000096b  oi_play_song                  
0000097f  go_charge                     
0000098d  oi_uartInit                   
00000a15  oi_uartSendChar               
00000a31  oi_uartReceive                
00000a59  oi_uartSendStr                
00000a77  oi_uartSendBuff               
00000aa9  oi_checkFirmware              
00000b51  oi_shutoff_init               
00000bc3  GPIOF_Handler                 
00000db1  oi_setMotorCalibration        
00000ded  oi_getMotorCalibrationLeft    
00000e01  oi_getMotorCalibrationRight   
00000e8d  __TI_printfi                  
00001000  __STACK_SIZE                  
00001000  __SYSMEM_SIZE                 
000018db  _nop                          
000018dd  doubleMin                     
00001915  doubleMax                     
0000194d  doubleIsBetween               
00001997  move                          
00001ae3  rotate                        
00001c25  getRealDegreeTarget           
00001c6d  bumpData                      
00001ca5  just_move                     
00001cd3  just_rotate                   
00001d49  lcd_reverseNibble             
00001d85  lcd_init                      
00001e45  lcd_putc                      
00001e7d  lcd_puts                      
00001e9b  lcd_sendCommand               
00001ed9  lcd_sendNibble                
00001f1d  lcd_gotoLine                  
00001f45  lcd_setCursorPos              
00001f83  lcd_printf                    
000022e1  timer_init                    
00002359  timer_stop                    
00002383  timer_pause                   
00002395  timer_resume                  
000023a7  timer_getMillis               
000023ff  timer_getMicros               
00002459  timer_waitMicros              
0000248b  timer_waitMillis              
000026f9  __aeabi_dsub                  
00002703  __aeabi_dadd                  
000028af  __aeabi_idiv0                 
000028af  __aeabi_ldiv0                 
000029ed  __aeabi_ddiv                  
00002c49  ldexp                         
00002c49  ldexpl                        
00002c49  scalbn                        
00002c49  scalbnl                       
00002d59  aligned_alloc                 
00002d59  memalign                      
00002e59  __aeabi_dmul                  
00002f55  free                          
00003039  doNothing                     
00003047  handleBump                    
000031cb  __aeabi_memcpy                
000031cb  __aeabi_memcpy4               
000031cb  __aeabi_memcpy8               
000031cb  memcpy                        
00003267  __aeabi_uldivmod              
000032fd  __aeabi_cdcmpeq               
000032fd  __aeabi_cdcmple               
00003383  __aeabi_cdrcmple              
00003409  __aeabi_memclr                
00003409  __aeabi_memclr4               
00003409  __aeabi_memclr8               
0000340b  __aeabi_memset                
0000340b  __aeabi_memset4               
0000340b  __aeabi_memset8               
00003411  memset                        
00003563  __aeabi_d2f                   
000035d1  __TI_decompress_lzss          
00003639  frexp                         
00003639  frexpl                        
0000369d  main                          
0000374f  __TI_ltoa                     
000037f5  log_message                   
00003819  log_putty                     
00003827  log_lcd                       
00003835  loga                          
00003849  atoi                          
00003895  __aeabi_d2iz                  
000038dd  __TI_auto_init_nobinit_nopinit
00003921  vsnprintf                     
000039a1  calloc                        
000039d9  __aeabi_f2d                   
00003a11  IntRegister                   
00003a45  _c_int00_noargs               
00003aa9  __aeabi_i2d                   
00003b01  __TI_zero_init_nomemset       
00003b39  memccpy                       
00003b55  copysign                      
00003b55  copysignl                     
00003b87  oi_parseInt                   
00003b9f  strcmp                        
00003bb7  strchr                        
00003bcd  strcpy                        
00003be1  strlen                        
00003bf5  wcslen                        
00003c07  IntMasterEnable               
00003c17  lcd_clear                     
00003c27  __TI_decompress_none          
00003c35  CPUcpsie                      
00003c41  ResetISR                      
00003c4d  __aeabi_errno_addr            
00003c55  malloc                        
00003c5d  _system_pre_init              
00003c61  C$$EXIT                       
00003c61  abort                         
00003c64  _ctypes_                      
00003d98  __TI_Handler_Table_Base       
00003da4  __TI_Handler_Table_Limit      
00003db8  __TI_CINIT_Base               
00003dd0  __TI_CINIT_Limit              
20000000  __start___llvm_prf_cnts       
20000000  __stop___llvm_prf_cnts        
20000000  g_pfnRAMVectors               
20000270  __stack                       
20000470  __STACK_TOP                   
20001270  __STACK_END                   
20001270  _sys_memory                   
200022dc  _timeout_ticks                
200022e0  motor_cal_factor_L            
200022e4  motor_cal_factor_R            
20002300  _lock                         
20002304  _unlock                       
20002310  errno                         
20002314  _running                      
ffffffff  __TI_pprof_out_hndl           
ffffffff  __TI_prof_data_size           
ffffffff  __TI_prof_data_start          
ffffffff  __binit__                     
ffffffff  __c_args__                    
ffffffff  binit                         
UNDEFED   __mpu_init                    
UNDEFED   _system_post_cinit            

[151 symbols]
