******************************************************************************
                  TI ARM Linker PC v20.2.7                     
******************************************************************************
>> Linked Tue Mar 11 20:58:32 2025

OUTPUT FILE NAME:   <288.out>
ENTRY POINT SYMBOL: "_c_int00_noargs"  address: 00003ce9


MEMORY CONFIGURATION

         name            origin    length      used     unused   attr    fill
----------------------  --------  ---------  --------  --------  ----  --------
  FLASH                 00000000   00040000  00004078  0003bf88  R  X
  SRAM                  20000000   00008000  00002319  00005ce7  RW X


SEGMENT ALLOCATION MAP

run origin  load origin   length   init length attrs members
----------  ----------- ---------- ----------- ----- -------
00000000    00000000    00004078   00004078    r-x
  00000000    00000000    0000026c   0000026c    r-- .intvecs
  0000026c    0000026c    00003c9c   00003c9c    r-x .text
  00003f08    00003f08    00000118   00000118    r-- .const
  00004020    00004020    00000058   00000058    r-- .cinit
20000000    20000000    0000231d   00000000    rw-
  20000000    20000000    0000026c   00000000    rw- .vtable
  20000270    20000270    00001000   00000000    rw- .stack
  20001270    20001270    00001000   00000000    rw- .sysmem
  20002270    20002270    00000070   00000000    rw- .bss
  200022e0    200022e0    0000003d   00000000    rw- .data


SECTION ALLOCATION MAP

 output                                  attributes/
section   page    origin      length       input sections
--------  ----  ----------  ----------   ----------------
.intvecs   0    00000000    0000026c     
                  00000000    0000026c     tm4c123gh6pm_startup_ccs.obj (.intvecs)

.text      0    0000026c    00003c9c     
                  0000026c    00000c20     open_interface.obj (.text)
                  00000e8c    00000a4e     rtsv7M4_T_le_v4SPD16_eabi.lib : _printfi.c.obj (.text:__TI_printfi)
                  000018da    00000002                                   : _lock.c.obj (.text:_nop)
                  000018dc    0000045c     movement.obj (.text)
                  00001d38    00000328     lcd.obj (.text)
                  00002060    00000270     rtsv7M4_T_le_v4SPD16_eabi.lib : _printfi.c.obj (.text:_pconv_a)
                  000022d0    0000024c     uart-interrupt.obj (.text)
                  0000251c    00000248     Timer.obj (.text)
                  00002764    000001d0     rtsv7M4_T_le_v4SPD16_eabi.lib : _printfi.c.obj (.text:_pconv_g)
                  00002934    000001b6                                   : fd_add_t2.asm.obj (.text)
                  00002aea    00000002                                   : div0.asm.obj (.text)
                  00002aec    0000013c                                   : _printfi.c.obj (.text:_pconv_e)
                  00002c28    00000136                                   : fd_div_t2.asm.obj (.text)
                  00002d5e    00000002     --HOLE-- [fill = 0]
                  00002d60    00000130     bump_handlers.obj (.text)
                  00002e90    00000124     rtsv7M4_T_le_v4SPD16_eabi.lib : _printfi.c.obj (.text:fcvt)
                  00002fb4    00000110                                   : s_scalbn.c.obj (.text:scalbn)
                  000030c4    00000100                                   : memory.c.obj (.text:aligned_alloc)
                  000031c4    000000fc                                   : fd_mul_t2.asm.obj (.text)
                  000032c0    000000e4                                   : memory.c.obj (.text:free)
                  000033a4    000000b1                                   : _printfi.c.obj (.text:_ltostr)
                  00003455    00000001     --HOLE-- [fill = 0]
                  00003456    0000009c                                   : memcpy_t2.asm.obj (.text)
                  000034f2    00000096                                   : ull_div_t2.asm.obj (.text)
                  00003588    00000086                                   : fd_cmp_t2.asm.obj (.text:__aeabi_cdcmple)
                  0000360e    00000086                                   : fd_cmp_t2.asm.obj (.text:__aeabi_cdrcmple)
                  00003694    0000007a                                   : memset_t2.asm.obj (.text)
                  0000370e    00000002     --HOLE-- [fill = 0]
                  00003710    00000070                                   : memory.c.obj (.text:split)
                  00003780    0000006e                                   : _printfi.c.obj (.text:_mcpy)
                  000037ee    0000006e                                   : fd_tos_t2.asm.obj (.text)
                  0000385c    00000068                                   : copy_decompress_lzss.c.obj (.text:decompress:lzss:__TI_decompress_lzss)
                  000038c4    00000068     log.obj (.text)
                  0000392c    00000064     rtsv7M4_T_le_v4SPD16_eabi.lib : s_frexp.c.obj (.text:frexp)
                  00003990    00000060     main.obj (.text)
                  000039f0    00000056     rtsv7M4_T_le_v4SPD16_eabi.lib : _printfi.c.obj (.text:_pconv_f)
                  00003a46    00000054                                   : _ltoa.c.obj (.text:__TI_ltoa)
                  00003a9a    00000052                                   : _printfi.c.obj (.text:_ecpy)
                  00003aec    0000004c                                   : atoi.c.obj (.text:atoi)
                  00003b38    00000048                                   : fd_toi_t2.asm.obj (.text)
                  00003b80    00000044                                   : autoinit.c.obj (.text:__TI_auto_init_nobinit_nopinit:__TI_auto_init_nobinit_nopinit)
                  00003bc4    00000040                                   : vsnprintf.c.obj (.text:vsnprintf)
                  00003c04    0000003e                                   : _printfi.c.obj (.text:_fcpy)
                  00003c42    00000002     --HOLE-- [fill = 0]
                  00003c44    00000038                                   : memory.c.obj (.text:calloc)
                  00003c7c    00000038                                   : fs_tod_t2.asm.obj (.text)
                  00003cb4    00000034     driverlib.lib : interrupt.obj (.text:IntRegister)
                  00003ce8    00000034     rtsv7M4_T_le_v4SPD16_eabi.lib : boot_cortex_m.c.obj (.text:_c_int00_noargs:_c_int00_noargs)
                  00003d1c    00000030                                   : vsnprintf.c.obj (.text:_outs)
                  00003d4c    0000002e                                   : i_tofd_t2.asm.obj (.text)
                  00003d7a    00000002     --HOLE-- [fill = 0]
                  00003d7c    00000028                                   : memory.c.obj (.text:free_list_insert)
                  00003da4    0000001c                                   : copy_zero_init.c.obj (.text:decompress:ZI:__TI_zero_init_nomemset:__TI_zero_init_nomemset)
                  00003dc0    0000001c                                   : memory.c.obj (.text:free_list_remove)
                  00003ddc    0000001c                                   : memccpy.c.obj (.text:memccpy)
                  00003df8    0000001a                                   : s_copysign.c.obj (.text:copysign)
                  00003e12    00000018                                   : vsnprintf.c.obj (.text:_outc)
                  00003e2a    00000018     open_interface.obj (.text:oi_parseInt)
                  00003e42    00000018     rtsv7M4_T_le_v4SPD16_eabi.lib : strcmp.c.obj (.text:strcmp)
                  00003e5a    00000016                                   : strchr.c.obj (.text:strchr)
                  00003e70    00000014                                   : strcpy.c.obj (.text:strcpy)
                  00003e84    00000014                                   : strlen.c.obj (.text:strlen)
                  00003e98    00000012                                   : wcslen.c.obj (.text:wcslen)
                  00003eaa    00000010     driverlib.lib : interrupt.obj (.text:IntMasterEnable)
                  00003eba    00000010     lcd.obj (.text:lcd_clear)
                  00003eca    0000000e     rtsv7M4_T_le_v4SPD16_eabi.lib : copy_decompress_none.c.obj (.text:decompress:none:__TI_decompress_none)
                  00003ed8    0000000c     driverlib.lib : cpu.obj (.text:CPUcpsie)
                  00003ee4    0000000c     tm4c123gh6pm_startup_ccs.obj (.text)
                  00003ef0    00000008     rtsv7M4_T_le_v4SPD16_eabi.lib : errno.c.obj (.text:__aeabi_errno_addr)
                  00003ef8    00000008                                   : memory.c.obj (.text:malloc)
                  00003f00    00000004                                   : pre_init.c.obj (.text:_system_pre_init)
                  00003f04    00000004                                   : exit.c.obj (.text:abort:abort)

.const     0    00003f08    00000118     
                  00003f08    00000101     rtsv7M4_T_le_v4SPD16_eabi.lib : ctype.c.obj (.const:.string:_ctypes_)
                  00004009    0000000f     open_interface.obj (.const:.string:$P$T0$3)
                  00004018    00000004     lcd.obj (.const:.string:lineAddress$1)
                  0000401c    00000004     lcd.obj (.const:.string:lineAddresses$2)

.cinit     0    00004020    00000058     
                  00004020    0000001f     (.cinit..data.load) [load image, compression = lzss]
                  0000403f    00000001     --HOLE-- [fill = 0]
                  00004040    0000000c     (__TI_handler_table)
                  0000404c    00000004     --HOLE-- [fill = 0]
                  00004050    00000008     (.cinit..bss.load) [load image, compression = zero_init]
                  00004058    00000008     (.cinit..vtable.load) [load image, compression = zero_init]
                  00004060    00000018     (__TI_cinit_table)

.init_array 
*          0    00000000    00000000     UNINITIALIZED

.vtable    0    20000000    0000026c     UNINITIALIZED
                  20000000    0000026c     driverlib.lib : interrupt.obj (.vtable)

.stack     0    20000270    00001000     UNINITIALIZED
                  20000270    00000004     rtsv7M4_T_le_v4SPD16_eabi.lib : boot_cortex_m.c.obj (.stack)
                  20000274    00000ffc     --HOLE--

.sysmem    0    20001270    00001000     UNINITIALIZED
                  20001270    00000010     rtsv7M4_T_le_v4SPD16_eabi.lib : memory.c.obj (.sysmem)
                  20001280    00000ff0     --HOLE--

.bss       0    20002270    00000070     UNINITIALIZED
                  20002270    00000054     lcd.obj (.bss:lastbuffer$3)
                  200022c4    00000018     open_interface.obj (.bss:firmware$2)
                  200022dc    00000004     (.common:_timeout_ticks)

.data      0    200022e0    0000003d     UNINITIALIZED
                  200022e0    00000020     open_interface.obj (.data)
                  20002300    00000008     rtsv7M4_T_le_v4SPD16_eabi.lib : _lock.c.obj (.data:$O1$$)
                  20002308    00000008                                   : memory.c.obj (.data:$O1$$)
                  20002310    00000008     uart-interrupt.obj (.data)
                  20002318    00000004     rtsv7M4_T_le_v4SPD16_eabi.lib : errno.c.obj (.data)
                  2000231c    00000001     Timer.obj (.data)

__llvm_prf_cnts 
*          0    20000000    00000000     UNINITIALIZED

MODULE SUMMARY

       Module                         code    ro data   rw data
       ------                         ----    -------   -------
    .\
       tm4c123gh6pm_startup_ccs.obj   12      620       0      
       main.obj                       96      0         0      
    +--+------------------------------+-------+---------+---------+
       Total:                         108     620       0      
                                                               
    .\lab\lab6_UART\
       uart-interrupt.obj             588     0         8      
    +--+------------------------------+-------+---------+---------+
       Total:                         588     0         8      
                                                               
    .\lab\lcd\
       lcd.obj                        824     8         84     
    +--+------------------------------+-------+---------+---------+
       Total:                         824     8         84     
                                                               
    .\lab\log\
       log.obj                        104     0         0      
    +--+------------------------------+-------+---------+---------+
       Total:                         104     0         0      
                                                               
    .\lab\movement\
       movement.obj                   1116    0         0      
    +--+------------------------------+-------+---------+---------+
       Total:                         1116    0         0      
                                                               
    .\lab\movement\bump\
       bump_handlers.obj              304     0         0      
    +--+------------------------------+-------+---------+---------+
       Total:                         304     0         0      
                                                               
    .\lab\oi\
       open_interface.obj             3128    15        56     
    +--+------------------------------+-------+---------+---------+
       Total:                         3128    15        56     
                                                               
    .\lab\timer\
       Timer.obj                      584     0         5      
    +--+------------------------------+-------+---------+---------+
       Total:                         584     0         5      
                                                               
    C:/ti/TivaWare_C_Series-2.2.0.295/driverlib/ccs/Debug/driverlib.lib
       interrupt.obj                  68      0         620    
       cpu.obj                        12      0         0      
    +--+------------------------------+-------+---------+---------+
       Total:                         80      0         620    
                                                               
    C:\ti\ccs1271\ccs\tools\compiler\ti-cgt-arm_20.2.7.LTS\lib\rtsv7M4_T_le_v4SPD16_eabi.lib
       _printfi.c.obj                 4851    0         0      
       memory.c.obj                   728     0         8      
       fd_add_t2.asm.obj              438     0         0      
       fd_div_t2.asm.obj              310     0         0      
       s_scalbn.c.obj                 272     0         0      
       fd_cmp_t2.asm.obj              268     0         0      
       ctype.c.obj                    0       257       0      
       fd_mul_t2.asm.obj              252     0         0      
       memcpy_t2.asm.obj              156     0         0      
       ull_div_t2.asm.obj             150     0         0      
       vsnprintf.c.obj                136     0         0      
       memset_t2.asm.obj              122     0         0      
       fd_tos_t2.asm.obj              110     0         0      
       copy_decompress_lzss.c.obj     104     0         0      
       s_frexp.c.obj                  100     0         0      
       _ltoa.c.obj                    84      0         0      
       atoi.c.obj                     76      0         0      
       fd_toi_t2.asm.obj              72      0         0      
       autoinit.c.obj                 68      0         0      
       fs_tod_t2.asm.obj              56      0         0      
       boot_cortex_m.c.obj            52      0         0      
       i_tofd_t2.asm.obj              46      0         0      
       copy_zero_init.c.obj           28      0         0      
       memccpy.c.obj                  28      0         0      
       s_copysign.c.obj               26      0         0      
       strcmp.c.obj                   24      0         0      
       strchr.c.obj                   22      0         0      
       strcpy.c.obj                   20      0         0      
       strlen.c.obj                   20      0         0      
       wcslen.c.obj                   18      0         0      
       copy_decompress_none.c.obj     14      0         0      
       errno.c.obj                    8       0         4      
       _lock.c.obj                    2       0         8      
       exit.c.obj                     4       0         0      
       pre_init.c.obj                 4       0         0      
       div0.asm.obj                   2       0         0      
    +--+------------------------------+-------+---------+---------+
       Total:                         8671    257       20     
                                                               
       Heap:                          0       0         4096   
       Stack:                         0       0         4096   
       Linker Generated:              0       83        0      
    +--+------------------------------+-------+---------+---------+
       Grand Total:                   15507   983       8985   


LINKER GENERATED COPY TABLES

__TI_cinit_table @ 00004060 records: 3, size/record: 8, table size: 24
	.data: load addr=00004020, load size=0000001f bytes, run addr=200022e0, run size=0000003d bytes, compression=lzss
	.bss: load addr=00004050, load size=00000008 bytes, run addr=20002270, run size=00000070 bytes, compression=zero_init
	.vtable: load addr=00004058, load size=00000008 bytes, run addr=20000000, run size=0000026c bytes, compression=zero_init


LINKER GENERATED HANDLER TABLE

__TI_handler_table @ 00004040 records: 3, size/record: 4, table size: 12
	index: 0, handler: __TI_zero_init
	index: 1, handler: __TI_decompress_lzss
	index: 2, handler: __TI_decompress_none


GLOBAL SYMBOLS: SORTED ALPHABETICALLY BY Name 

address   name                          
-------   ----                          
00003f05  C$$EXIT                       
00003ed9  CPUcpsie                      
00000bc3  GPIOF_Handler                 
00003eab  IntMasterEnable               
00003cb5  IntRegister                   
00003ee5  ResetISR                      
00002465  UART1_Handler                 
20001270  __STACK_END                   
00001000  __STACK_SIZE                  
20000470  __STACK_TOP                   
00001000  __SYSMEM_SIZE                 
00004060  __TI_CINIT_Base               
00004078  __TI_CINIT_Limit              
00004040  __TI_Handler_Table_Base       
0000404c  __TI_Handler_Table_Limit      
00003b81  __TI_auto_init_nobinit_nopinit
0000385d  __TI_decompress_lzss          
00003ecb  __TI_decompress_none          
00003a47  __TI_ltoa                     
ffffffff  __TI_pprof_out_hndl           
00000e8d  __TI_printfi                  
ffffffff  __TI_prof_data_size           
ffffffff  __TI_prof_data_start          
00000000  __TI_static_base__            
00003da5  __TI_zero_init_nomemset       
00003589  __aeabi_cdcmpeq               
00003589  __aeabi_cdcmple               
0000360f  __aeabi_cdrcmple              
000037ef  __aeabi_d2f                   
00003b39  __aeabi_d2iz                  
0000293f  __aeabi_dadd                  
00002c29  __aeabi_ddiv                  
000031c5  __aeabi_dmul                  
00002935  __aeabi_dsub                  
00003ef1  __aeabi_errno_addr            
00003c7d  __aeabi_f2d                   
00003d4d  __aeabi_i2d                   
00002aeb  __aeabi_idiv0                 
00002aeb  __aeabi_ldiv0                 
00003695  __aeabi_memclr                
00003695  __aeabi_memclr4               
00003695  __aeabi_memclr8               
00003457  __aeabi_memcpy                
00003457  __aeabi_memcpy4               
00003457  __aeabi_memcpy8               
00003697  __aeabi_memset                
00003697  __aeabi_memset4               
00003697  __aeabi_memset8               
000034f3  __aeabi_uldivmod              
ffffffff  __binit__                     
ffffffff  __c_args__                    
UNDEFED   __mpu_init                    
20000270  __stack                       
20000000  __start___llvm_prf_cnts       
20000000  __stop___llvm_prf_cnts        
00003ce9  _c_int00_noargs               
00003f08  _ctypes_                      
20002300  _lock                         
000018db  _nop                          
2000231c  _running                      
20001270  _sys_memory                   
UNDEFED   _system_post_cinit            
00003f01  _system_pre_init              
200022dc  _timeout_ticks                
20002304  _unlock                       
00003f05  abort                         
000030c5  aligned_alloc                 
00003aed  atoi                          
ffffffff  binit                         
00001c6d  bumpData                      
00003c45  calloc                        
20002310  command_byte                  
20002314  command_flag                  
00003df9  copysign                      
00003df9  copysignl                     
00002d61  doNothing                     
0000194d  doubleIsBetween               
00001915  doubleMax                     
000018dd  doubleMin                     
20002318  errno                         
000032c1  free                          
0000392d  frexp                         
0000392d  frexpl                        
20000000  g_pfnRAMVectors               
00000000  g_pfnVectors                  
00001c2f  getRealDegreeTarget           
0000097f  go_charge                     
00002d6f  handleBump                    
00001ca5  just_move                     
00001cd3  just_rotate                   
00003ebb  lcd_clear                     
00001f0d  lcd_gotoLine                  
00001d75  lcd_init                      
00001f73  lcd_printf                    
00001e35  lcd_putc                      
00001e6d  lcd_puts                      
00001d39  lcd_reverseNibble             
00001e8b  lcd_sendCommand               
00001ec9  lcd_sendNibble                
00001f35  lcd_setCursorPos              
00002fb5  ldexp                         
00002fb5  ldexpl                        
00003905  log_lcd                       
000038c5  log_message                   
000038f7  log_putty                     
00003913  loga                          
00003991  main                          
00003ef9  malloc                        
000030c5  memalign                      
00003ddd  memccpy                       
00003457  memcpy                        
0000369d  memset                        
200022e0  motor_cal_factor_L            
200022e4  motor_cal_factor_R            
00001997  move                          
0000026d  oi_alloc                      
00000aa9  oi_checkFirmware              
000002c7  oi_close                      
00000279  oi_free                       
00000ded  oi_getMotorCalibrationLeft    
00000e01  oi_getMotorCalibrationRight   
000002b1  oi_init                       
00000289  oi_init_noupdate              
00000915  oi_loadSong                   
00003e2b  oi_parseInt                   
0000032b  oi_parsePacket                
0000096b  oi_play_song                  
0000084b  oi_setLeds                    
00000db1  oi_setMotorCalibration        
0000088f  oi_setWheels                  
00000b51  oi_shutoff_init               
0000098d  oi_uartInit                   
00000a31  oi_uartReceive                
00000a77  oi_uartSendBuff               
00000a15  oi_uartSendChar               
00000a59  oi_uartSendStr                
000002d9  oi_update                     
00001ae3  rotate                        
00002fb5  scalbn                        
00002fb5  scalbnl                       
00003e5b  strchr                        
00003e43  strcmp                        
00003e71  strcpy                        
00003e85  strlen                        
0000263b  timer_getMicros               
000025e3  timer_getMillis               
0000251d  timer_init                    
000025bf  timer_pause                   
000025d1  timer_resume                  
00002595  timer_stop                    
00002695  timer_waitMicros              
000026c7  timer_waitMillis              
000022d1  uart_interrupt_init           
000023ef  uart_receive                  
00002415  uart_receive_nonblocking      
000023d3  uart_sendChar                 
0000243f  uart_sendStr                  
00003bc5  vsnprintf                     
00003e99  wcslen                        


GLOBAL SYMBOLS: SORTED BY Symbol Address 

address   name                          
-------   ----                          
00000000  __TI_static_base__            
00000000  g_pfnVectors                  
0000026d  oi_alloc                      
00000279  oi_free                       
00000289  oi_init_noupdate              
000002b1  oi_init                       
000002c7  oi_close                      
000002d9  oi_update                     
0000032b  oi_parsePacket                
0000084b  oi_setLeds                    
0000088f  oi_setWheels                  
00000915  oi_loadSong                   
0000096b  oi_play_song                  
0000097f  go_charge                     
0000098d  oi_uartInit                   
00000a15  oi_uartSendChar               
00000a31  oi_uartReceive                
00000a59  oi_uartSendStr                
00000a77  oi_uartSendBuff               
00000aa9  oi_checkFirmware              
00000b51  oi_shutoff_init               
00000bc3  GPIOF_Handler                 
00000db1  oi_setMotorCalibration        
00000ded  oi_getMotorCalibrationLeft    
00000e01  oi_getMotorCalibrationRight   
00000e8d  __TI_printfi                  
00001000  __STACK_SIZE                  
00001000  __SYSMEM_SIZE                 
000018db  _nop                          
000018dd  doubleMin                     
00001915  doubleMax                     
0000194d  doubleIsBetween               
00001997  move                          
00001ae3  rotate                        
00001c2f  getRealDegreeTarget           
00001c6d  bumpData                      
00001ca5  just_move                     
00001cd3  just_rotate                   
00001d39  lcd_reverseNibble             
00001d75  lcd_init                      
00001e35  lcd_putc                      
00001e6d  lcd_puts                      
00001e8b  lcd_sendCommand               
00001ec9  lcd_sendNibble                
00001f0d  lcd_gotoLine                  
00001f35  lcd_setCursorPos              
00001f73  lcd_printf                    
000022d1  uart_interrupt_init           
000023d3  uart_sendChar                 
000023ef  uart_receive                  
00002415  uart_receive_nonblocking      
0000243f  uart_sendStr                  
00002465  UART1_Handler                 
0000251d  timer_init                    
00002595  timer_stop                    
000025bf  timer_pause                   
000025d1  timer_resume                  
000025e3  timer_getMillis               
0000263b  timer_getMicros               
00002695  timer_waitMicros              
000026c7  timer_waitMillis              
00002935  __aeabi_dsub                  
0000293f  __aeabi_dadd                  
00002aeb  __aeabi_idiv0                 
00002aeb  __aeabi_ldiv0                 
00002c29  __aeabi_ddiv                  
00002d61  doNothing                     
00002d6f  handleBump                    
00002fb5  ldexp                         
00002fb5  ldexpl                        
00002fb5  scalbn                        
00002fb5  scalbnl                       
000030c5  aligned_alloc                 
000030c5  memalign                      
000031c5  __aeabi_dmul                  
000032c1  free                          
00003457  __aeabi_memcpy                
00003457  __aeabi_memcpy4               
00003457  __aeabi_memcpy8               
00003457  memcpy                        
000034f3  __aeabi_uldivmod              
00003589  __aeabi_cdcmpeq               
00003589  __aeabi_cdcmple               
0000360f  __aeabi_cdrcmple              
00003695  __aeabi_memclr                
00003695  __aeabi_memclr4               
00003695  __aeabi_memclr8               
00003697  __aeabi_memset                
00003697  __aeabi_memset4               
00003697  __aeabi_memset8               
0000369d  memset                        
000037ef  __aeabi_d2f                   
0000385d  __TI_decompress_lzss          
000038c5  log_message                   
000038f7  log_putty                     
00003905  log_lcd                       
00003913  loga                          
0000392d  frexp                         
0000392d  frexpl                        
00003991  main                          
00003a47  __TI_ltoa                     
00003aed  atoi                          
00003b39  __aeabi_d2iz                  
00003b81  __TI_auto_init_nobinit_nopinit
00003bc5  vsnprintf                     
00003c45  calloc                        
00003c7d  __aeabi_f2d                   
00003cb5  IntRegister                   
00003ce9  _c_int00_noargs               
00003d4d  __aeabi_i2d                   
00003da5  __TI_zero_init_nomemset       
00003ddd  memccpy                       
00003df9  copysign                      
00003df9  copysignl                     
00003e2b  oi_parseInt                   
00003e43  strcmp                        
00003e5b  strchr                        
00003e71  strcpy                        
00003e85  strlen                        
00003e99  wcslen                        
00003eab  IntMasterEnable               
00003ebb  lcd_clear                     
00003ecb  __TI_decompress_none          
00003ed9  CPUcpsie                      
00003ee5  ResetISR                      
00003ef1  __aeabi_errno_addr            
00003ef9  malloc                        
00003f01  _system_pre_init              
00003f05  C$$EXIT                       
00003f05  abort                         
00003f08  _ctypes_                      
00004040  __TI_Handler_Table_Base       
0000404c  __TI_Handler_Table_Limit      
00004060  __TI_CINIT_Base               
00004078  __TI_CINIT_Limit              
20000000  __start___llvm_prf_cnts       
20000000  __stop___llvm_prf_cnts        
20000000  g_pfnRAMVectors               
20000270  __stack                       
20000470  __STACK_TOP                   
20001270  __STACK_END                   
20001270  _sys_memory                   
200022dc  _timeout_ticks                
200022e0  motor_cal_factor_L            
200022e4  motor_cal_factor_R            
20002300  _lock                         
20002304  _unlock                       
20002310  command_byte                  
20002314  command_flag                  
20002318  errno                         
2000231c  _running                      
ffffffff  __TI_pprof_out_hndl           
ffffffff  __TI_prof_data_size           
ffffffff  __TI_prof_data_start          
ffffffff  __binit__                     
ffffffff  __c_args__                    
ffffffff  binit                         
UNDEFED   __mpu_init                    
UNDEFED   _system_post_cinit            

[159 symbols]
