<?xml version="1.0" encoding="ISO-8859-1" ?>
<link_info>
   <banner>TI ARM Linker PC v20.2.7.LTS</banner>
   <copyright>Copyright (c) 1996-2018 Texas Instruments Incorporated</copyright>
   <link_time>0x67d0f9d9</link_time>
   <link_errors>0x0</link_errors>
   <output_file>288.out</output_file>
   <entry_point>
      <name>_c_int00_noargs</name>
      <address>0x3edd</address>
   </entry_point>
   <input_file_list>
      <input_file id="fl-2">
         <path>.\</path>
         <kind>object</kind>
         <file>main.obj</file>
         <name>main.obj</name>
      </input_file>
      <input_file id="fl-3">
         <path>.\</path>
         <kind>object</kind>
         <file>tm4c123gh6pm_startup_ccs.obj</file>
         <name>tm4c123gh6pm_startup_ccs.obj</name>
      </input_file>
      <input_file id="fl-4">
         <path>.\lab\UART-interrupt\</path>
         <kind>object</kind>
         <file>uart-interrupt.obj</file>
         <name>uart-interrupt.obj</name>
      </input_file>
      <input_file id="fl-5">
         <path>.\lab\buttons\</path>
         <kind>object</kind>
         <file>button.obj</file>
         <name>button.obj</name>
      </input_file>
      <input_file id="fl-6">
         <path>.\lab\lcd\</path>
         <kind>object</kind>
         <file>lcd.obj</file>
         <name>lcd.obj</name>
      </input_file>
      <input_file id="fl-7">
         <path>.\lab\log\</path>
         <kind>object</kind>
         <file>log.obj</file>
         <name>log.obj</name>
      </input_file>
      <input_file id="fl-8">
         <path>.\lab\movement\bump\</path>
         <kind>object</kind>
         <file>bump_handlers.obj</file>
         <name>bump_handlers.obj</name>
      </input_file>
      <input_file id="fl-9">
         <path>.\lab\movement\</path>
         <kind>object</kind>
         <file>movement.obj</file>
         <name>movement.obj</name>
      </input_file>
      <input_file id="fl-a">
         <path>.\lab\oi\</path>
         <kind>object</kind>
         <file>open_interface.obj</file>
         <name>open_interface.obj</name>
      </input_file>
      <input_file id="fl-b">
         <path>.\lab\servo\ir\</path>
         <kind>object</kind>
         <file>ir.obj</file>
         <name>ir.obj</name>
      </input_file>
      <input_file id="fl-c">
         <path>.\lab\servo\ping\</path>
         <kind>object</kind>
         <file>ping.obj</file>
         <name>ping.obj</name>
      </input_file>
      <input_file id="fl-d">
         <path>.\lab\servo\</path>
         <kind>object</kind>
         <file>servo.obj</file>
         <name>servo.obj</name>
      </input_file>
      <input_file id="fl-e">
         <path>.\lab\timer\</path>
         <kind>object</kind>
         <file>Timer.obj</file>
         <name>Timer.obj</name>
      </input_file>
      <input_file id="fl-14">
         <kind>object</kind>
         <file>&lt;internal&gt;</file>
         <name>&lt;internal&gt;</name>
      </input_file>
      <input_file id="fl-15">
         <path>..\</path>
         <kind>archive</kind>
         <file>libcybotScan.lib</file>
         <name>cyBot_Scan.obj</name>
      </input_file>
      <input_file id="fl-16">
         <path>..\</path>
         <kind>archive</kind>
         <file>libcybotScan.lib</file>
         <name>ir.obj</name>
      </input_file>
      <input_file id="fl-17">
         <path>..\</path>
         <kind>archive</kind>
         <file>libcybotScan.lib</file>
         <name>ping.obj</name>
      </input_file>
      <input_file id="fl-18">
         <path>..\</path>
         <kind>archive</kind>
         <file>libcybotScan.lib</file>
         <name>servo.obj</name>
      </input_file>
      <input_file id="fl-ce">
         <path>C:\ti\ccs1271\ccs\tools\compiler\ti-cgt-arm_20.2.7.LTS\lib\</path>
         <kind>archive</kind>
         <file>rtsv7M4_T_le_v4SPD16_eabi.lib</file>
         <name>vsnprintf.c.obj</name>
      </input_file>
      <input_file id="fl-cf">
         <path>C:\ti\ccs1271\ccs\tools\compiler\ti-cgt-arm_20.2.7.LTS\lib\</path>
         <kind>archive</kind>
         <file>rtsv7M4_T_le_v4SPD16_eabi.lib</file>
         <name>fd_add_t2.asm.obj</name>
      </input_file>
      <input_file id="fl-d0">
         <path>C:\ti\ccs1271\ccs\tools\compiler\ti-cgt-arm_20.2.7.LTS\lib\</path>
         <kind>archive</kind>
         <file>rtsv7M4_T_le_v4SPD16_eabi.lib</file>
         <name>fd_cmp_t2.asm.obj</name>
      </input_file>
      <input_file id="fl-d1">
         <path>C:\ti\ccs1271\ccs\tools\compiler\ti-cgt-arm_20.2.7.LTS\lib\</path>
         <kind>archive</kind>
         <file>rtsv7M4_T_le_v4SPD16_eabi.lib</file>
         <name>fd_div_t2.asm.obj</name>
      </input_file>
      <input_file id="fl-d2">
         <path>C:\ti\ccs1271\ccs\tools\compiler\ti-cgt-arm_20.2.7.LTS\lib\</path>
         <kind>archive</kind>
         <file>rtsv7M4_T_le_v4SPD16_eabi.lib</file>
         <name>fd_mul_t2.asm.obj</name>
      </input_file>
      <input_file id="fl-d3">
         <path>C:\ti\ccs1271\ccs\tools\compiler\ti-cgt-arm_20.2.7.LTS\lib\</path>
         <kind>archive</kind>
         <file>rtsv7M4_T_le_v4SPD16_eabi.lib</file>
         <name>fd_toi_t2.asm.obj</name>
      </input_file>
      <input_file id="fl-d4">
         <path>C:\ti\ccs1271\ccs\tools\compiler\ti-cgt-arm_20.2.7.LTS\lib\</path>
         <kind>archive</kind>
         <file>rtsv7M4_T_le_v4SPD16_eabi.lib</file>
         <name>fd_tos_t2.asm.obj</name>
      </input_file>
      <input_file id="fl-d5">
         <path>C:\ti\ccs1271\ccs\tools\compiler\ti-cgt-arm_20.2.7.LTS\lib\</path>
         <kind>archive</kind>
         <file>rtsv7M4_T_le_v4SPD16_eabi.lib</file>
         <name>fs_tod_t2.asm.obj</name>
      </input_file>
      <input_file id="fl-d6">
         <path>C:\ti\ccs1271\ccs\tools\compiler\ti-cgt-arm_20.2.7.LTS\lib\</path>
         <kind>archive</kind>
         <file>rtsv7M4_T_le_v4SPD16_eabi.lib</file>
         <name>i_tofd_t2.asm.obj</name>
      </input_file>
      <input_file id="fl-d7">
         <path>C:\ti\ccs1271\ccs\tools\compiler\ti-cgt-arm_20.2.7.LTS\lib\</path>
         <kind>archive</kind>
         <file>rtsv7M4_T_le_v4SPD16_eabi.lib</file>
         <name>memcpy_t2.asm.obj</name>
      </input_file>
      <input_file id="fl-d8">
         <path>C:\ti\ccs1271\ccs\tools\compiler\ti-cgt-arm_20.2.7.LTS\lib\</path>
         <kind>archive</kind>
         <file>rtsv7M4_T_le_v4SPD16_eabi.lib</file>
         <name>copy_zero_init.c.obj</name>
      </input_file>
      <input_file id="fl-d9">
         <path>C:\ti\ccs1271\ccs\tools\compiler\ti-cgt-arm_20.2.7.LTS\lib\</path>
         <kind>archive</kind>
         <file>rtsv7M4_T_le_v4SPD16_eabi.lib</file>
         <name>copy_decompress_none.c.obj</name>
      </input_file>
      <input_file id="fl-da">
         <path>C:\ti\ccs1271\ccs\tools\compiler\ti-cgt-arm_20.2.7.LTS\lib\</path>
         <kind>archive</kind>
         <file>rtsv7M4_T_le_v4SPD16_eabi.lib</file>
         <name>copy_decompress_lzss.c.obj</name>
      </input_file>
      <input_file id="fl-db">
         <path>C:\ti\ccs1271\ccs\tools\compiler\ti-cgt-arm_20.2.7.LTS\lib\</path>
         <kind>archive</kind>
         <file>rtsv7M4_T_le_v4SPD16_eabi.lib</file>
         <name>memory.c.obj</name>
      </input_file>
      <input_file id="fl-dc">
         <path>C:\ti\ccs1271\ccs\tools\compiler\ti-cgt-arm_20.2.7.LTS\lib\</path>
         <kind>archive</kind>
         <file>rtsv7M4_T_le_v4SPD16_eabi.lib</file>
         <name>strcmp.c.obj</name>
      </input_file>
      <input_file id="fl-dd">
         <path>C:\ti\ccs1271\ccs\tools\compiler\ti-cgt-arm_20.2.7.LTS\lib\</path>
         <kind>archive</kind>
         <file>rtsv7M4_T_le_v4SPD16_eabi.lib</file>
         <name>strcpy.c.obj</name>
      </input_file>
      <input_file id="fl-de">
         <path>C:\ti\ccs1271\ccs\tools\compiler\ti-cgt-arm_20.2.7.LTS\lib\</path>
         <kind>archive</kind>
         <file>rtsv7M4_T_le_v4SPD16_eabi.lib</file>
         <name>boot_cortex_m.c.obj</name>
      </input_file>
      <input_file id="fl-df">
         <path>C:\ti\ccs1271\ccs\tools\compiler\ti-cgt-arm_20.2.7.LTS\lib\</path>
         <kind>archive</kind>
         <file>rtsv7M4_T_le_v4SPD16_eabi.lib</file>
         <name>_printfi.c.obj</name>
      </input_file>
      <input_file id="fl-e0">
         <path>C:\ti\ccs1271\ccs\tools\compiler\ti-cgt-arm_20.2.7.LTS\lib\</path>
         <kind>archive</kind>
         <file>rtsv7M4_T_le_v4SPD16_eabi.lib</file>
         <name>memset_t2.asm.obj</name>
      </input_file>
      <input_file id="fl-e1">
         <path>C:\ti\ccs1271\ccs\tools\compiler\ti-cgt-arm_20.2.7.LTS\lib\</path>
         <kind>archive</kind>
         <file>rtsv7M4_T_le_v4SPD16_eabi.lib</file>
         <name>ull_div_t2.asm.obj</name>
      </input_file>
      <input_file id="fl-e2">
         <path>C:\ti\ccs1271\ccs\tools\compiler\ti-cgt-arm_20.2.7.LTS\lib\</path>
         <kind>archive</kind>
         <file>rtsv7M4_T_le_v4SPD16_eabi.lib</file>
         <name>autoinit.c.obj</name>
      </input_file>
      <input_file id="fl-e3">
         <path>C:\ti\ccs1271\ccs\tools\compiler\ti-cgt-arm_20.2.7.LTS\lib\</path>
         <kind>archive</kind>
         <file>rtsv7M4_T_le_v4SPD16_eabi.lib</file>
         <name>pre_init.c.obj</name>
      </input_file>
      <input_file id="fl-e4">
         <path>C:\ti\ccs1271\ccs\tools\compiler\ti-cgt-arm_20.2.7.LTS\lib\</path>
         <kind>archive</kind>
         <file>rtsv7M4_T_le_v4SPD16_eabi.lib</file>
         <name>cpy_tbl.c.obj</name>
      </input_file>
      <input_file id="fl-e5">
         <path>C:\ti\ccs1271\ccs\tools\compiler\ti-cgt-arm_20.2.7.LTS\lib\</path>
         <kind>archive</kind>
         <file>rtsv7M4_T_le_v4SPD16_eabi.lib</file>
         <name>exit.c.obj</name>
      </input_file>
      <input_file id="fl-e6">
         <path>C:\ti\ccs1271\ccs\tools\compiler\ti-cgt-arm_20.2.7.LTS\lib\</path>
         <kind>archive</kind>
         <file>rtsv7M4_T_le_v4SPD16_eabi.lib</file>
         <name>_lock.c.obj</name>
      </input_file>
      <input_file id="fl-e7">
         <path>C:\ti\ccs1271\ccs\tools\compiler\ti-cgt-arm_20.2.7.LTS\lib\</path>
         <kind>archive</kind>
         <file>rtsv7M4_T_le_v4SPD16_eabi.lib</file>
         <name>_ltoa.c.obj</name>
      </input_file>
      <input_file id="fl-e8">
         <path>C:\ti\ccs1271\ccs\tools\compiler\ti-cgt-arm_20.2.7.LTS\lib\</path>
         <kind>archive</kind>
         <file>rtsv7M4_T_le_v4SPD16_eabi.lib</file>
         <name>args_main.c.obj</name>
      </input_file>
      <input_file id="fl-e9">
         <path>C:\ti\ccs1271\ccs\tools\compiler\ti-cgt-arm_20.2.7.LTS\lib\</path>
         <kind>archive</kind>
         <file>rtsv7M4_T_le_v4SPD16_eabi.lib</file>
         <name>atoi.c.obj</name>
      </input_file>
      <input_file id="fl-ea">
         <path>C:\ti\ccs1271\ccs\tools\compiler\ti-cgt-arm_20.2.7.LTS\lib\</path>
         <kind>archive</kind>
         <file>rtsv7M4_T_le_v4SPD16_eabi.lib</file>
         <name>ctype.c.obj</name>
      </input_file>
      <input_file id="fl-eb">
         <path>C:\ti\ccs1271\ccs\tools\compiler\ti-cgt-arm_20.2.7.LTS\lib\</path>
         <kind>archive</kind>
         <file>rtsv7M4_T_le_v4SPD16_eabi.lib</file>
         <name>memccpy.c.obj</name>
      </input_file>
      <input_file id="fl-ec">
         <path>C:\ti\ccs1271\ccs\tools\compiler\ti-cgt-arm_20.2.7.LTS\lib\</path>
         <kind>archive</kind>
         <file>rtsv7M4_T_le_v4SPD16_eabi.lib</file>
         <name>strchr.c.obj</name>
      </input_file>
      <input_file id="fl-ed">
         <path>C:\ti\ccs1271\ccs\tools\compiler\ti-cgt-arm_20.2.7.LTS\lib\</path>
         <kind>archive</kind>
         <file>rtsv7M4_T_le_v4SPD16_eabi.lib</file>
         <name>strlen.c.obj</name>
      </input_file>
      <input_file id="fl-ee">
         <path>C:\ti\ccs1271\ccs\tools\compiler\ti-cgt-arm_20.2.7.LTS\lib\</path>
         <kind>archive</kind>
         <file>rtsv7M4_T_le_v4SPD16_eabi.lib</file>
         <name>errno.c.obj</name>
      </input_file>
      <input_file id="fl-ef">
         <path>C:\ti\ccs1271\ccs\tools\compiler\ti-cgt-arm_20.2.7.LTS\lib\</path>
         <kind>archive</kind>
         <file>rtsv7M4_T_le_v4SPD16_eabi.lib</file>
         <name>wcslen.c.obj</name>
      </input_file>
      <input_file id="fl-f0">
         <path>C:\ti\ccs1271\ccs\tools\compiler\ti-cgt-arm_20.2.7.LTS\lib\</path>
         <kind>archive</kind>
         <file>rtsv7M4_T_le_v4SPD16_eabi.lib</file>
         <name>s_frexp.c.obj</name>
      </input_file>
      <input_file id="fl-f1">
         <path>C:\ti\ccs1271\ccs\tools\compiler\ti-cgt-arm_20.2.7.LTS\lib\</path>
         <kind>archive</kind>
         <file>rtsv7M4_T_le_v4SPD16_eabi.lib</file>
         <name>s_scalbn.c.obj</name>
      </input_file>
      <input_file id="fl-f2">
         <path>C:\ti\ccs1271\ccs\tools\compiler\ti-cgt-arm_20.2.7.LTS\lib\</path>
         <kind>archive</kind>
         <file>rtsv7M4_T_le_v4SPD16_eabi.lib</file>
         <name>div0.asm.obj</name>
      </input_file>
      <input_file id="fl-f3">
         <path>C:\ti\ccs1271\ccs\tools\compiler\ti-cgt-arm_20.2.7.LTS\lib\</path>
         <kind>archive</kind>
         <file>rtsv7M4_T_le_v4SPD16_eabi.lib</file>
         <name>s_copysign.c.obj</name>
      </input_file>
      <input_file id="fl-f4">
         <path>C:\ti\TivaWare_C_Series-2.2.0.295\driverlib\ccs\Debug\</path>
         <kind>archive</kind>
         <file>driverlib.lib</file>
         <name>interrupt.obj</name>
      </input_file>
      <input_file id="fl-f5">
         <path>C:\ti\TivaWare_C_Series-2.2.0.295\driverlib\ccs\Debug\</path>
         <kind>archive</kind>
         <file>driverlib.lib</file>
         <name>cpu.obj</name>
      </input_file>
   </input_file_list>
   <object_component_list>
      <object_component id="oc-12">
         <name>.intvecs</name>
         <load_address>0x0</load_address>
         <run_address>0x0</run_address>
         <size>0x26c</size>
         <input_file_ref idref="fl-3"/>
      </object_component>
      <object_component id="oc-fb">
         <name>.text</name>
         <load_address>0x26c</load_address>
         <run_address>0x26c</run_address>
         <size>0xc20</size>
         <input_file_ref idref="fl-a"/>
      </object_component>
      <object_component id="oc-22d">
         <name>.text:__TI_printfi</name>
         <load_address>0xe8c</load_address>
         <run_address>0xe8c</run_address>
         <size>0xa4e</size>
         <input_file_ref idref="fl-df"/>
      </object_component>
      <object_component id="oc-29a">
         <name>.text:_nop</name>
         <load_address>0x18da</load_address>
         <run_address>0x18da</run_address>
         <size>0x2</size>
         <input_file_ref idref="fl-e6"/>
      </object_component>
      <object_component id="oc-dd">
         <name>.text</name>
         <load_address>0x18dc</load_address>
         <run_address>0x18dc</run_address>
         <size>0x328</size>
         <input_file_ref idref="fl-6"/>
      </object_component>
      <object_component id="oc-2f0">
         <name>.text:_pconv_a</name>
         <load_address>0x1c04</load_address>
         <run_address>0x1c04</run_address>
         <size>0x270</size>
         <input_file_ref idref="fl-df"/>
      </object_component>
      <object_component id="oc-ef">
         <name>.text</name>
         <load_address>0x1e74</load_address>
         <run_address>0x1e74</run_address>
         <size>0x260</size>
         <input_file_ref idref="fl-15"/>
      </object_component>
      <object_component id="oc-e3">
         <name>.text</name>
         <load_address>0x20d4</load_address>
         <run_address>0x20d4</run_address>
         <size>0x24c</size>
         <input_file_ref idref="fl-4"/>
      </object_component>
      <object_component id="oc-d7">
         <name>.text</name>
         <load_address>0x2320</load_address>
         <run_address>0x2320</run_address>
         <size>0x248</size>
         <input_file_ref idref="fl-e"/>
      </object_component>
      <object_component id="oc-1b3">
         <name>.text</name>
         <load_address>0x2568</load_address>
         <run_address>0x2568</run_address>
         <size>0x1ec</size>
         <input_file_ref idref="fl-17"/>
      </object_component>
      <object_component id="oc-2de">
         <name>.text:_pconv_g</name>
         <load_address>0x2754</load_address>
         <run_address>0x2754</run_address>
         <size>0x1d0</size>
         <input_file_ref idref="fl-df"/>
      </object_component>
      <object_component id="oc-18c">
         <name>.text</name>
         <load_address>0x2924</load_address>
         <run_address>0x2924</run_address>
         <size>0x1b6</size>
         <input_file_ref idref="fl-cf"/>
      </object_component>
      <object_component id="oc-3ad">
         <name>.text</name>
         <load_address>0x2ada</load_address>
         <run_address>0x2ada</run_address>
         <size>0x2</size>
         <input_file_ref idref="fl-f2"/>
      </object_component>
      <object_component id="oc-1ad">
         <name>.text</name>
         <load_address>0x2adc</load_address>
         <run_address>0x2adc</run_address>
         <size>0x158</size>
         <input_file_ref idref="fl-18"/>
      </object_component>
      <object_component id="oc-2ea">
         <name>.text:_pconv_e</name>
         <load_address>0x2c34</load_address>
         <run_address>0x2c34</run_address>
         <size>0x13c</size>
         <input_file_ref idref="fl-df"/>
      </object_component>
      <object_component id="oc-1e7">
         <name>.text</name>
         <load_address>0x2d70</load_address>
         <run_address>0x2d70</run_address>
         <size>0x136</size>
         <input_file_ref idref="fl-d1"/>
      </object_component>
      <object_component id="oc-362">
         <name>.text:fcvt</name>
         <load_address>0x2ea8</load_address>
         <run_address>0x2ea8</run_address>
         <size>0x124</size>
         <input_file_ref idref="fl-df"/>
      </object_component>
      <object_component id="oc-1b9">
         <name>.text</name>
         <load_address>0x2fcc</load_address>
         <run_address>0x2fcc</run_address>
         <size>0x118</size>
         <input_file_ref idref="fl-16"/>
      </object_component>
      <object_component id="oc-376">
         <name>.text:scalbn</name>
         <load_address>0x30e4</load_address>
         <run_address>0x30e4</run_address>
         <size>0x110</size>
         <input_file_ref idref="fl-f1"/>
      </object_component>
      <object_component id="oc-321">
         <name>.text:aligned_alloc</name>
         <load_address>0x31f4</load_address>
         <run_address>0x31f4</run_address>
         <size>0x100</size>
         <input_file_ref idref="fl-db"/>
      </object_component>
      <object_component id="oc-1e2">
         <name>.text</name>
         <load_address>0x32f4</load_address>
         <run_address>0x32f4</run_address>
         <size>0xfc</size>
         <input_file_ref idref="fl-d2"/>
      </object_component>
      <object_component id="oc-1d2">
         <name>.text:free</name>
         <load_address>0x33f0</load_address>
         <run_address>0x33f0</run_address>
         <size>0xe4</size>
         <input_file_ref idref="fl-db"/>
      </object_component>
      <object_component id="oc-2d3">
         <name>.text:_ltostr</name>
         <load_address>0x34d4</load_address>
         <run_address>0x34d4</run_address>
         <size>0xb1</size>
         <input_file_ref idref="fl-df"/>
      </object_component>
      <object_component id="oc-3e">
         <name>.text</name>
         <load_address>0x3586</load_address>
         <run_address>0x3586</run_address>
         <size>0x9c</size>
         <input_file_ref idref="fl-d7"/>
      </object_component>
      <object_component id="oc-343">
         <name>.text</name>
         <load_address>0x3622</load_address>
         <run_address>0x3622</run_address>
         <size>0x96</size>
         <input_file_ref idref="fl-e1"/>
      </object_component>
      <object_component id="oc-f5">
         <name>.text</name>
         <load_address>0x36b8</load_address>
         <run_address>0x36b8</run_address>
         <size>0x90</size>
         <input_file_ref idref="fl-5"/>
      </object_component>
      <object_component id="oc-2d9">
         <name>.text:__aeabi_cdcmple</name>
         <load_address>0x3748</load_address>
         <run_address>0x3748</run_address>
         <size>0x86</size>
         <input_file_ref idref="fl-d0"/>
      </object_component>
      <object_component id="oc-34a">
         <name>.text:__aeabi_cdrcmple</name>
         <load_address>0x37ce</load_address>
         <run_address>0x37ce</run_address>
         <size>0x86</size>
         <input_file_ref idref="fl-d0"/>
      </object_component>
      <object_component id="oc-96">
         <name>.text</name>
         <load_address>0x3854</load_address>
         <run_address>0x3854</run_address>
         <size>0x7a</size>
         <input_file_ref idref="fl-e0"/>
      </object_component>
      <object_component id="oc-39d">
         <name>.text:split</name>
         <load_address>0x38d0</load_address>
         <run_address>0x38d0</run_address>
         <size>0x70</size>
         <input_file_ref idref="fl-db"/>
      </object_component>
      <object_component id="oc-35b">
         <name>.text:_mcpy</name>
         <load_address>0x3940</load_address>
         <run_address>0x3940</run_address>
         <size>0x6e</size>
         <input_file_ref idref="fl-df"/>
      </object_component>
      <object_component id="oc-1ef">
         <name>.text</name>
         <load_address>0x39ae</load_address>
         <run_address>0x39ae</run_address>
         <size>0x6e</size>
         <input_file_ref idref="fl-d4"/>
      </object_component>
      <object_component id="oc-15">
         <name>.text:decompress:lzss:__TI_decompress_lzss</name>
         <load_address>0x3a1c</load_address>
         <run_address>0x3a1c</run_address>
         <size>0x68</size>
         <input_file_ref idref="fl-da"/>
      </object_component>
      <object_component id="oc-e9">
         <name>.text</name>
         <load_address>0x3a84</load_address>
         <run_address>0x3a84</run_address>
         <size>0x68</size>
         <input_file_ref idref="fl-7"/>
      </object_component>
      <object_component id="oc-370">
         <name>.text:frexp</name>
         <load_address>0x3aec</load_address>
         <run_address>0x3aec</run_address>
         <size>0x64</size>
         <input_file_ref idref="fl-f0"/>
      </object_component>
      <object_component id="oc-a2">
         <name>.text</name>
         <load_address>0x3b50</load_address>
         <run_address>0x3b50</run_address>
         <size>0x5c</size>
         <input_file_ref idref="fl-2"/>
      </object_component>
      <object_component id="oc-2e4">
         <name>.text:_pconv_f</name>
         <load_address>0x3bac</load_address>
         <run_address>0x3bac</run_address>
         <size>0x56</size>
         <input_file_ref idref="fl-df"/>
      </object_component>
      <object_component id="oc-34f">
         <name>.text:__TI_ltoa</name>
         <load_address>0x3c02</load_address>
         <run_address>0x3c02</run_address>
         <size>0x54</size>
         <input_file_ref idref="fl-e7"/>
      </object_component>
      <object_component id="oc-355">
         <name>.text:_ecpy</name>
         <load_address>0x3c56</load_address>
         <run_address>0x3c56</run_address>
         <size>0x52</size>
         <input_file_ref idref="fl-df"/>
      </object_component>
      <object_component id="oc-2cd">
         <name>.text:atoi</name>
         <load_address>0x3ca8</load_address>
         <run_address>0x3ca8</run_address>
         <size>0x4c</size>
         <input_file_ref idref="fl-e9"/>
      </object_component>
      <object_component id="oc-191">
         <name>.text</name>
         <load_address>0x3cf4</load_address>
         <run_address>0x3cf4</run_address>
         <size>0x48</size>
         <input_file_ref idref="fl-d3"/>
      </object_component>
      <object_component id="oc-119">
         <name>.text:__TI_auto_init_nobinit_nopinit:__TI_auto_init_nobinit_nopinit</name>
         <load_address>0x3d3c</load_address>
         <run_address>0x3d3c</run_address>
         <size>0x44</size>
         <input_file_ref idref="fl-e2"/>
      </object_component>
      <object_component id="oc-16b">
         <name>.text:vsnprintf</name>
         <load_address>0x3d80</load_address>
         <run_address>0x3d80</run_address>
         <size>0x40</size>
         <input_file_ref idref="fl-ce"/>
      </object_component>
      <object_component id="oc-368">
         <name>.text:_fcpy</name>
         <load_address>0x3dc0</load_address>
         <run_address>0x3dc0</run_address>
         <size>0x3e</size>
         <input_file_ref idref="fl-df"/>
      </object_component>
      <object_component id="oc-1cc">
         <name>.text:calloc</name>
         <load_address>0x3e00</load_address>
         <run_address>0x3e00</run_address>
         <size>0x38</size>
         <input_file_ref idref="fl-db"/>
      </object_component>
      <object_component id="oc-1f4">
         <name>.text</name>
         <load_address>0x3e38</load_address>
         <run_address>0x3e38</run_address>
         <size>0x38</size>
         <input_file_ref idref="fl-d5"/>
      </object_component>
      <object_component id="oc-101">
         <name>.text</name>
         <load_address>0x3e70</load_address>
         <run_address>0x3e70</run_address>
         <size>0x36</size>
         <input_file_ref idref="fl-d"/>
      </object_component>
      <object_component id="oc-157">
         <name>.text:IntRegister</name>
         <load_address>0x3ea8</load_address>
         <run_address>0x3ea8</run_address>
         <size>0x34</size>
         <input_file_ref idref="fl-f4"/>
      </object_component>
      <object_component id="oc-5c">
         <name>.text:_c_int00_noargs:_c_int00_noargs</name>
         <load_address>0x3edc</load_address>
         <run_address>0x3edc</run_address>
         <size>0x34</size>
         <input_file_ref idref="fl-de"/>
      </object_component>
      <object_component id="oc-233">
         <name>.text:_outs</name>
         <load_address>0x3f10</load_address>
         <run_address>0x3f10</run_address>
         <size>0x30</size>
         <input_file_ref idref="fl-ce"/>
      </object_component>
      <object_component id="oc-187">
         <name>.text</name>
         <load_address>0x3f40</load_address>
         <run_address>0x3f40</run_address>
         <size>0x2e</size>
         <input_file_ref idref="fl-d6"/>
      </object_component>
      <object_component id="oc-285">
         <name>.text:free_list_insert</name>
         <load_address>0x3f70</load_address>
         <run_address>0x3f70</run_address>
         <size>0x28</size>
         <input_file_ref idref="fl-db"/>
      </object_component>
      <object_component id="oc-4a">
         <name>.text:decompress:ZI:__TI_zero_init_nomemset:__TI_zero_init_nomemset</name>
         <load_address>0x3f98</load_address>
         <run_address>0x3f98</run_address>
         <size>0x1c</size>
         <input_file_ref idref="fl-d8"/>
      </object_component>
      <object_component id="oc-27f">
         <name>.text:free_list_remove</name>
         <load_address>0x3fb4</load_address>
         <run_address>0x3fb4</run_address>
         <size>0x1c</size>
         <input_file_ref idref="fl-db"/>
      </object_component>
      <object_component id="oc-2f6">
         <name>.text:memccpy</name>
         <load_address>0x3fd0</load_address>
         <run_address>0x3fd0</run_address>
         <size>0x1c</size>
         <input_file_ref idref="fl-eb"/>
      </object_component>
      <object_component id="oc-3c1">
         <name>.text:copysign</name>
         <load_address>0x3fec</load_address>
         <run_address>0x3fec</run_address>
         <size>0x1a</size>
         <input_file_ref idref="fl-f3"/>
      </object_component>
      <object_component id="oc-239">
         <name>.text:_outc</name>
         <load_address>0x4006</load_address>
         <run_address>0x4006</run_address>
         <size>0x18</size>
         <input_file_ref idref="fl-ce"/>
      </object_component>
      <object_component id="oc-1d8">
         <name>.text:oi_parseInt</name>
         <load_address>0x401e</load_address>
         <run_address>0x401e</run_address>
         <size>0x18</size>
         <input_file_ref idref="fl-a"/>
      </object_component>
      <object_component id="oc-171">
         <name>.text:strcmp</name>
         <load_address>0x4036</load_address>
         <run_address>0x4036</run_address>
         <size>0x18</size>
         <input_file_ref idref="fl-dc"/>
      </object_component>
      <object_component id="oc-37c">
         <name>.text:strchr</name>
         <load_address>0x404e</load_address>
         <run_address>0x404e</run_address>
         <size>0x16</size>
         <input_file_ref idref="fl-ec"/>
      </object_component>
      <object_component id="oc-177">
         <name>.text:strcpy</name>
         <load_address>0x4064</load_address>
         <run_address>0x4064</run_address>
         <size>0x14</size>
         <input_file_ref idref="fl-dd"/>
      </object_component>
      <object_component id="oc-2c7">
         <name>.text:strlen</name>
         <load_address>0x4078</load_address>
         <run_address>0x4078</run_address>
         <size>0x14</size>
         <input_file_ref idref="fl-ed"/>
      </object_component>
      <object_component id="oc-2fc">
         <name>.text:wcslen</name>
         <load_address>0x408c</load_address>
         <run_address>0x408c</run_address>
         <size>0x12</size>
         <input_file_ref idref="fl-ef"/>
      </object_component>
      <object_component id="oc-196">
         <name>.text:IntMasterEnable</name>
         <load_address>0x409e</load_address>
         <run_address>0x409e</run_address>
         <size>0x10</size>
         <input_file_ref idref="fl-f4"/>
      </object_component>
      <object_component id="oc-164">
         <name>.text:lcd_clear</name>
         <load_address>0x40ae</load_address>
         <run_address>0x40ae</run_address>
         <size>0x10</size>
         <input_file_ref idref="fl-6"/>
      </object_component>
      <object_component id="oc-1b">
         <name>.text:decompress:none:__TI_decompress_none</name>
         <load_address>0x40be</load_address>
         <run_address>0x40be</run_address>
         <size>0xe</size>
         <input_file_ref idref="fl-d9"/>
      </object_component>
      <object_component id="oc-259">
         <name>.text:CPUcpsie</name>
         <load_address>0x40cc</load_address>
         <run_address>0x40cc</run_address>
         <size>0xc</size>
         <input_file_ref idref="fl-f5"/>
      </object_component>
      <object_component id="oc-2a">
         <name>.text</name>
         <load_address>0x40d8</load_address>
         <run_address>0x40d8</run_address>
         <size>0xc</size>
         <input_file_ref idref="fl-3"/>
      </object_component>
      <object_component id="oc-302">
         <name>.text:__aeabi_errno_addr</name>
         <load_address>0x40e4</load_address>
         <run_address>0x40e4</run_address>
         <size>0x8</size>
         <input_file_ref idref="fl-ee"/>
      </object_component>
      <object_component id="oc-278">
         <name>.text:malloc</name>
         <load_address>0x40ec</load_address>
         <run_address>0x40ec</run_address>
         <size>0x8</size>
         <input_file_ref idref="fl-db"/>
      </object_component>
      <object_component id="oc-9c">
         <name>.text:_system_pre_init</name>
         <load_address>0x40f4</load_address>
         <run_address>0x40f4</run_address>
         <size>0x4</size>
         <input_file_ref idref="fl-e3"/>
      </object_component>
      <object_component id="oc-10d">
         <name>.text:abort:abort</name>
         <load_address>0x40f8</load_address>
         <run_address>0x40f8</run_address>
         <size>0x4</size>
         <input_file_ref idref="fl-e5"/>
      </object_component>
      <object_component id="oc-33e">
         <name>.const:.string:_ctypes_</name>
         <load_address>0x40fc</load_address>
         <run_address>0x40fc</run_address>
         <size>0x101</size>
         <input_file_ref idref="fl-ea"/>
      </object_component>
      <object_component id="oc-1ec">
         <name>.const:.string:$P$T0$3</name>
         <load_address>0x41fd</load_address>
         <run_address>0x41fd</run_address>
         <size>0xf</size>
         <input_file_ref idref="fl-a"/>
      </object_component>
      <object_component id="oc-17d">
         <name>.const:.string:lineAddress$1</name>
         <load_address>0x420c</load_address>
         <run_address>0x420c</run_address>
         <size>0x4</size>
         <input_file_ref idref="fl-6"/>
      </object_component>
      <object_component id="oc-17e">
         <name>.const:.string:lineAddresses$2</name>
         <load_address>0x4210</load_address>
         <run_address>0x4210</run_address>
         <size>0x4</size>
         <input_file_ref idref="fl-6"/>
      </object_component>
      <object_component id="oc-41b">
         <name>.cinit..data.load</name>
         <load_address>0x4218</load_address>
         <run_address>0x4218</run_address>
         <size>0x1f</size>
      </object_component>
      <object_component id="oc-418">
         <name>__TI_handler_table</name>
         <load_address>0x4238</load_address>
         <run_address>0x4238</run_address>
         <size>0xc</size>
      </object_component>
      <object_component id="oc-41c">
         <name>.cinit..bss.load</name>
         <load_address>0x4248</load_address>
         <run_address>0x4248</run_address>
         <size>0x8</size>
      </object_component>
      <object_component id="oc-41a">
         <name>.cinit..vtable.load</name>
         <load_address>0x4250</load_address>
         <run_address>0x4250</run_address>
         <size>0x8</size>
      </object_component>
      <object_component id="oc-419">
         <name>__TI_cinit_table</name>
         <load_address>0x4258</load_address>
         <run_address>0x4258</run_address>
         <size>0x18</size>
      </object_component>
      <object_component id="oc-21f">
         <name>.vtable</name>
         <uninitialized>true</uninitialized>
         <run_address>0x20000000</run_address>
         <size>0x26c</size>
         <input_file_ref idref="fl-f4"/>
      </object_component>
      <object_component id="oc-19c">
         <name>.data</name>
         <load_address>0x2000232c</load_address>
         <run_address>0x2000232c</run_address>
         <size>0x8</size>
         <input_file_ref idref="fl-4"/>
      </object_component>
      <object_component id="oc-1ca">
         <name>.data</name>
         <load_address>0x2000233d</load_address>
         <run_address>0x2000233d</run_address>
         <size>0x1</size>
         <input_file_ref idref="fl-5"/>
      </object_component>
      <object_component id="oc-1df">
         <name>.data</name>
         <load_address>0x200022fc</load_address>
         <run_address>0x200022fc</run_address>
         <size>0x20</size>
         <input_file_ref idref="fl-a"/>
      </object_component>
      <object_component id="oc-15d">
         <name>.data</name>
         <load_address>0x2000233c</load_address>
         <run_address>0x2000233c</run_address>
         <size>0x1</size>
         <input_file_ref idref="fl-e"/>
      </object_component>
      <object_component id="oc-1bf">
         <name>.data</name>
         <load_address>0x20002334</load_address>
         <run_address>0x20002334</run_address>
         <size>0x4</size>
         <input_file_ref idref="fl-15"/>
      </object_component>
      <object_component id="oc-328">
         <name>.data:$O1$$</name>
         <load_address>0x20002324</load_address>
         <run_address>0x20002324</run_address>
         <size>0x8</size>
         <input_file_ref idref="fl-db"/>
      </object_component>
      <object_component id="oc-203">
         <name>.data:$O1$$</name>
         <load_address>0x2000231c</load_address>
         <run_address>0x2000231c</run_address>
         <size>0x8</size>
         <input_file_ref idref="fl-e6"/>
      </object_component>
      <object_component id="oc-38c">
         <name>.data</name>
         <load_address>0x20002338</load_address>
         <run_address>0x20002338</run_address>
         <size>0x4</size>
         <input_file_ref idref="fl-ee"/>
      </object_component>
      <object_component id="oc-17f">
         <name>.bss:lastbuffer$3</name>
         <uninitialized>true</uninitialized>
         <run_address>0x20002270</run_address>
         <size>0x54</size>
         <input_file_ref idref="fl-6"/>
      </object_component>
      <object_component id="oc-1f9">
         <name>.bss:firmware$2</name>
         <uninitialized>true</uninitialized>
         <run_address>0x200022c4</run_address>
         <size>0x18</size>
         <input_file_ref idref="fl-a"/>
      </object_component>
      <object_component id="oc-266">
         <name>.common:right_calibration_value</name>
         <uninitialized>true</uninitialized>
         <run_address>0x200022f0</run_address>
         <size>0x4</size>
      </object_component>
      <object_component id="oc-267">
         <name>.common:left_calibration_value</name>
         <uninitialized>true</uninitialized>
         <run_address>0x200022e8</run_address>
         <size>0x4</size>
      </object_component>
      <object_component id="oc-160">
         <name>.common:_timeout_ticks</name>
         <uninitialized>true</uninitialized>
         <run_address>0x200022dc</run_address>
         <size>0x4</size>
      </object_component>
      <object_component id="oc-270">
         <name>.common:isr_int_value</name>
         <uninitialized>true</uninitialized>
         <run_address>0x200022e4</run_address>
         <size>0x4</size>
      </object_component>
      <object_component id="oc-26c">
         <name>.common:risingEdge</name>
         <uninitialized>true</uninitialized>
         <run_address>0x200022f4</run_address>
         <size>0x4</size>
      </object_component>
      <object_component id="oc-26d">
         <name>.common:fallingEdge</name>
         <uninitialized>true</uninitialized>
         <run_address>0x200022e0</run_address>
         <size>0x4</size>
      </object_component>
      <object_component id="oc-26e">
         <name>.common:pulseLength</name>
         <uninitialized>true</uninitialized>
         <run_address>0x200022ec</run_address>
         <size>0x4</size>
      </object_component>
      <object_component id="oc-269">
         <name>.common:isRisingEdge</name>
         <uninitialized>true</uninitialized>
         <run_address>0x200022f8</run_address>
         <size>0x1</size>
      </object_component>
      <object_component id="oc-24">
         <name>.sysmem</name>
         <uninitialized>true</uninitialized>
         <run_address>0x20001270</run_address>
         <size>0x10</size>
         <input_file_ref idref="fl-db"/>
      </object_component>
      <object_component id="oc-41f">
         <name>.sysmem</name>
         <uninitialized>true</uninitialized>
         <run_address>0x20001270</run_address>
         <size>0x0</size>
      </object_component>
      <object_component id="oc-27">
         <name>.stack</name>
         <uninitialized>true</uninitialized>
         <run_address>0x20000270</run_address>
         <size>0x4</size>
         <input_file_ref idref="fl-de"/>
      </object_component>
      <object_component id="oc-41e">
         <name>.stack</name>
         <uninitialized>true</uninitialized>
         <run_address>0x20000270</run_address>
         <size>0x0</size>
      </object_component>
      <object_component id="oc-c5">
         <name>.debug_info</name>
         <load_address>0x0</load_address>
         <run_address>0x0</run_address>
         <size>0x46e</size>
         <input_file_ref idref="fl-2"/>
      </object_component>
      <object_component id="oc-a3">
         <name>.debug_info</name>
         <load_address>0x46e</load_address>
         <run_address>0x46e</run_address>
         <size>0x1bf</size>
         <input_file_ref idref="fl-2"/>
      </object_component>
      <object_component id="oc-14d">
         <name>.debug_info</name>
         <load_address>0x62d</load_address>
         <run_address>0x62d</run_address>
         <size>0x5aa</size>
         <input_file_ref idref="fl-2"/>
      </object_component>
      <object_component id="oc-108">
         <name>.debug_info</name>
         <load_address>0xbd7</load_address>
         <run_address>0xbd7</run_address>
         <size>0x9d</size>
         <input_file_ref idref="fl-2"/>
      </object_component>
      <object_component id="oc-77">
         <name>.debug_info</name>
         <load_address>0xc74</load_address>
         <run_address>0xc74</run_address>
         <size>0x26b</size>
         <input_file_ref idref="fl-2"/>
      </object_component>
      <object_component id="oc-1a8">
         <name>.debug_info</name>
         <load_address>0xedf</load_address>
         <run_address>0xedf</run_address>
         <size>0x4c</size>
         <input_file_ref idref="fl-2"/>
      </object_component>
      <object_component id="oc-39">
         <name>.debug_info</name>
         <load_address>0xf2b</load_address>
         <run_address>0xf2b</run_address>
         <size>0x84</size>
         <input_file_ref idref="fl-2"/>
      </object_component>
      <object_component id="oc-c0">
         <name>.debug_info</name>
         <load_address>0xfaf</load_address>
         <run_address>0xfaf</run_address>
         <size>0x2a4</size>
         <input_file_ref idref="fl-2"/>
      </object_component>
      <object_component id="oc-7c">
         <name>.debug_info</name>
         <load_address>0x1253</load_address>
         <run_address>0x1253</run_address>
         <size>0xbb</size>
         <input_file_ref idref="fl-2"/>
      </object_component>
      <object_component id="oc-251">
         <name>.debug_info</name>
         <load_address>0x130e</load_address>
         <run_address>0x130e</run_address>
         <size>0xcc</size>
         <input_file_ref idref="fl-2"/>
      </object_component>
      <object_component id="oc-182">
         <name>.debug_info</name>
         <load_address>0x13da</load_address>
         <run_address>0x13da</run_address>
         <size>0x2c</size>
         <input_file_ref idref="fl-2"/>
      </object_component>
      <object_component id="oc-152">
         <name>.debug_info</name>
         <load_address>0x1406</load_address>
         <run_address>0x1406</run_address>
         <size>0x35</size>
         <input_file_ref idref="fl-2"/>
      </object_component>
      <object_component id="oc-32">
         <name>.debug_info</name>
         <load_address>0x143b</load_address>
         <run_address>0x143b</run_address>
         <size>0x29b</size>
         <input_file_ref idref="fl-3"/>
      </object_component>
      <object_component id="oc-13">
         <name>.debug_info</name>
         <load_address>0x16d6</load_address>
         <run_address>0x16d6</run_address>
         <size>0xda</size>
         <input_file_ref idref="fl-3"/>
      </object_component>
      <object_component id="oc-2b">
         <name>.debug_info</name>
         <load_address>0x17b0</load_address>
         <run_address>0x17b0</run_address>
         <size>0x256</size>
         <input_file_ref idref="fl-3"/>
      </object_component>
      <object_component id="oc-1a5">
         <name>.debug_info</name>
         <load_address>0x1a06</load_address>
         <run_address>0x1a06</run_address>
         <size>0x2da</size>
         <input_file_ref idref="fl-4"/>
      </object_component>
      <object_component id="oc-19d">
         <name>.debug_info</name>
         <load_address>0x1ce0</load_address>
         <run_address>0x1ce0</run_address>
         <size>0x10c</size>
         <input_file_ref idref="fl-4"/>
      </object_component>
      <object_component id="oc-e6">
         <name>.debug_info</name>
         <load_address>0x1dec</load_address>
         <run_address>0x1dec</run_address>
         <size>0x597</size>
         <input_file_ref idref="fl-4"/>
      </object_component>
      <object_component id="oc-1a0">
         <name>.debug_info</name>
         <load_address>0x2383</load_address>
         <run_address>0x2383</run_address>
         <size>0x8b</size>
         <input_file_ref idref="fl-4"/>
      </object_component>
      <object_component id="oc-f6">
         <name>.debug_info</name>
         <load_address>0x240e</load_address>
         <run_address>0x240e</run_address>
         <size>0x1b0</size>
         <input_file_ref idref="fl-5"/>
      </object_component>
      <object_component id="oc-181">
         <name>.debug_info</name>
         <load_address>0x25be</load_address>
         <run_address>0x25be</run_address>
         <size>0x387</size>
         <input_file_ref idref="fl-6"/>
      </object_component>
      <object_component id="oc-166">
         <name>.debug_info</name>
         <load_address>0x2945</load_address>
         <run_address>0x2945</run_address>
         <size>0x12c</size>
         <input_file_ref idref="fl-6"/>
      </object_component>
      <object_component id="oc-e1">
         <name>.debug_info</name>
         <load_address>0x2a71</load_address>
         <run_address>0x2a71</run_address>
         <size>0x938</size>
         <input_file_ref idref="fl-6"/>
      </object_component>
      <object_component id="oc-1a7">
         <name>.debug_info</name>
         <load_address>0x33a9</load_address>
         <run_address>0x33a9</run_address>
         <size>0x2d3</size>
         <input_file_ref idref="fl-7"/>
      </object_component>
      <object_component id="oc-eb">
         <name>.debug_info</name>
         <load_address>0x367c</load_address>
         <run_address>0x367c</run_address>
         <size>0x362</size>
         <input_file_ref idref="fl-7"/>
      </object_component>
      <object_component id="oc-1fb">
         <name>.debug_info</name>
         <load_address>0x39de</load_address>
         <run_address>0x39de</run_address>
         <size>0x403</size>
         <input_file_ref idref="fl-a"/>
      </object_component>
      <object_component id="oc-1e0">
         <name>.debug_info</name>
         <load_address>0x3de1</load_address>
         <run_address>0x3de1</run_address>
         <size>0x118</size>
         <input_file_ref idref="fl-a"/>
      </object_component>
      <object_component id="oc-1ed">
         <name>.debug_info</name>
         <load_address>0x3ef9</load_address>
         <run_address>0x3ef9</run_address>
         <size>0xcd</size>
         <input_file_ref idref="fl-a"/>
      </object_component>
      <object_component id="oc-1da">
         <name>.debug_info</name>
         <load_address>0x3fc6</load_address>
         <run_address>0x3fc6</run_address>
         <size>0x153</size>
         <input_file_ref idref="fl-a"/>
      </object_component>
      <object_component id="oc-fc">
         <name>.debug_info</name>
         <load_address>0x4119</load_address>
         <run_address>0x4119</run_address>
         <size>0x1afb</size>
         <input_file_ref idref="fl-a"/>
      </object_component>
      <object_component id="oc-1fd">
         <name>.debug_info</name>
         <load_address>0x5c14</load_address>
         <run_address>0x5c14</run_address>
         <size>0x301</size>
         <input_file_ref idref="fl-d"/>
      </object_component>
      <object_component id="oc-104">
         <name>.debug_info</name>
         <load_address>0x5f15</load_address>
         <run_address>0x5f15</run_address>
         <size>0x1dc</size>
         <input_file_ref idref="fl-d"/>
      </object_component>
      <object_component id="oc-161">
         <name>.debug_info</name>
         <load_address>0x60f1</load_address>
         <run_address>0x60f1</run_address>
         <size>0x2bb</size>
         <input_file_ref idref="fl-e"/>
      </object_component>
      <object_component id="oc-15e">
         <name>.debug_info</name>
         <load_address>0x63ac</load_address>
         <run_address>0x63ac</run_address>
         <size>0xc9</size>
         <input_file_ref idref="fl-e"/>
      </object_component>
      <object_component id="oc-da">
         <name>.debug_info</name>
         <load_address>0x6475</load_address>
         <run_address>0x6475</run_address>
         <size>0x5c5</size>
         <input_file_ref idref="fl-e"/>
      </object_component>
      <object_component id="oc-1c3">
         <name>.debug_info</name>
         <load_address>0x6a3a</load_address>
         <run_address>0x6a3a</run_address>
         <size>0x485</size>
         <input_file_ref idref="fl-15"/>
      </object_component>
      <object_component id="oc-1c0">
         <name>.debug_info</name>
         <load_address>0x6ebf</load_address>
         <run_address>0x6ebf</run_address>
         <size>0x114</size>
         <input_file_ref idref="fl-15"/>
      </object_component>
      <object_component id="oc-f1">
         <name>.debug_info</name>
         <load_address>0x6fd3</load_address>
         <run_address>0x6fd3</run_address>
         <size>0x4ce</size>
         <input_file_ref idref="fl-15"/>
      </object_component>
      <object_component id="oc-1c5">
         <name>.debug_info</name>
         <load_address>0x74a1</load_address>
         <run_address>0x74a1</run_address>
         <size>0x9d</size>
         <input_file_ref idref="fl-15"/>
      </object_component>
      <object_component id="oc-271">
         <name>.debug_info</name>
         <load_address>0x753e</load_address>
         <run_address>0x753e</run_address>
         <size>0x2b7</size>
         <input_file_ref idref="fl-16"/>
      </object_component>
      <object_component id="oc-1bc">
         <name>.debug_info</name>
         <load_address>0x77f5</load_address>
         <run_address>0x77f5</run_address>
         <size>0x266</size>
         <input_file_ref idref="fl-16"/>
      </object_component>
      <object_component id="oc-26a">
         <name>.debug_info</name>
         <load_address>0x7a5b</load_address>
         <run_address>0x7a5b</run_address>
         <size>0x3ba</size>
         <input_file_ref idref="fl-17"/>
      </object_component>
      <object_component id="oc-1b6">
         <name>.debug_info</name>
         <load_address>0x7e15</load_address>
         <run_address>0x7e15</run_address>
         <size>0x270</size>
         <input_file_ref idref="fl-17"/>
      </object_component>
      <object_component id="oc-1b0">
         <name>.debug_info</name>
         <load_address>0x8085</load_address>
         <run_address>0x8085</run_address>
         <size>0x296</size>
         <input_file_ref idref="fl-18"/>
      </object_component>
      <object_component id="oc-240">
         <name>.debug_info</name>
         <load_address>0x831b</load_address>
         <run_address>0x831b</run_address>
         <size>0x340</size>
         <input_file_ref idref="fl-ce"/>
      </object_component>
      <object_component id="oc-16c">
         <name>.debug_info</name>
         <load_address>0x865b</load_address>
         <run_address>0x865b</run_address>
         <size>0x208</size>
         <input_file_ref idref="fl-ce"/>
      </object_component>
      <object_component id="oc-234">
         <name>.debug_info</name>
         <load_address>0x8863</load_address>
         <run_address>0x8863</run_address>
         <size>0x1c6</size>
         <input_file_ref idref="fl-ce"/>
      </object_component>
      <object_component id="oc-23a">
         <name>.debug_info</name>
         <load_address>0x8a29</load_address>
         <run_address>0x8a29</run_address>
         <size>0x179</size>
         <input_file_ref idref="fl-ce"/>
      </object_component>
      <object_component id="oc-241">
         <name>.debug_info</name>
         <load_address>0x8ba2</load_address>
         <run_address>0x8ba2</run_address>
         <size>0x2c</size>
         <input_file_ref idref="fl-ce"/>
      </object_component>
      <object_component id="oc-246">
         <name>.debug_info</name>
         <load_address>0x8bce</load_address>
         <run_address>0x8bce</run_address>
         <size>0x69</size>
         <input_file_ref idref="fl-ce"/>
      </object_component>
      <object_component id="oc-18e">
         <name>.debug_info</name>
         <load_address>0x8c37</load_address>
         <run_address>0x8c37</run_address>
         <size>0x14c</size>
         <input_file_ref idref="fl-cf"/>
      </object_component>
      <object_component id="oc-2da">
         <name>.debug_info</name>
         <load_address>0x8d83</load_address>
         <run_address>0x8d83</run_address>
         <size>0x128</size>
         <input_file_ref idref="fl-d0"/>
      </object_component>
      <object_component id="oc-34b">
         <name>.debug_info</name>
         <load_address>0x8eab</load_address>
         <run_address>0x8eab</run_address>
         <size>0x12a</size>
         <input_file_ref idref="fl-d0"/>
      </object_component>
      <object_component id="oc-1e8">
         <name>.debug_info</name>
         <load_address>0x8fd5</load_address>
         <run_address>0x8fd5</run_address>
         <size>0x13a</size>
         <input_file_ref idref="fl-d1"/>
      </object_component>
      <object_component id="oc-1e3">
         <name>.debug_info</name>
         <load_address>0x910f</load_address>
         <run_address>0x910f</run_address>
         <size>0x13a</size>
         <input_file_ref idref="fl-d2"/>
      </object_component>
      <object_component id="oc-192">
         <name>.debug_info</name>
         <load_address>0x9249</load_address>
         <run_address>0x9249</run_address>
         <size>0x12e</size>
         <input_file_ref idref="fl-d3"/>
      </object_component>
      <object_component id="oc-1f0">
         <name>.debug_info</name>
         <load_address>0x9377</load_address>
         <run_address>0x9377</run_address>
         <size>0x13e</size>
         <input_file_ref idref="fl-d4"/>
      </object_component>
      <object_component id="oc-1f5">
         <name>.debug_info</name>
         <load_address>0x94b5</load_address>
         <run_address>0x94b5</run_address>
         <size>0x12c</size>
         <input_file_ref idref="fl-d5"/>
      </object_component>
      <object_component id="oc-188">
         <name>.debug_info</name>
         <load_address>0x95e1</load_address>
         <run_address>0x95e1</run_address>
         <size>0x12c</size>
         <input_file_ref idref="fl-d6"/>
      </object_component>
      <object_component id="oc-41">
         <name>.debug_info</name>
         <load_address>0x970d</load_address>
         <run_address>0x970d</run_address>
         <size>0x119</size>
         <input_file_ref idref="fl-d7"/>
      </object_component>
      <object_component id="oc-95">
         <name>.debug_info</name>
         <load_address>0x9826</load_address>
         <run_address>0x9826</run_address>
         <size>0x2d4</size>
         <input_file_ref idref="fl-d8"/>
      </object_component>
      <object_component id="oc-4b">
         <name>.debug_info</name>
         <load_address>0x9afa</load_address>
         <run_address>0x9afa</run_address>
         <size>0x1d2</size>
         <input_file_ref idref="fl-d8"/>
      </object_component>
      <object_component id="oc-90">
         <name>.debug_info</name>
         <load_address>0x9ccc</load_address>
         <run_address>0x9ccc</run_address>
         <size>0x46</size>
         <input_file_ref idref="fl-d8"/>
      </object_component>
      <object_component id="oc-ce">
         <name>.debug_info</name>
         <load_address>0x9d12</load_address>
         <run_address>0x9d12</run_address>
         <size>0x2c</size>
         <input_file_ref idref="fl-d8"/>
      </object_component>
      <object_component id="oc-49">
         <name>.debug_info</name>
         <load_address>0x9d3e</load_address>
         <run_address>0x9d3e</run_address>
         <size>0x2a8</size>
         <input_file_ref idref="fl-d9"/>
      </object_component>
      <object_component id="oc-1f">
         <name>.debug_info</name>
         <load_address>0x9fe6</load_address>
         <run_address>0x9fe6</run_address>
         <size>0x1ea</size>
         <input_file_ref idref="fl-d9"/>
      </object_component>
      <object_component id="oc-44">
         <name>.debug_info</name>
         <load_address>0xa1d0</load_address>
         <run_address>0xa1d0</run_address>
         <size>0x46</size>
         <input_file_ref idref="fl-d9"/>
      </object_component>
      <object_component id="oc-88">
         <name>.debug_info</name>
         <load_address>0xa216</load_address>
         <run_address>0xa216</run_address>
         <size>0x2c</size>
         <input_file_ref idref="fl-d9"/>
      </object_component>
      <object_component id="oc-86">
         <name>.debug_info</name>
         <load_address>0xa242</load_address>
         <run_address>0xa242</run_address>
         <size>0x29e</size>
         <input_file_ref idref="fl-da"/>
      </object_component>
      <object_component id="oc-18">
         <name>.debug_info</name>
         <load_address>0xa4e0</load_address>
         <run_address>0xa4e0</run_address>
         <size>0x250</size>
         <input_file_ref idref="fl-da"/>
      </object_component>
      <object_component id="oc-34">
         <name>.debug_info</name>
         <load_address>0xa730</load_address>
         <run_address>0xa730</run_address>
         <size>0x60</size>
         <input_file_ref idref="fl-da"/>
      </object_component>
      <object_component id="oc-c7">
         <name>.debug_info</name>
         <load_address>0xa790</load_address>
         <run_address>0xa790</run_address>
         <size>0x46</size>
         <input_file_ref idref="fl-da"/>
      </object_component>
      <object_component id="oc-81">
         <name>.debug_info</name>
         <load_address>0xa7d6</load_address>
         <run_address>0xa7d6</run_address>
         <size>0x39</size>
         <input_file_ref idref="fl-da"/>
      </object_component>
      <object_component id="oc-70">
         <name>.debug_info</name>
         <load_address>0xa80f</load_address>
         <run_address>0xa80f</run_address>
         <size>0x3b2</size>
         <input_file_ref idref="fl-db"/>
      </object_component>
      <object_component id="oc-25">
         <name>.debug_info</name>
         <load_address>0xabc1</load_address>
         <run_address>0xabc1</run_address>
         <size>0x10c</size>
         <input_file_ref idref="fl-db"/>
      </object_component>
      <object_component id="oc-329">
         <name>.debug_info</name>
         <load_address>0xaccd</load_address>
         <run_address>0xaccd</run_address>
         <size>0x13f</size>
         <input_file_ref idref="fl-db"/>
      </object_component>
      <object_component id="oc-27a">
         <name>.debug_info</name>
         <load_address>0xae0c</load_address>
         <run_address>0xae0c</run_address>
         <size>0x168</size>
         <input_file_ref idref="fl-db"/>
      </object_component>
      <object_component id="oc-281">
         <name>.debug_info</name>
         <load_address>0xaf74</load_address>
         <run_address>0xaf74</run_address>
         <size>0x18e</size>
         <input_file_ref idref="fl-db"/>
      </object_component>
      <object_component id="oc-287">
         <name>.debug_info</name>
         <load_address>0xb102</load_address>
         <run_address>0xb102</run_address>
         <size>0x19f</size>
         <input_file_ref idref="fl-db"/>
      </object_component>
      <object_component id="oc-1d4">
         <name>.debug_info</name>
         <load_address>0xb2a1</load_address>
         <run_address>0xb2a1</run_address>
         <size>0x203</size>
         <input_file_ref idref="fl-db"/>
      </object_component>
      <object_component id="oc-39f">
         <name>.debug_info</name>
         <load_address>0xb4a4</load_address>
         <run_address>0xb4a4</run_address>
         <size>0x1db</size>
         <input_file_ref idref="fl-db"/>
      </object_component>
      <object_component id="oc-1ce">
         <name>.debug_info</name>
         <load_address>0xb67f</load_address>
         <run_address>0xb67f</run_address>
         <size>0x1a5</size>
         <input_file_ref idref="fl-db"/>
      </object_component>
      <object_component id="oc-323">
         <name>.debug_info</name>
         <load_address>0xb824</load_address>
         <run_address>0xb824</run_address>
         <size>0x299</size>
         <input_file_ref idref="fl-db"/>
      </object_component>
      <object_component id="oc-bb">
         <name>.debug_info</name>
         <load_address>0xbabd</load_address>
         <run_address>0xbabd</run_address>
         <size>0xb2</size>
         <input_file_ref idref="fl-db"/>
      </object_component>
      <object_component id="oc-b6">
         <name>.debug_info</name>
         <load_address>0xbb6f</load_address>
         <run_address>0xbb6f</run_address>
         <size>0x2c</size>
         <input_file_ref idref="fl-db"/>
      </object_component>
      <object_component id="oc-24c">
         <name>.debug_info</name>
         <load_address>0xbb9b</load_address>
         <run_address>0xbb9b</run_address>
         <size>0x28a</size>
         <input_file_ref idref="fl-dc"/>
      </object_component>
      <object_component id="oc-175">
         <name>.debug_info</name>
         <load_address>0xbe25</load_address>
         <run_address>0xbe25</run_address>
         <size>0x273</size>
         <input_file_ref idref="fl-dc"/>
      </object_component>
      <object_component id="oc-24e">
         <name>.debug_info</name>
         <load_address>0xc098</load_address>
         <run_address>0xc098</run_address>
         <size>0x2a4</size>
         <input_file_ref idref="fl-dd"/>
      </object_component>
      <object_component id="oc-17b">
         <name>.debug_info</name>
         <load_address>0xc33c</load_address>
         <run_address>0xc33c</run_address>
         <size>0x24d</size>
         <input_file_ref idref="fl-dd"/>
      </object_component>
      <object_component id="oc-28">
         <name>.debug_info</name>
         <load_address>0xc589</load_address>
         <run_address>0xc589</run_address>
         <size>0x10b</size>
         <input_file_ref idref="fl-de"/>
      </object_component>
      <object_component id="oc-5e">
         <name>.debug_info</name>
         <load_address>0xc694</load_address>
         <run_address>0xc694</run_address>
         <size>0x1a9</size>
         <input_file_ref idref="fl-de"/>
      </object_component>
      <object_component id="oc-309">
         <name>.debug_info</name>
         <load_address>0xc83d</load_address>
         <run_address>0xc83d</run_address>
         <size>0x590</size>
         <input_file_ref idref="fl-df"/>
      </object_component>
      <object_component id="oc-2d7">
         <name>.debug_info</name>
         <load_address>0xcdcd</load_address>
         <run_address>0xcdcd</run_address>
         <size>0x21e</size>
         <input_file_ref idref="fl-df"/>
      </object_component>
      <object_component id="oc-359">
         <name>.debug_info</name>
         <load_address>0xcfeb</load_address>
         <run_address>0xcfeb</run_address>
         <size>0x1b3</size>
         <input_file_ref idref="fl-df"/>
      </object_component>
      <object_component id="oc-35f">
         <name>.debug_info</name>
         <load_address>0xd19e</load_address>
         <run_address>0xd19e</run_address>
         <size>0x21b</size>
         <input_file_ref idref="fl-df"/>
      </object_component>
      <object_component id="oc-2e2">
         <name>.debug_info</name>
         <load_address>0xd3b9</load_address>
         <run_address>0xd3b9</run_address>
         <size>0x3c0</size>
         <input_file_ref idref="fl-df"/>
      </object_component>
      <object_component id="oc-366">
         <name>.debug_info</name>
         <load_address>0xd779</load_address>
         <run_address>0xd779</run_address>
         <size>0x30a</size>
         <input_file_ref idref="fl-df"/>
      </object_component>
      <object_component id="oc-36c">
         <name>.debug_info</name>
         <load_address>0xda83</load_address>
         <run_address>0xda83</run_address>
         <size>0x215</size>
         <input_file_ref idref="fl-df"/>
      </object_component>
      <object_component id="oc-2e8">
         <name>.debug_info</name>
         <load_address>0xdc98</load_address>
         <run_address>0xdc98</run_address>
         <size>0x215</size>
         <input_file_ref idref="fl-df"/>
      </object_component>
      <object_component id="oc-2ee">
         <name>.debug_info</name>
         <load_address>0xdead</load_address>
         <run_address>0xdead</run_address>
         <size>0x304</size>
         <input_file_ref idref="fl-df"/>
      </object_component>
      <object_component id="oc-2f4">
         <name>.debug_info</name>
         <load_address>0xe1b1</load_address>
         <run_address>0xe1b1</run_address>
         <size>0x4b5</size>
         <input_file_ref idref="fl-df"/>
      </object_component>
      <object_component id="oc-231">
         <name>.debug_info</name>
         <load_address>0xe666</load_address>
         <run_address>0xe666</run_address>
         <size>0x5f4</size>
         <input_file_ref idref="fl-df"/>
      </object_component>
      <object_component id="oc-30a">
         <name>.debug_info</name>
         <load_address>0xec5a</load_address>
         <run_address>0xec5a</run_address>
         <size>0x86</size>
         <input_file_ref idref="fl-df"/>
      </object_component>
      <object_component id="oc-393">
         <name>.debug_info</name>
         <load_address>0xece0</load_address>
         <run_address>0xece0</run_address>
         <size>0x39</size>
         <input_file_ref idref="fl-df"/>
      </object_component>
      <object_component id="oc-3d8">
         <name>.debug_info</name>
         <load_address>0xed19</load_address>
         <run_address>0xed19</run_address>
         <size>0xb6</size>
         <input_file_ref idref="fl-df"/>
      </object_component>
      <object_component id="oc-398">
         <name>.debug_info</name>
         <load_address>0xedcf</load_address>
         <run_address>0xedcf</run_address>
         <size>0x46</size>
         <input_file_ref idref="fl-df"/>
      </object_component>
      <object_component id="oc-30f">
         <name>.debug_info</name>
         <load_address>0xee15</load_address>
         <run_address>0xee15</run_address>
         <size>0x46</size>
         <input_file_ref idref="fl-df"/>
      </object_component>
      <object_component id="oc-98">
         <name>.debug_info</name>
         <load_address>0xee5b</load_address>
         <run_address>0xee5b</run_address>
         <size>0x147</size>
         <input_file_ref idref="fl-e0"/>
      </object_component>
      <object_component id="oc-345">
         <name>.debug_info</name>
         <load_address>0xefa2</load_address>
         <run_address>0xefa2</run_address>
         <size>0x134</size>
         <input_file_ref idref="fl-e1"/>
      </object_component>
      <object_component id="oc-20a">
         <name>.debug_info</name>
         <load_address>0xf0d6</load_address>
         <run_address>0xf0d6</run_address>
         <size>0x4b3</size>
         <input_file_ref idref="fl-e2"/>
      </object_component>
      <object_component id="oc-11a">
         <name>.debug_info</name>
         <load_address>0xf589</load_address>
         <run_address>0xf589</run_address>
         <size>0x1a6</size>
         <input_file_ref idref="fl-e2"/>
      </object_component>
      <object_component id="oc-2a8">
         <name>.debug_info</name>
         <load_address>0xf72f</load_address>
         <run_address>0xf72f</run_address>
         <size>0x39</size>
         <input_file_ref idref="fl-e2"/>
      </object_component>
      <object_component id="oc-330">
         <name>.debug_info</name>
         <load_address>0xf768</load_address>
         <run_address>0xf768</run_address>
         <size>0x39</size>
         <input_file_ref idref="fl-e2"/>
      </object_component>
      <object_component id="oc-2ad">
         <name>.debug_info</name>
         <load_address>0xf7a1</load_address>
         <run_address>0xf7a1</run_address>
         <size>0x39</size>
         <input_file_ref idref="fl-e2"/>
      </object_component>
      <object_component id="oc-2b2">
         <name>.debug_info</name>
         <load_address>0xf7da</load_address>
         <run_address>0xf7da</run_address>
         <size>0xcd</size>
         <input_file_ref idref="fl-e2"/>
      </object_component>
      <object_component id="oc-9d">
         <name>.debug_info</name>
         <load_address>0xf8a7</load_address>
         <run_address>0xf8a7</run_address>
         <size>0x153</size>
         <input_file_ref idref="fl-e3"/>
      </object_component>
      <object_component id="oc-10e">
         <name>.debug_info</name>
         <load_address>0xf9fa</load_address>
         <run_address>0xf9fa</run_address>
         <size>0x122</size>
         <input_file_ref idref="fl-e5"/>
      </object_component>
      <object_component id="oc-2a2">
         <name>.debug_info</name>
         <load_address>0xfb1c</load_address>
         <run_address>0xfb1c</run_address>
         <size>0x2c9</size>
         <input_file_ref idref="fl-e6"/>
      </object_component>
      <object_component id="oc-204">
         <name>.debug_info</name>
         <load_address>0xfde5</load_address>
         <run_address>0xfde5</run_address>
         <size>0x11e</size>
         <input_file_ref idref="fl-e6"/>
      </object_component>
      <object_component id="oc-29b">
         <name>.debug_info</name>
         <load_address>0xff03</load_address>
         <run_address>0xff03</run_address>
         <size>0x12e</size>
         <input_file_ref idref="fl-e6"/>
      </object_component>
      <object_component id="oc-3b5">
         <name>.debug_info</name>
         <load_address>0x10031</load_address>
         <run_address>0x10031</run_address>
         <size>0x29c</size>
         <input_file_ref idref="fl-e7"/>
      </object_component>
      <object_component id="oc-350">
         <name>.debug_info</name>
         <load_address>0x102cd</load_address>
         <run_address>0x102cd</run_address>
         <size>0x1da</size>
         <input_file_ref idref="fl-e7"/>
      </object_component>
      <object_component id="oc-342">
         <name>.debug_info</name>
         <load_address>0x104a7</load_address>
         <run_address>0x104a7</run_address>
         <size>0x2b9</size>
         <input_file_ref idref="fl-e9"/>
      </object_component>
      <object_component id="oc-2d1">
         <name>.debug_info</name>
         <load_address>0x10760</load_address>
         <run_address>0x10760</run_address>
         <size>0x17c</size>
         <input_file_ref idref="fl-e9"/>
      </object_component>
      <object_component id="oc-3aa">
         <name>.debug_info</name>
         <load_address>0x108dc</load_address>
         <run_address>0x108dc</run_address>
         <size>0xf9</size>
         <input_file_ref idref="fl-ea"/>
      </object_component>
      <object_component id="oc-33f">
         <name>.debug_info</name>
         <load_address>0x109d5</load_address>
         <run_address>0x109d5</run_address>
         <size>0x105</size>
         <input_file_ref idref="fl-ea"/>
      </object_component>
      <object_component id="oc-384">
         <name>.debug_info</name>
         <load_address>0x10ada</load_address>
         <run_address>0x10ada</run_address>
         <size>0x2a7</size>
         <input_file_ref idref="fl-eb"/>
      </object_component>
      <object_component id="oc-2fa">
         <name>.debug_info</name>
         <load_address>0x10d81</load_address>
         <run_address>0x10d81</run_address>
         <size>0x1b8</size>
         <input_file_ref idref="fl-eb"/>
      </object_component>
      <object_component id="oc-3ca">
         <name>.debug_info</name>
         <load_address>0x10f39</load_address>
         <run_address>0x10f39</run_address>
         <size>0x29a</size>
         <input_file_ref idref="fl-ec"/>
      </object_component>
      <object_component id="oc-37d">
         <name>.debug_info</name>
         <load_address>0x111d3</load_address>
         <run_address>0x111d3</run_address>
         <size>0x262</size>
         <input_file_ref idref="fl-ec"/>
      </object_component>
      <object_component id="oc-33d">
         <name>.debug_info</name>
         <load_address>0x11435</load_address>
         <run_address>0x11435</run_address>
         <size>0x28f</size>
         <input_file_ref idref="fl-ed"/>
      </object_component>
      <object_component id="oc-2c8">
         <name>.debug_info</name>
         <load_address>0x116c4</load_address>
         <run_address>0x116c4</run_address>
         <size>0x245</size>
         <input_file_ref idref="fl-ed"/>
      </object_component>
      <object_component id="oc-390">
         <name>.debug_info</name>
         <load_address>0x11909</load_address>
         <run_address>0x11909</run_address>
         <size>0x289</size>
         <input_file_ref idref="fl-ee"/>
      </object_component>
      <object_component id="oc-38d">
         <name>.debug_info</name>
         <load_address>0x11b92</load_address>
         <run_address>0x11b92</run_address>
         <size>0x10e</size>
         <input_file_ref idref="fl-ee"/>
      </object_component>
      <object_component id="oc-303">
         <name>.debug_info</name>
         <load_address>0x11ca0</load_address>
         <run_address>0x11ca0</run_address>
         <size>0x14e</size>
         <input_file_ref idref="fl-ee"/>
      </object_component>
      <object_component id="oc-38b">
         <name>.debug_info</name>
         <load_address>0x11dee</load_address>
         <run_address>0x11dee</run_address>
         <size>0x28f</size>
         <input_file_ref idref="fl-ef"/>
      </object_component>
      <object_component id="oc-300">
         <name>.debug_info</name>
         <load_address>0x1207d</load_address>
         <run_address>0x1207d</run_address>
         <size>0x15a</size>
         <input_file_ref idref="fl-ef"/>
      </object_component>
      <object_component id="oc-3cd">
         <name>.debug_info</name>
         <load_address>0x121d7</load_address>
         <run_address>0x121d7</run_address>
         <size>0x46</size>
         <input_file_ref idref="fl-ef"/>
      </object_component>
      <object_component id="oc-386">
         <name>.debug_info</name>
         <load_address>0x1221d</load_address>
         <run_address>0x1221d</run_address>
         <size>0x39</size>
         <input_file_ref idref="fl-ef"/>
      </object_component>
      <object_component id="oc-3bb">
         <name>.debug_info</name>
         <load_address>0x12256</load_address>
         <run_address>0x12256</run_address>
         <size>0x295</size>
         <input_file_ref idref="fl-f0"/>
      </object_component>
      <object_component id="oc-371">
         <name>.debug_info</name>
         <load_address>0x124eb</load_address>
         <run_address>0x124eb</run_address>
         <size>0x195</size>
         <input_file_ref idref="fl-f0"/>
      </object_component>
      <object_component id="oc-3e5">
         <name>.debug_info</name>
         <load_address>0x12680</load_address>
         <run_address>0x12680</run_address>
         <size>0x39</size>
         <input_file_ref idref="fl-f0"/>
      </object_component>
      <object_component id="oc-3bc">
         <name>.debug_info</name>
         <load_address>0x126b9</load_address>
         <run_address>0x126b9</run_address>
         <size>0x2c</size>
         <input_file_ref idref="fl-f0"/>
      </object_component>
      <object_component id="oc-3c8">
         <name>.debug_info</name>
         <load_address>0x126e5</load_address>
         <run_address>0x126e5</run_address>
         <size>0x2f8</size>
         <input_file_ref idref="fl-f1"/>
      </object_component>
      <object_component id="oc-377">
         <name>.debug_info</name>
         <load_address>0x129dd</load_address>
         <run_address>0x129dd</run_address>
         <size>0x225</size>
         <input_file_ref idref="fl-f1"/>
      </object_component>
      <object_component id="oc-3ae">
         <name>.debug_info</name>
         <load_address>0x12c02</load_address>
         <run_address>0x12c02</run_address>
         <size>0x115</size>
         <input_file_ref idref="fl-f2"/>
      </object_component>
      <object_component id="oc-3c2">
         <name>.debug_info</name>
         <load_address>0x12d17</load_address>
         <run_address>0x12d17</run_address>
         <size>0x161</size>
         <input_file_ref idref="fl-f3"/>
      </object_component>
      <object_component id="oc-228">
         <name>.debug_info</name>
         <load_address>0x12e78</load_address>
         <run_address>0x12e78</run_address>
         <size>0x3b7</size>
         <input_file_ref idref="fl-f4"/>
      </object_component>
      <object_component id="oc-220">
         <name>.debug_info</name>
         <load_address>0x1322f</load_address>
         <run_address>0x1322f</run_address>
         <size>0x160</size>
         <input_file_ref idref="fl-f4"/>
      </object_component>
      <object_component id="oc-158">
         <name>.debug_info</name>
         <load_address>0x1338f</load_address>
         <run_address>0x1338f</run_address>
         <size>0x2ca</size>
         <input_file_ref idref="fl-f4"/>
      </object_component>
[...]
         <name>oi_setWheels</name>
         <value>0x88f</value>
         <object_component_ref idref="oc-fb"/>
      </symbol>
      <symbol id="sm-220">
         <name>oi_shutoff_init</name>
         <value>0xb51</value>
         <object_component_ref idref="oc-fb"/>
      </symbol>
      <symbol id="sm-221">
         <name>motor_cal_factor_L</name>
         <value>0x200022fc</value>
         <object_component_ref idref="oc-1df"/>
      </symbol>
      <symbol id="sm-222">
         <name>motor_cal_factor_R</name>
         <value>0x20002300</value>
         <object_component_ref idref="oc-1df"/>
      </symbol>
      <symbol id="sm-223">
         <name>oi_parseInt</name>
         <value>0x401f</value>
         <object_component_ref idref="oc-1d8"/>
      </symbol>
      <symbol id="sm-224">
         <name>oi_setMotorCalibration</name>
         <value>0xdb1</value>
         <object_component_ref idref="oc-fb"/>
      </symbol>
      <symbol id="sm-225">
         <name>oi_uartSendStr</name>
         <value>0xa59</value>
         <object_component_ref idref="oc-fb"/>
      </symbol>
      <symbol id="sm-226">
         <name>oi_close</name>
         <value>0x2c7</value>
         <object_component_ref idref="oc-fb"/>
      </symbol>
      <symbol id="sm-227">
         <name>oi_uartSendBuff</name>
         <value>0xa77</value>
         <object_component_ref idref="oc-fb"/>
      </symbol>
      <symbol id="sm-228">
         <name>oi_checkFirmware</name>
         <value>0xaa9</value>
         <object_component_ref idref="oc-fb"/>
      </symbol>
      <symbol id="sm-229">
         <name>oi_init_noupdate</name>
         <value>0x289</value>
         <object_component_ref idref="oc-fb"/>
      </symbol>
      <symbol id="sm-22a">
         <name>oi_uartSendChar</name>
         <value>0xa15</value>
         <object_component_ref idref="oc-fb"/>
      </symbol>
      <symbol id="sm-22b">
         <name>oi_alloc</name>
         <value>0x26d</value>
         <object_component_ref idref="oc-fb"/>
      </symbol>
      <symbol id="sm-22c">
         <name>oi_getMotorCalibrationLeft</name>
         <value>0xded</value>
         <object_component_ref idref="oc-fb"/>
      </symbol>
      <symbol id="sm-22d">
         <name>oi_loadSong</name>
         <value>0x915</value>
         <object_component_ref idref="oc-fb"/>
      </symbol>
      <symbol id="sm-22e">
         <name>oi_play_song</name>
         <value>0x96b</value>
         <object_component_ref idref="oc-fb"/>
      </symbol>
      <symbol id="sm-22f">
         <name>oi_parsePacket</name>
         <value>0x32b</value>
         <object_component_ref idref="oc-fb"/>
      </symbol>
      <symbol id="sm-230">
         <name>oi_setLeds</name>
         <value>0x84b</value>
         <object_component_ref idref="oc-fb"/>
      </symbol>
      <symbol id="sm-231">
         <name>oi_init</name>
         <value>0x2b1</value>
         <object_component_ref idref="oc-fb"/>
      </symbol>
      <symbol id="sm-232">
         <name>oi_update</name>
         <value>0x2d9</value>
         <object_component_ref idref="oc-fb"/>
      </symbol>
      <symbol id="sm-233">
         <name>oi_uartInit</name>
         <value>0x98d</value>
         <object_component_ref idref="oc-fb"/>
      </symbol>
      <symbol id="sm-245">
         <name>scanBetween</name>
         <value>0x3e71</value>
         <object_component_ref idref="oc-101"/>
      </symbol>
      <symbol id="sm-280">
         <name>_timeout_ticks</name>
         <value>0x200022dc</value>
      </symbol>
      <symbol id="sm-281">
         <name>timer_pause</name>
         <value>0x23c3</value>
         <object_component_ref idref="oc-d7"/>
      </symbol>
      <symbol id="sm-282">
         <name>timer_resume</name>
         <value>0x23d5</value>
         <object_component_ref idref="oc-d7"/>
      </symbol>
      <symbol id="sm-283">
         <name>timer_getMillis</name>
         <value>0x23e7</value>
         <object_component_ref idref="oc-d7"/>
      </symbol>
      <symbol id="sm-284">
         <name>_running</name>
         <value>0x2000233c</value>
         <object_component_ref idref="oc-15d"/>
      </symbol>
      <symbol id="sm-285">
         <name>timer_init</name>
         <value>0x2321</value>
         <object_component_ref idref="oc-d7"/>
      </symbol>
      <symbol id="sm-286">
         <name>timer_stop</name>
         <value>0x2399</value>
         <object_component_ref idref="oc-d7"/>
      </symbol>
      <symbol id="sm-287">
         <name>timer_getMicros</name>
         <value>0x243f</value>
         <object_component_ref idref="oc-d7"/>
      </symbol>
      <symbol id="sm-288">
         <name>timer_waitMillis</name>
         <value>0x24cb</value>
         <object_component_ref idref="oc-d7"/>
      </symbol>
      <symbol id="sm-289">
         <name>timer_waitMicros</name>
         <value>0x2499</value>
         <object_component_ref idref="oc-d7"/>
      </symbol>
      <symbol id="sm-2c5">
         <name>cyBOT_SERVO_cal</name>
         <value>0x1f4d</value>
         <object_component_ref idref="oc-ef"/>
      </symbol>
      <symbol id="sm-2c6">
         <name>cyBOT_Scan</name>
         <value>0x1edb</value>
         <object_component_ref idref="oc-ef"/>
      </symbol>
      <symbol id="sm-2c7">
         <name>cyBOT_scan_features</name>
         <value>0x20002334</value>
         <object_component_ref idref="oc-1bf"/>
      </symbol>
      <symbol id="sm-2c8">
         <name>cyBOT_scan_version</name>
         <value>0x1e75</value>
         <object_component_ref idref="oc-ef"/>
      </symbol>
      <symbol id="sm-2c9">
         <name>cyBOT_init_Scan</name>
         <value>0x1e83</value>
         <object_component_ref idref="oc-ef"/>
      </symbol>
      <symbol id="sm-2f0">
         <name>isr_int_value</name>
         <value>0x200022e4</value>
      </symbol>
      <symbol id="sm-2f1">
         <name>ir_enableInterrupt</name>
         <value>0x307b</value>
         <object_component_ref idref="oc-1b9"/>
      </symbol>
      <symbol id="sm-2f2">
         <name>ir_getDistance</name>
         <value>0x305d</value>
         <object_component_ref idref="oc-1b9"/>
      </symbol>
      <symbol id="sm-2f3">
         <name>ir_init</name>
         <value>0x2fcd</value>
         <object_component_ref idref="oc-1b9"/>
      </symbol>
      <symbol id="sm-2f4">
         <name>ADC0SS0_Handler</name>
         <value>0x3065</value>
         <object_component_ref idref="oc-1b9"/>
      </symbol>
      <symbol id="sm-2f5">
         <name>ir_getValue</name>
         <value>0x3035</value>
         <object_component_ref idref="oc-1b9"/>
      </symbol>
      <symbol id="sm-324">
         <name>risingEdge</name>
         <value>0x200022f4</value>
      </symbol>
      <symbol id="sm-325">
         <name>fallingEdge</name>
         <value>0x200022e0</value>
      </symbol>
      <symbol id="sm-326">
         <name>pulseLength</name>
         <value>0x200022ec</value>
      </symbol>
      <symbol id="sm-327">
         <name>isRisingEdge</name>
         <value>0x200022f8</value>
      </symbol>
      <symbol id="sm-328">
         <name>TIMER3B_Handler</name>
         <value>0x2659</value>
         <object_component_ref idref="oc-1b3"/>
      </symbol>
      <symbol id="sm-329">
         <name>ping_init</name>
         <value>0x2569</value>
         <object_component_ref idref="oc-1b3"/>
      </symbol>
      <symbol id="sm-32a">
         <name>ping_getDistance</name>
         <value>0x26ab</value>
         <object_component_ref idref="oc-1b3"/>
      </symbol>
      <symbol id="sm-32b">
         <name>ping_trigger</name>
         <value>0x25ef</value>
         <object_component_ref idref="oc-1b3"/>
      </symbol>
      <symbol id="sm-34d">
         <name>servo_move</name>
         <value>0x2b6d</value>
         <object_component_ref idref="oc-1ad"/>
      </symbol>
      <symbol id="sm-34e">
         <name>servo_init</name>
         <value>0x2add</value>
         <object_component_ref idref="oc-1ad"/>
      </symbol>
      <symbol id="sm-34f">
         <name>servo_stop</name>
         <value>0x2b61</value>
         <object_component_ref idref="oc-1ad"/>
      </symbol>
      <symbol id="sm-350">
         <name>servo_setPWM</name>
         <value>0x2bcd</value>
         <object_component_ref idref="oc-1ad"/>
      </symbol>
      <symbol id="sm-37f">
         <name>vsnprintf</name>
         <value>0x3d81</value>
         <object_component_ref idref="oc-16b"/>
      </symbol>
      <symbol id="sm-396">
         <name>__aeabi_dsub</name>
         <value>0x2925</value>
         <object_component_ref idref="oc-18c"/>
      </symbol>
      <symbol id="sm-397">
         <name>__aeabi_dadd</name>
         <value>0x292f</value>
         <object_component_ref idref="oc-18c"/>
      </symbol>
      <symbol id="sm-3b9">
         <name>__aeabi_cdcmpeq</name>
         <value>0x3749</value>
         <object_component_ref idref="oc-2d9"/>
      </symbol>
      <symbol id="sm-3ba">
         <name>__aeabi_cdcmple</name>
         <value>0x3749</value>
         <object_component_ref idref="oc-2d9"/>
      </symbol>
      <symbol id="sm-3bb">
         <name>__aeabi_cdrcmple</name>
         <value>0x37cf</value>
         <object_component_ref idref="oc-34a"/>
      </symbol>
      <symbol id="sm-3cf">
         <name>__aeabi_ddiv</name>
         <value>0x2d71</value>
         <object_component_ref idref="oc-1e7"/>
      </symbol>
      <symbol id="sm-3da">
         <name>__aeabi_dmul</name>
         <value>0x32f5</value>
         <object_component_ref idref="oc-1e2"/>
      </symbol>
      <symbol id="sm-3e4">
         <name>__aeabi_d2iz</name>
         <value>0x3cf5</value>
         <object_component_ref idref="oc-191"/>
      </symbol>
      <symbol id="sm-3f0">
         <name>__aeabi_d2f</name>
         <value>0x39af</value>
         <object_component_ref idref="oc-1ef"/>
      </symbol>
      <symbol id="sm-3fb">
         <name>__aeabi_f2d</name>
         <value>0x3e39</value>
         <object_component_ref idref="oc-1f4"/>
      </symbol>
      <symbol id="sm-405">
         <name>__aeabi_i2d</name>
         <value>0x3f41</value>
         <object_component_ref idref="oc-187"/>
      </symbol>
      <symbol id="sm-420">
         <name>memcpy</name>
         <value>0x3587</value>
         <object_component_ref idref="oc-3e"/>
      </symbol>
      <symbol id="sm-421">
         <name>__aeabi_memcpy</name>
         <value>0x3587</value>
         <object_component_ref idref="oc-3e"/>
      </symbol>
      <symbol id="sm-422">
         <name>__aeabi_memcpy8</name>
         <value>0x3587</value>
         <object_component_ref idref="oc-3e"/>
      </symbol>
      <symbol id="sm-423">
         <name>__aeabi_memcpy4</name>
         <value>0x3587</value>
         <object_component_ref idref="oc-3e"/>
      </symbol>
      <symbol id="sm-43c">
         <name>__TI_zero_init_nomemset</name>
         <value>0x3f99</value>
         <object_component_ref idref="oc-4a"/>
      </symbol>
      <symbol id="sm-453">
         <name>__TI_decompress_none</name>
         <value>0x40bf</value>
         <object_component_ref idref="oc-1b"/>
      </symbol>
      <symbol id="sm-476">
         <name>__TI_decompress_lzss</name>
         <value>0x3a1d</value>
         <object_component_ref idref="oc-15"/>
      </symbol>
      <symbol id="sm-50b">
         <name>_sys_memory</name>
         <value>0x20001270</value>
         <object_component_ref idref="oc-24"/>
      </symbol>
      <symbol id="sm-50c">
         <name>free</name>
         <value>0x33f1</value>
         <object_component_ref idref="oc-1d2"/>
      </symbol>
      <symbol id="sm-50d">
         <name>memalign</name>
         <value>0x31f5</value>
         <object_component_ref idref="oc-321"/>
      </symbol>
      <symbol id="sm-50e">
         <name>calloc</name>
         <value>0x3e01</value>
         <object_component_ref idref="oc-1cc"/>
      </symbol>
      <symbol id="sm-50f">
         <name>malloc</name>
         <value>0x40ed</value>
         <object_component_ref idref="oc-278"/>
      </symbol>
      <symbol id="sm-510">
         <name>aligned_alloc</name>
         <value>0x31f5</value>
         <object_component_ref idref="oc-321"/>
      </symbol>
      <symbol id="sm-51f">
         <name>strcmp</name>
         <value>0x4037</value>
         <object_component_ref idref="oc-171"/>
      </symbol>
      <symbol id="sm-52d">
         <name>strcpy</name>
         <value>0x4065</value>
         <object_component_ref idref="oc-177"/>
      </symbol>
      <symbol id="sm-540">
         <name>__stack</name>
         <value>0x20000270</value>
         <object_component_ref idref="oc-27"/>
      </symbol>
      <symbol id="sm-541">
         <name>_c_int00_noargs</name>
         <value>0x3edd</value>
         <object_component_ref idref="oc-5c"/>
      </symbol>
      <symbol id="sm-6a6">
         <name>__TI_printfi</name>
         <value>0xe8d</value>
         <object_component_ref idref="oc-22d"/>
      </symbol>
      <symbol id="sm-6b5">
         <name>__aeabi_memset</name>
         <value>0x3857</value>
         <object_component_ref idref="oc-96"/>
      </symbol>
      <symbol id="sm-6b6">
         <name>memset</name>
         <value>0x385d</value>
         <object_component_ref idref="oc-96"/>
      </symbol>
      <symbol id="sm-6b7">
         <name>__aeabi_memset8</name>
         <value>0x3857</value>
         <object_component_ref idref="oc-96"/>
      </symbol>
      <symbol id="sm-6b8">
         <name>__aeabi_memset4</name>
         <value>0x3857</value>
         <object_component_ref idref="oc-96"/>
      </symbol>
      <symbol id="sm-6b9">
         <name>__aeabi_memclr8</name>
         <value>0x3855</value>
         <object_component_ref idref="oc-96"/>
      </symbol>
      <symbol id="sm-6ba">
         <name>__aeabi_memclr4</name>
         <value>0x3855</value>
         <object_component_ref idref="oc-96"/>
      </symbol>
      <symbol id="sm-6bb">
         <name>__aeabi_memclr</name>
         <value>0x3855</value>
         <object_component_ref idref="oc-96"/>
      </symbol>
      <symbol id="sm-6c8">
         <name>__aeabi_uldivmod</name>
         <value>0x3623</value>
         <object_component_ref idref="oc-343"/>
      </symbol>
      <symbol id="sm-6f0">
         <name>__TI_auto_init_nobinit_nopinit</name>
         <value>0x3d3d</value>
         <object_component_ref idref="oc-119"/>
      </symbol>
      <symbol id="sm-6fa">
         <name>_system_pre_init</name>
         <value>0x40f5</value>
         <object_component_ref idref="oc-9c"/>
      </symbol>
      <symbol id="sm-706">
         <name>C$$EXIT</name>
         <value>0x40f9</value>
         <object_component_ref idref="oc-10d"/>
      </symbol>
      <symbol id="sm-707">
         <name>abort</name>
         <value>0x40f9</value>
         <object_component_ref idref="oc-10d"/>
      </symbol>
      <symbol id="sm-71c">
         <name>_nop</name>
         <value>0x18db</value>
         <object_component_ref idref="oc-29a"/>
      </symbol>
      <symbol id="sm-71d">
         <name>_lock</name>
         <value>0x2000231c</value>
         <object_component_ref idref="oc-203"/>
      </symbol>
      <symbol id="sm-71e">
         <name>_unlock</name>
         <value>0x20002320</value>
         <object_component_ref idref="oc-203"/>
      </symbol>
      <symbol id="sm-72d">
         <name>__TI_ltoa</name>
         <value>0x3c03</value>
         <object_component_ref idref="oc-34f"/>
      </symbol>
      <symbol id="sm-744">
         <name>atoi</name>
         <value>0x3ca9</value>
         <object_component_ref idref="oc-2cd"/>
      </symbol>
      <symbol id="sm-74f">
         <name>_ctypes_</name>
         <value>0x40fc</value>
         <object_component_ref idref="oc-33e"/>
      </symbol>
      <symbol id="sm-75f">
         <name>memccpy</name>
         <value>0x3fd1</value>
         <object_component_ref idref="oc-2f6"/>
      </symbol>
      <symbol id="sm-76f">
         <name>strchr</name>
         <value>0x404f</value>
         <object_component_ref idref="oc-37c"/>
      </symbol>
      <symbol id="sm-77d">
         <name>strlen</name>
         <value>0x4079</value>
         <object_component_ref idref="oc-2c7"/>
      </symbol>
      <symbol id="sm-793">
         <name>__aeabi_errno_addr</name>
         <value>0x40e5</value>
         <object_component_ref idref="oc-302"/>
      </symbol>
      <symbol id="sm-794">
         <name>errno</name>
         <value>0x20002338</value>
         <object_component_ref idref="oc-38c"/>
      </symbol>
      <symbol id="sm-7ad">
         <name>wcslen</name>
         <value>0x408d</value>
         <object_component_ref idref="oc-2fc"/>
      </symbol>
      <symbol id="sm-7cd">
         <name>frexpl</name>
         <value>0x3aed</value>
         <object_component_ref idref="oc-370"/>
      </symbol>
      <symbol id="sm-7ce">
         <name>frexp</name>
         <value>0x3aed</value>
         <object_component_ref idref="oc-370"/>
      </symbol>
      <symbol id="sm-7eb">
         <name>scalbn</name>
         <value>0x30e5</value>
         <object_component_ref idref="oc-376"/>
      </symbol>
      <symbol id="sm-7ec">
         <name>scalbnl</name>
         <value>0x30e5</value>
         <object_component_ref idref="oc-376"/>
      </symbol>
      <symbol id="sm-7ed">
         <name>ldexpl</name>
         <value>0x30e5</value>
         <object_component_ref idref="oc-376"/>
      </symbol>
      <symbol id="sm-7ee">
         <name>ldexp</name>
         <value>0x30e5</value>
         <object_component_ref idref="oc-376"/>
      </symbol>
      <symbol id="sm-7f8">
         <name>__aeabi_idiv0</name>
         <value>0x2adb</value>
         <object_component_ref idref="oc-3ad"/>
      </symbol>
      <symbol id="sm-7f9">
         <name>__aeabi_ldiv0</name>
         <value>0x2adb</value>
         <object_component_ref idref="oc-3ad"/>
      </symbol>
      <symbol id="sm-803">
         <name>copysign</name>
         <value>0x3fed</value>
         <object_component_ref idref="oc-3c1"/>
      </symbol>
      <symbol id="sm-804">
         <name>copysignl</name>
         <value>0x3fed</value>
         <object_component_ref idref="oc-3c1"/>
      </symbol>
      <symbol id="sm-833">
         <name>IntRegister</name>
         <value>0x3ea9</value>
         <object_component_ref idref="oc-157"/>
      </symbol>
      <symbol id="sm-834">
         <name>g_pfnRAMVectors</name>
         <value>0x20000000</value>
         <object_component_ref idref="oc-21f"/>
      </symbol>
      <symbol id="sm-835">
         <name>IntMasterEnable</name>
         <value>0x409f</value>
         <object_component_ref idref="oc-196"/>
      </symbol>
      <symbol id="sm-83f">
         <name>CPUcpsie</name>
         <value>0x40cd</value>
         <object_component_ref idref="oc-259"/>
      </symbol>
      <symbol id="sm-840">
         <name>__TI_static_base__</name>
         <value>0x0</value>
      </symbol>
      <symbol id="sm-843">
         <name>__mpu_init</name>
         <value>0x0</value>
      </symbol>
      <symbol id="sm-844">
         <name>_system_post_cinit</name>
         <value>0x0</value>
      </symbol>
   </symbol_table>
   <title>Link successful</title>
</link_info>
